============================= test session starts ==============================
platform darwin -- Python 3.11.16, pytest-9.0.3, pluggy-1.6.0 -- /private/tmp/claude-501/-Users-chrisrobertson-repos-cr-bazaar-agents/a9d3653d-19ef-4321-a8b7-bbd435b4cbc0/scratchpad/felix-validate/venv/bin/python3.11
cachedir: .pytest_cache
rootdir: /private/tmp/claude-501/-Users-chrisrobertson-repos-cr-bazaar-agents/a9d3653d-19ef-4321-a8b7-bbd435b4cbc0/scratchpad/felix-validate
configfile: pytest.ini
testpaths: tests
plugins: asyncio-1.3.0, platformdirs-4.12.0, anyio-4.15.1
asyncio: mode=Mode.AUTO, debug=False, asyncio_default_fixture_loop_scope=None, asyncio_default_test_loop_scope=function
collecting ... collected 1880 items

tests/integration/test_chat_context.py::test_context_includes_index_and_memories PASSED [  0%]
tests/integration/test_chat_context.py::test_index_appears_before_memories PASSED [  0%]
tests/integration/test_chat_context.py::test_relevant_memory_appears_before_irrelevant PASSED [  0%]
tests/integration/test_chat_context.py::test_all_memories_included_within_budget PASSED [  0%]
tests/integration/test_chat_context.py::test_budget_exhaustion_drops_lowest_relevance PASSED [  0%]
tests/integration/test_chat_context.py::test_context_with_no_memories_and_no_index PASSED [  0%]
tests/integration/test_chat_context.py::test_context_with_only_index PASSED [  0%]
tests/integration/test_chat_context.py::test_header_cache_persists_across_queries PASSED [  0%]
tests/integration/test_chat_context.py::test_handle_message_builds_context_and_calls_executor PASSED [  0%]
tests/integration/test_chat_context.py::test_handle_message_chunks_long_response PASSED [  0%]
tests/integration/test_content_assertions.py::test_commitments_reply_includes_title_and_type PASSED [  0%]
tests/integration/test_content_assertions.py::test_commitments_reply_includes_due_unknown_when_no_due_date PASSED [  0%]
tests/integration/test_content_assertions.py::test_commitments_includes_update_hint PASSED [  0%]
tests/integration/test_content_assertions.py::test_commitments_empty_returns_no_active_message PASSED [  0%]
tests/integration/test_content_assertions.py::test_commitments_count_reflects_seeded_items PASSED [  0%]
tests/integration/test_content_assertions.py::test_complete_success_reply_contains_checkmark_and_title PASSED [  0%]
tests/integration/test_content_assertions.py::test_complete_out_of_range_returns_not_found PASSED [  0%]
tests/integration/test_content_assertions.py::test_complete_missing_args_returns_usage PASSED [  0%]
tests/integration/test_content_assertions.py::test_goals_list_includes_header_category_and_title PASSED [  1%]
tests/integration/test_content_assertions.py::test_goals_list_includes_no_due_date_when_unset PASSED [  1%]
tests/integration/test_content_assertions.py::test_goals_empty_returns_no_goals_message PASSED [  1%]
tests/integration/test_content_assertions.py::test_features_list_includes_header_and_status PASSED [  1%]
tests/integration/test_content_assertions.py::test_features_title_appears_in_list PASSED [  1%]
tests/integration/test_content_assertions.py::test_features_empty_returns_no_feature_requests PASSED [  1%]
tests/integration/test_content_assertions.py::test_bugs_list_shows_bug_kind_tag PASSED [  1%]
tests/integration/test_daemon_lifecycle.py::test_all_loops_exit_cleanly_on_stop_event FAILED [  1%]
tests/integration/test_daemon_lifecycle.py::test_lifecycle_covers_all_daemon_scanners PASSED [  1%]
tests/integration/test_e2e_actions.py::test_actions_smoke PASSED         [  1%]
tests/integration/test_e2e_actions.py::test_actions_lists_pending_action PASSED [  1%]
tests/integration/test_e2e_actions.py::test_action_smoke PASSED          [  1%]
tests/integration/test_e2e_actions.py::test_action_detail_contains_rationale PASSED [  1%]
tests/integration/test_e2e_actions.py::test_get_action_tool_returns_detail PASSED [  1%]
tests/integration/test_e2e_actions.py::test_get_action_tool_empty_list PASSED [  1%]
tests/integration/test_e2e_actions.py::test_run_smoke PASSED             [  1%]
tests/integration/test_e2e_actions.py::test_drop_smoke PASSED            [  1%]
tests/integration/test_e2e_actions.py::test_drop_tool_rejects_action PASSED [  1%]
tests/integration/test_e2e_actions.py::test_defer_tool_sets_defer_until PASSED [  1%]
tests/integration/test_e2e_actions.py::test_defer_smoke PASSED           [  2%]
tests/integration/test_e2e_actions.py::test_run_tool_empty_list PASSED   [  2%]
tests/integration/test_e2e_actions.py::test_drop_tool_empty_list PASSED  [  2%]
tests/integration/test_e2e_actions.py::test_defer_tool_empty_list PASSED [  2%]
tests/integration/test_e2e_actions.py::test_defer_tool_invalid_hours PASSED [  2%]
tests/integration/test_e2e_circles.py::test_circles_smoke PASSED         [  2%]
tests/integration/test_e2e_circles.py::test_circle_smoke PASSED          [  2%]
tests/integration/test_e2e_circles.py::test_circle_status_smoke PASSED   [  2%]
tests/integration/test_e2e_circles.py::test_circle_rule_smoke PASSED     [  2%]
tests/integration/test_e2e_circles.py::test_circle_invite_smoke PASSED   [  2%]
tests/integration/test_e2e_commitments.py::test_commitments_smoke PASSED [  2%]
tests/integration/test_e2e_commitments.py::test_complete_smoke PASSED    [  2%]
tests/integration/test_e2e_commitments.py::test_dismiss_smoke PASSED     [  2%]
tests/integration/test_e2e_commitments.py::test_wrong_smoke PASSED       [  2%]
tests/integration/test_e2e_commitments.py::test_missed_smoke PASSED      [  2%]
tests/integration/test_e2e_commitments.py::test_accuracy_smoke PASSED    [  2%]
tests/integration/test_e2e_commitments.py::test_quota_smoke PASSED       [  2%]
tests/integration/test_e2e_commitments.py::test_todos_smoke PASSED       [  2%]
tests/integration/test_e2e_commitments.py::test_todo_smoke PASSED        [  2%]
tests/integration/test_e2e_dedup.py::test_dupes_smoke PASSED             [  3%]
tests/integration/test_e2e_dedup.py::test_merge_smoke PASSED             [  3%]
tests/integration/test_e2e_dedup.py::test_keep_smoke PASSED              [  3%]
tests/integration/test_e2e_features.py::test_feature_smoke PASSED        [  3%]
tests/integration/test_e2e_features.py::test_feature_new_smoke PASSED    [  3%]
tests/integration/test_e2e_features.py::test_bug_smoke PASSED            [  3%]
tests/integration/test_e2e_features.py::test_bugs_smoke PASSED           [  3%]
tests/integration/test_e2e_features.py::test_features_smoke PASSED       [  3%]
tests/integration/test_e2e_features.py::test_feature_detail_smoke PASSED [  3%]
tests/integration/test_e2e_features.py::test_fdetail_smoke PASSED        [  3%]
tests/integration/test_e2e_features.py::test_feature_priority_smoke PASSED [  3%]
tests/integration/test_e2e_features.py::test_feature_plan_smoke PASSED   [  3%]
tests/integration/test_e2e_features.py::test_feature_start_smoke PASSED  [  3%]
tests/integration/test_e2e_features.py::test_feature_done_smoke PASSED   [  3%]
tests/integration/test_e2e_features.py::test_feature_wont_do_smoke PASSED [  3%]
tests/integration/test_e2e_features.py::test_feature_note_smoke PASSED   [  3%]
tests/integration/test_e2e_features.py::test_feature_import_smoke PASSED [  3%]
tests/integration/test_e2e_filter.py::test_skip_smoke PASSED             [  3%]
tests/integration/test_e2e_filter.py::test_unskip_smoke PASSED           [  3%]
tests/integration/test_e2e_filter.py::test_skiplist_smoke PASSED         [  4%]
tests/integration/test_e2e_goals.py::test_addgoal_smoke PASSED           [  4%]
tests/integration/test_e2e_goals.py::test_goals_smoke PASSED             [  4%]
tests/integration/test_e2e_goals.py::test_goal_smoke PASSED              [  4%]
tests/integration/test_e2e_goals.py::test_completegoal_smoke PASSED      [  4%]
tests/integration/test_e2e_goals.py::test_abandongoal_smoke PASSED       [  4%]
tests/integration/test_e2e_goals.py::test_goal_note_smoke PASSED         [  4%]
tests/integration/test_e2e_goals.py::test_goal_due_smoke PASSED          [  4%]
tests/integration/test_e2e_import.py::test_import_chats_smoke PASSED     [  4%]
tests/integration/test_e2e_knowledge.py::test_readings_smoke PASSED      [  4%]
tests/integration/test_e2e_knowledge.py::test_search_smoke PASSED        [  4%]
tests/integration/test_e2e_knowledge.py::test_reading_smoke PASSED       [  4%]
tests/integration/test_e2e_knowledge.py::test_forget_smoke PASSED        [  4%]
tests/integration/test_e2e_knowledge.py::test_people_smoke PASSED        [  4%]
tests/integration/test_e2e_knowledge.py::test_contacts_smoke PASSED      [  4%]
tests/integration/test_e2e_knowledge.py::test_contact_smoke PASSED       [  4%]
tests/integration/test_e2e_knowledge.py::test_code_smoke PASSED          [  4%]
tests/integration/test_e2e_knowledge.py::test_events_smoke PASSED        [  4%]
tests/integration/test_e2e_knowledge.py::test_event_smoke PASSED         [  5%]
tests/integration/test_e2e_knowledge.py::test_meetings_smoke PASSED      [  5%]
tests/integration/test_e2e_knowledge.py::test_meeting_smoke PASSED       [  5%]
tests/integration/test_e2e_knowledge.py::test_comms_smoke PASSED         [  5%]
tests/integration/test_e2e_knowledge.py::test_comm_smoke PASSED          [  5%]
tests/integration/test_e2e_knowledge.py::test_aichat_smoke PASSED        [  5%]
tests/integration/test_e2e_knowledge.py::test_insights_smoke PASSED      [  5%]
tests/integration/test_e2e_knowledge.py::test_notes_smoke PASSED         [  5%]
tests/integration/test_e2e_knowledge.py::test_notes_detail_smoke PASSED  [  5%]
tests/integration/test_e2e_meta_system.py::test_help_smoke PASSED        [  5%]
tests/integration/test_e2e_meta_system.py::test_commands_smoke PASSED    [  5%]
tests/integration/test_e2e_meta_system.py::test_settings_smoke PASSED    [  5%]
tests/integration/test_e2e_meta_system.py::test_reset_smoke PASSED       [  5%]
tests/integration/test_e2e_meta_system.py::test_deliver_smoke PASSED     [  5%]
tests/integration/test_e2e_meta_system.py::test_discard_smoke PASSED     [  5%]
tests/integration/test_e2e_meta_system.py::test_version_smoke PASSED     [  5%]
tests/integration/test_e2e_meta_system.py::test_usage_smoke PASSED       [  5%]
tests/integration/test_e2e_meta_system.py::test_backfill_smoke PASSED    [  5%]
tests/integration/test_e2e_meta_system.py::test_remember_smoke PASSED    [  5%]
tests/integration/test_e2e_meta_system.py::test_deepen_smoke PASSED      [  6%]
tests/integration/test_e2e_meta_system.py::test_note_smoke PASSED        [  6%]
tests/integration/test_e2e_meta_system.py::test_rebuild_cache_smoke PASSED [  6%]
tests/integration/test_e2e_meta_system.py::test_status_smoke PASSED      [  6%]
tests/integration/test_e2e_notifications.py::test_briefing_smoke PASSED  [  6%]
tests/integration/test_e2e_notifications.py::test_mute_smoke PASSED      [  6%]
tests/integration/test_e2e_notifications.py::test_unmute_smoke PASSED    [  6%]
tests/integration/test_e2e_projects.py::test_addproject_smoke PASSED     [  6%]
tests/integration/test_e2e_projects.py::test_projects_smoke PASSED       [  6%]
tests/integration/test_e2e_projects.py::test_project_smoke PASSED        [  6%]
tests/integration/test_e2e_projects.py::test_completeproject_smoke PASSED [  6%]
tests/integration/test_e2e_projects.py::test_abandonproject_smoke PASSED [  6%]
tests/integration/test_e2e_projects.py::test_holdproject_smoke PASSED    [  6%]
tests/integration/test_e2e_projects.py::test_addmilestone_smoke PASSED   [  6%]
tests/integration/test_e2e_projects.py::test_milestone_smoke PASSED      [  6%]
tests/integration/test_e2e_projects.py::test_linkgoal_smoke PASSED       [  6%]
tests/integration/test_e2e_projects.py::test_unlinkgoal_smoke PASSED     [  6%]
tests/integration/test_e2e_projects.py::test_project_note_smoke PASSED   [  6%]
tests/integration/test_e2e_projects.py::test_project_due_smoke PASSED    [  6%]
tests/integration/test_e2e_projects.py::test_changes_smoke PASSED        [  7%]
tests/integration/test_e2e_registry_coverage.py::test_every_registry_command_has_smoke_test PASSED [  7%]
tests/integration/test_e2e_registry_coverage.py::test_aliases_point_at_real_smoke_tests PASSED [  7%]
tests/integration/test_e2e_reports.py::test_reports_smoke PASSED         [  7%]
tests/integration/test_e2e_reports.py::test_report_smoke PASSED          [  7%]
tests/integration/test_e2e_reports.py::test_report_add_smoke PASSED      [  7%]
tests/integration/test_e2e_reports.py::test_report_remove_smoke PASSED   [  7%]
tests/integration/test_e2e_reports.py::test_report_pause_smoke PASSED    [  7%]
tests/integration/test_e2e_reports.py::test_report_resume_smoke PASSED   [  7%]
tests/integration/test_e2e_reports.py::test_report_run_smoke PASSED      [  7%]
tests/integration/test_e2e_review.py::test_pending_smoke PASSED          [  7%]
tests/integration/test_e2e_review.py::test_review_smoke PASSED           [  7%]
tests/integration/test_e2e_review.py::test_confirm_smoke PASSED          [  7%]
tests/integration/test_e2e_review.py::test_reject_smoke PASSED           [  7%]
tests/integration/test_e2e_review.py::test_review_purge_smoke PASSED     [  7%]
tests/integration/test_e2e_review.py::test_edit_smoke PASSED             [  7%]
tests/integration/test_e2e_skills.py::test_skill_drafts_smoke PASSED     [  7%]
tests/integration/test_e2e_skills.py::test_skill_draft_smoke PASSED      [  7%]
tests/integration/test_e2e_skills.py::test_approve_skill_smoke PASSED    [  7%]
tests/integration/test_e2e_skills.py::test_reject_skill_smoke PASSED     [  8%]
tests/integration/test_e2e_skills.py::test_skill_approval_smoke PASSED   [  8%]
tests/integration/test_e2e_skills.py::test_skill_health_smoke PASSED     [  8%]
tests/integration/test_e2e_watchlists.py::test_watch_smoke PASSED        [  8%]
tests/integration/test_e2e_watchlists.py::test_watches_smoke PASSED      [  8%]
tests/integration/test_e2e_watchlists.py::test_unwatch_smoke PASSED      [  8%]
tests/integration/test_frontmatter_contract.py::test_email_thread_has_type_field PASSED [  8%]
tests/integration/test_frontmatter_contract.py::test_email_thread_has_source_title PASSED [  8%]
tests/integration/test_frontmatter_contract.py::test_email_thread_has_participants_list PASSED [  8%]
tests/integration/test_frontmatter_contract.py::test_email_thread_has_date_field PASSED [  8%]
tests/integration/test_frontmatter_contract.py::test_email_thread_has_summary PASSED [  8%]
tests/integration/test_frontmatter_contract.py::test_meeting_transcript_has_type_field PASSED [  8%]
tests/integration/test_frontmatter_contract.py::test_meeting_transcript_has_participants_or_speakers PASSED [  8%]
tests/integration/test_frontmatter_contract.py::test_meeting_transcript_has_meeting_date PASSED [  8%]
tests/integration/test_frontmatter_contract.py::test_email_thread_participants_are_strings_for_contact_tracker PASSED [  8%]
tests/integration/test_frontmatter_contract.py::test_email_thread_contact_tracker_extract_participants_returns_list PASSED [  8%]
tests/integration/test_frontmatter_contract.py::test_meeting_transcript_contact_tracker_extract_participants_returns_list PASSED [  8%]
tests/integration/test_frontmatter_contract.py::test_calendar_event_contact_tracker_extract_participants_returns_list PASSED [  8%]
tests/integration/test_frontmatter_contract.py::test_calendar_event_has_start_time_field PASSED [  8%]
tests/integration/test_frontmatter_contract.py::test_calendar_event_has_end_time_field PASSED [  9%]
tests/integration/test_frontmatter_contract.py::test_calendar_event_has_source_title PASSED [  9%]
tests/integration/test_frontmatter_contract.py::test_calendar_event_start_time_is_parseable_as_iso PASSED [  9%]
tests/integration/test_frontmatter_contract.py::test_commitment_has_required_fields_for_notification_manager PASSED [  9%]
tests/integration/test_frontmatter_contract.py::test_commitment_owner_and_due_date_are_accessible PASSED [  9%]
tests/integration/test_frontmatter_contract.py::test_commitment_notification_safe_frontmatter_roundtrip PASSED [  9%]
tests/integration/test_pipeline.py::test_executor_to_memory_file PASSED  [  9%]
tests/integration/test_pipeline.py::test_execution_logged_to_skill_file PASSED [  9%]
tests/integration/test_pipeline.py::test_watcher_seen_urls_prevents_duplicate_processing PASSED [  9%]
tests/integration/test_pipeline.py::test_process_url_adds_to_seen_set PASSED [  9%]
tests/integration/test_pipeline.py::test_process_url_skips_short_content PASSED [  9%]
tests/integration/test_pipeline.py::test_watcher_role_logs_to_jsonl_not_skill_file PASSED [  9%]
tests/integration/test_pipeline.py::test_skip_command_persists_and_watcher_ignores_domain PASSED [  9%]
tests/integration/test_pipeline.py::test_purge_command_removes_correct_memories PASSED [  9%]
tests/integration/test_pipeline.py::test_scanner_writes_memory_for_git_repo PASSED [  9%]
tests/integration/test_pipeline.py::test_scanner_skips_write_when_no_changes PASSED [  9%]
tests/integration/test_pipeline.py::test_email_scanner_writes_memory_for_thread PASSED [  9%]
tests/integration/test_pipeline.py::test_email_scanner_skips_write_when_no_new_messages PASSED [  9%]
tests/integration/test_pipeline.py::test_purgeall_command_clears_all_skip_domain_memories PASSED [ 10%]
tests/integration/test_pipeline.py::test_memories_list_search_view_delete_flow PASSED [ 10%]
tests/integration/test_pipeline.py::test_zoom_scanner_writes_memory_for_meeting PASSED [ 10%]
tests/integration/test_pipeline.py::test_zoom_scanner_skips_processed_uuid PASSED [ 10%]
tests/integration/test_pipeline.py::test_commitment_tracker_extracts_from_meeting_memory PASSED [ 10%]
tests/integration/test_pipeline.py::test_commitment_commands_complete_and_dismiss_flow PASSED [ 10%]
tests/integration/test_pipeline.py::test_optimizer_scores_pending_rows PASSED [ 10%]
tests/integration/test_pipeline.py::test_optimizer_rewrites_underperforming_skill PASSED [ 10%]
tests/integration/test_pipeline.py::test_optimizer_backup_created PASSED [ 10%]
tests/integration/test_pipeline.py::test_optimizer_rollback_on_regression PASSED [ 10%]
tests/integration/test_pipeline.py::test_watcher_log_merged_before_scoring PASSED [ 10%]
tests/integration/test_pipeline.py::test_slack_scanner_writes_memory_for_thread PASSED [ 10%]
tests/integration/test_pipeline.py::test_calendar_scanner_writes_memory_for_event PASSED [ 10%]
tests/integration/test_telegram_adapter_handler_wiring.py::test_adapter_bot_matches_handler_app_bot PASSED [ 10%]
tests/integration/test_telegram_adapter_handler_wiring.py::test_adapter_bot_returns_none_when_handler_has_no_app PASSED [ 10%]
tests/unit/test_apply_skill_provider.py::test_gemini_provider_sets_gemini_model PASSED [ 10%]
tests/unit/test_apply_skill_provider.py::test_claude_provider_sets_haiku_model PASSED [ 10%]
tests/unit/test_apply_skill_provider.py::test_both_provider_keeps_both_fields PASSED [ 10%]
tests/unit/test_apply_skill_provider.py::test_sonnet_skill_preserved_on_claude PASSED [ 10%]
tests/unit/test_apply_skill_provider.py::test_sonnet_skill_gets_claude_fallback_on_both PASSED [ 11%]
tests/unit/test_apply_skill_provider.py::test_sonnet_skill_replaced_by_gemini_on_gemini_provider PASSED [ 11%]
tests/unit/test_apply_skill_provider.py::test_preserves_execution_history PASSED [ 11%]
tests/unit/test_apply_skill_provider.py::test_idempotent PASSED          [ 11%]
tests/unit/test_apply_skill_provider.py::test_gemini_skill_on_gemini_provider_is_noop PASSED [ 11%]
tests/unit/test_apply_skill_provider.py::test_openai_provider_haiku_skill_maps_to_mini PASSED [ 11%]
tests/unit/test_apply_skill_provider.py::test_openai_provider_sonnet_skill_maps_to_gpt4o PASSED [ 11%]
tests/unit/test_apply_skill_provider.py::test_openai_provider_preserves_execution_history PASSED [ 11%]
tests/unit/test_apply_skill_provider.py::test_openai_mini_skill_idempotent_on_openai_provider PASSED [ 11%]
tests/unit/test_apply_skill_provider.py::test_openai_quality_skill_idempotent_on_openai_provider PASSED [ 11%]
tests/unit/test_apply_skill_provider.py::test_cross_provider_round_trip_openai_to_claude PASSED [ 11%]
tests/unit/test_apply_skill_provider.py::test_invalid_provider_exits PASSED [ 11%]
tests/unit/test_browser_watcher.py::test_accepts_new_http_url PASSED     [ 11%]
tests/unit/test_browser_watcher.py::test_rejects_seen_url PASSED         [ 11%]
tests/unit/test_browser_watcher.py::test_rejects_non_http_scheme PASSED  [ 11%]
tests/unit/test_browser_watcher.py::test_rejects_skip_domain PASSED      [ 11%]
tests/unit/test_browser_watcher.py::test_skip_domain_is_substring_match PASSED [ 11%]
tests/unit/test_browser_watcher.py::test_allows_url_not_in_skip_list PASSED [ 11%]
tests/unit/test_browser_watcher.py::test_allows_when_skip_domains_empty PASSED [ 11%]
tests/unit/test_browser_watcher.py::test_rejects_url_with_different_tracking_params_when_canonical_seen PASSED [ 12%]
tests/unit/test_browser_watcher.py::test_two_tracking_variants_are_deduplicated PASSED [ 12%]
tests/unit/test_browser_watcher.py::test_load_seen_urls_canonicalizes_existing_entries PASSED [ 12%]
tests/unit/test_browser_watcher.py::test_chrome_epoch_is_large_positive_int PASSED [ 12%]
tests/unit/test_browser_watcher.py::test_chrome_cutoff_increases_with_time PASSED [ 12%]
tests/unit/test_browser_watcher.py::test_fetch_recent_urls_reads_chrome PASSED [ 12%]
tests/unit/test_browser_watcher.py::test_fetch_recent_urls_excludes_old_entries PASSED [ 12%]
tests/unit/test_browser_watcher.py::test_fetch_recent_urls_excludes_hidden PASSED [ 12%]
tests/unit/test_browser_watcher.py::test_fetch_recent_urls_chrome_missing_returns_empty PASSED [ 12%]
tests/unit/test_browser_watcher.py::test_fetch_recent_urls_chrome_error_continues PASSED [ 12%]
tests/unit/test_browser_watcher.py::test_fetch_content_strips_noise_tags PASSED [ 12%]
tests/unit/test_browser_watcher.py::test_fetch_content_truncates_to_8000_chars PASSED [ 12%]
tests/unit/test_browser_watcher.py::test_fetch_content_returns_none_on_connection_error PASSED [ 12%]
tests/unit/test_browser_watcher.py::test_fetch_content_returns_none_on_non_200 PASSED [ 12%]
tests/unit/test_browser_watcher.py::test_save_seen_urls_persists_to_file PASSED [ 12%]
tests/unit/test_browser_watcher.py::test_load_seen_urls_reads_existing_file PASSED [ 12%]
tests/unit/test_browser_watcher.py::test_load_seen_urls_returns_empty_set_when_file_missing PASSED [ 12%]
tests/unit/test_browser_watcher.py::test_backfill_reprocesses_urls_in_window PASSED [ 12%]
tests/unit/test_browser_watcher.py::test_backfill_respects_max_days_cap PASSED [ 12%]
tests/unit/test_browser_watcher.py::test_copy_db_uses_unpredictable_temp_path PASSED [ 13%]
tests/unit/test_browser_watcher.py::test_fetch_recent_urls_cleans_up_temp_files PASSED [ 13%]
tests/unit/test_browser_watcher.py::test_seen_urls_loads_only_last_N PASSED [ 13%]
tests/unit/test_browser_watcher.py::test_seen_urls_evicts_oldest_on_save PASSED [ 13%]
tests/unit/test_browser_watcher.py::test_seen_urls_membership_works_with_dict PASSED [ 13%]
tests/unit/test_calendar_scanner.py::test_convert_core_data_timestamp PASSED [ 13%]
tests/unit/test_calendar_scanner.py::test_convert_core_data_timestamp_zero PASSED [ 13%]
tests/unit/test_calendar_scanner.py::test_convert_core_data_timestamp_recent PASSED [ 13%]
tests/unit/test_calendar_scanner.py::test_datetime_to_cd_roundtrip PASSED [ 13%]
tests/unit/test_calendar_scanner.py::test_find_calendar_cache_primary_path PASSED [ 13%]
tests/unit/test_calendar_scanner.py::test_find_calendar_cache_group_container_path PASSED [ 13%]
tests/unit/test_calendar_scanner.py::test_find_calendar_cache_missing_returns_none PASSED [ 13%]
tests/unit/test_calendar_scanner.py::test_find_db_path_prefers_calendar_sqlitedb PASSED [ 13%]
tests/unit/test_calendar_scanner.py::test_sqlite_source_falls_back_when_table_missing PASSED [ 13%]
tests/unit/test_calendar_scanner.py::test_sqlite_source_created_when_legacy_schema_present PASSED [ 13%]
tests/unit/test_calendar_scanner.py::test_events_within_window_included PASSED [ 13%]
tests/unit/test_calendar_scanner.py::test_events_outside_window_excluded PASSED [ 13%]
tests/unit/test_calendar_scanner.py::test_declined_events_excluded PASSED [ 13%]
tests/unit/test_calendar_scanner.py::test_all_day_event_detection PASSED [ 13%]
tests/unit/test_calendar_scanner.py::test_recurring_event_flag PASSED    [ 14%]
tests/unit/test_calendar_scanner.py::test_attendee_extraction PASSED     [ 14%]
tests/unit/test_calendar_scanner.py::test_skip_calendars_filtered PASSED [ 14%]
tests/unit/test_calendar_scanner.py::test_null_modified_date_stable PASSED [ 14%]
tests/unit/test_calendar_scanner.py::test_change_detection_same_modified PASSED [ 14%]
tests/unit/test_calendar_scanner.py::test_change_detection_updated_event PASSED [ 14%]
tests/unit/test_calendar_scanner.py::test_new_event_written PASSED       [ 14%]
tests/unit/test_calendar_scanner.py::test_filename_format PASSED         [ 14%]
tests/unit/test_calendar_scanner.py::test_slugify_special_chars PASSED   [ 14%]
tests/unit/test_calendar_scanner.py::test_write_memory_atomic PASSED     [ 14%]
tests/unit/test_calendar_scanner.py::test_write_memory_type PASSED       [ 14%]
tests/unit/test_calendar_scanner.py::test_write_memory_field_order PASSED [ 14%]
tests/unit/test_calendar_scanner.py::test_source_url_scheme PASSED       [ 14%]
tests/unit/test_calendar_scanner.py::test_rate_limit_50_per_cycle PASSED [ 14%]
tests/unit/test_calendar_scanner.py::test_state_file_created_on_first_run PASSED [ 14%]
tests/unit/test_calendar_scanner.py::test_state_file_persists_across_scans PASSED [ 14%]
tests/unit/test_calendar_scanner.py::test_state_file_pruned_at_5000 PASSED [ 14%]
tests/unit/test_calendar_scanner.py::test_applescript_fallback_triggered PASSED [ 14%]
tests/unit/test_calendar_scanner.py::test_applescript_output_parsed PASSED [ 15%]
tests/unit/test_calendar_scanner.py::test_applescript_timeout_kills_process PASSED [ 15%]
tests/unit/test_calendar_scanner.py::test_backfill_clears_processed_map_and_widens_window PASSED [ 15%]
tests/unit/test_calendar_scanner.py::test_write_memory_hostname_in_frontmatter PASSED [ 15%]
tests/unit/test_calendar_scanner.py::test_memory_path_hostname_scoped PASSED [ 15%]
tests/unit/test_calendar_scanner.py::test_migrate_calendar_filenames_renames_legacy_files PASSED [ 15%]
tests/unit/test_calendar_scanner.py::test_migrate_calendar_filenames_updates_state PASSED [ 15%]
tests/unit/test_calendar_scanner.py::test_migrate_calendar_filenames_skips_other_host_files PASSED [ 15%]
tests/unit/test_calendar_scanner.py::test_migrate_calendar_filenames_idempotent PASSED [ 15%]
tests/unit/test_calendar_scanner.py::test_cleanup_collapses_stacked_hostname_to_canonical PASSED [ 15%]
tests/unit/test_calendar_scanner.py::test_cleanup_handles_overlong_stacked_filename PASSED [ 15%]
tests/unit/test_calendar_scanner.py::test_cleanup_stamps_missing_hostname_in_frontmatter PASSED [ 15%]
tests/unit/test_calendar_scanner.py::test_cleanup_deletes_stacked_duplicate_when_canonical_exists PASSED [ 15%]
tests/unit/test_calendar_scanner.py::test_cleanup_respects_foreign_host_frontmatter PASSED [ 15%]
tests/unit/test_calendar_scanner.py::test_cleanup_sentinel_makes_migration_idempotent PASSED [ 15%]
tests/unit/test_calendar_scanner.py::test_cleanup_remaps_state_keys_to_canonical PASSED [ 15%]
tests/unit/test_calendar_scanner.py::test_cleanup_skips_file_without_date_pattern PASSED [ 15%]
tests/unit/test_calendar_scanner.py::test_eventkit_rejects_writeonly_status PASSED [ 15%]
tests/unit/test_calendar_scanner.py::test_eventkit_accepts_fullaccess_status PASSED [ 15%]
tests/unit/test_calendar_scanner.py::test_eventkit_accepts_legacy_authorized_status PASSED [ 16%]
tests/unit/test_calendar_scanner.py::test_eventkit_logs_warning_on_zero_events PASSED [ 16%]
tests/unit/test_calendar_scanner.py::test_production_state_file_never_written_during_tests PASSED [ 16%]
tests/unit/test_calendar_scanner.py::test_production_memories_dir_never_touched_during_tests PASSED [ 16%]
tests/unit/test_calendar_scanner.py::test_load_state_prunes_stacked_hostname_keys PASSED [ 16%]
tests/unit/test_chat_handler.py::test_score_exact_keyword_match PASSED   [ 16%]
tests/unit/test_chat_handler.py::test_score_zero_when_no_match PASSED    [ 16%]
tests/unit/test_chat_handler.py::test_score_ignores_tokens_under_3_chars PASSED [ 16%]
tests/unit/test_chat_handler.py::test_score_is_case_insensitive PASSED   [ 16%]
tests/unit/test_chat_handler.py::test_header_cached_after_first_read PASSED [ 16%]
tests/unit/test_chat_handler.py::test_header_cache_invalidated_when_mtime_changes PASSED [ 16%]
tests/unit/test_chat_handler.py::test_header_cache_reused_when_mtime_unchanged PASSED [ 16%]
tests/unit/test_chat_handler.py::test_context_prepends_index_when_present PASSED [ 16%]
tests/unit/test_chat_handler.py::test_context_includes_all_memories PASSED [ 16%]
tests/unit/test_chat_handler.py::test_context_sorts_by_relevance PASSED  [ 16%]
tests/unit/test_chat_handler.py::test_context_respects_char_budget PASSED [ 16%]
tests/unit/test_chat_handler.py::test_context_empty_when_no_memories_and_no_index PASSED [ 16%]
tests/unit/test_chat_handler.py::test_context_index_only_when_no_memories PASSED [ 16%]
tests/unit/test_chat_handler.py::test_send_reply_single_short_message PASSED [ 16%]
tests/unit/test_chat_handler.py::test_send_reply_chunks_at_4096 PASSED   [ 17%]
tests/unit/test_chat_handler.py::test_send_reply_exact_chunk_boundary PASSED [ 17%]
tests/unit/test_chat_handler.py::test_send_reply_empty_text_sends_fallback PASSED [ 17%]
tests/unit/test_chat_handler.py::test_send_reply_none_sends_fallback PASSED [ 17%]
tests/unit/test_chat_handler.py::test_handle_message_ignores_unauthorised_user PASSED [ 17%]
tests/unit/test_chat_handler.py::test_handle_message_processes_authorised_user PASSED [ 17%]
tests/unit/test_chat_handler.py::test_handle_message_reacts_with_eyes_on_receipt PASSED [ 17%]
tests/unit/test_chat_handler.py::test_handle_message_reacts_with_check_on_success PASSED [ 17%]
tests/unit/test_chat_handler.py::test_handle_message_reacts_with_x_on_error PASSED [ 17%]
tests/unit/test_chat_handler.py::test_handle_message_reaction_failure_does_not_crash PASSED [ 17%]
tests/unit/test_chat_handler.py::test_handle_message_timeout_sends_error_and_reacts PASSED [ 17%]
tests/unit/test_chat_handler.py::test_handle_message_timeout_after_mutation_warns_user PASSED [ 17%]
tests/unit/test_chat_handler.py::test_handle_message_timeout_during_inflight_mutation_warns_user PASSED [ 17%]
tests/unit/test_chat_handler.py::test_handle_message_timeout_after_failed_mutation_uses_generic_message PASSED [ 17%]
tests/unit/test_chat_handler.py::test_handle_message_appends_to_history PASSED [ 17%]
tests/unit/test_chat_handler.py::test_handle_message_passes_history_to_executor PASSED [ 17%]
tests/unit/test_chat_handler.py::test_chat_history_window_truncates_to_window_turns PASSED [ 17%]
tests/unit/test_chat_handler.py::test_trim_history_tokens_drops_oldest_pairs PASSED [ 17%]
tests/unit/test_chat_handler.py::test_trim_history_tokens_keeps_last_pair_even_if_oversized PASSED [ 17%]
tests/unit/test_chat_handler.py::test_trim_history_tokens_handles_leading_assistant_notification PASSED [ 18%]
tests/unit/test_chat_handler.py::test_trim_history_tokens_assistant_only_returns_empty PASSED [ 18%]
tests/unit/test_chat_handler.py::test_trim_history_tokens_budget_then_strip_leading_assistant PASSED [ 18%]
tests/unit/test_chat_handler.py::test_chat_history_isolated_per_chat_id PASSED [ 18%]
tests/unit/test_chat_handler.py::test_reset_command_clears_history PASSED [ 18%]
tests/unit/test_chat_handler.py::test_edit_skip_domains_add PASSED       [ 18%]
tests/unit/test_chat_handler.py::test_edit_skip_domains_add_already_present PASSED [ 18%]
tests/unit/test_chat_handler.py::test_edit_skip_domains_remove PASSED    [ 18%]
tests/unit/test_chat_handler.py::test_edit_skip_domains_remove_not_present PASSED [ 18%]
tests/unit/test_chat_handler.py::test_edit_skip_domains_writes_atomically PASSED [ 18%]
tests/unit/test_chat_handler.py::test_purge_domain_deletes_matching_memories PASSED [ 18%]
tests/unit/test_chat_handler.py::test_purge_domain_no_matches PASSED     [ 18%]
tests/unit/test_chat_handler.py::test_purge_domain_skips_files_without_source_url PASSED [ 18%]
tests/unit/test_chat_handler.py::test_purge_domain_skips_files_without_frontmatter PASSED [ 18%]
tests/unit/test_chat_handler.py::test_purge_domain_deletes_multiple_matches PASSED [ 18%]
tests/unit/test_chat_handler.py::test_cmd_skip_adds_domain PASSED        [ 18%]
tests/unit/test_chat_handler.py::test_cmd_skip_already_present PASSED    [ 18%]
tests/unit/test_chat_handler.py::test_cmd_skip_no_args PASSED            [ 18%]
tests/unit/test_chat_handler.py::test_cmd_skip_rejects_unauthorised PASSED [ 18%]
tests/unit/test_chat_handler.py::test_cmd_unskip_removes_domain PASSED   [ 19%]
tests/unit/test_chat_handler.py::test_cmd_unskip_not_present PASSED      [ 19%]
tests/unit/test_chat_handler.py::test_cmd_unskip_rejects_unauthorised PASSED [ 19%]
tests/unit/test_chat_handler.py::test_cmd_skiplist_shows_domains PASSED  [ 19%]
tests/unit/test_chat_handler.py::test_cmd_skiplist_empty PASSED          [ 19%]
tests/unit/test_chat_handler.py::test_cmd_skiplist_rejects_unauthorised PASSED [ 19%]
tests/unit/test_chat_handler.py::test_forget_numeric_with_active_list PASSED [ 19%]
tests/unit/test_chat_handler.py::test_forget_numeric_no_list PASSED      [ 19%]
tests/unit/test_chat_handler.py::test_forget_domain PASSED               [ 19%]
tests/unit/test_chat_handler.py::test_forget_domain_no_matches PASSED    [ 19%]
tests/unit/test_chat_handler.py::test_forget_no_args PASSED              [ 19%]
tests/unit/test_chat_handler.py::test_forget_single_index PASSED         [ 19%]
tests/unit/test_chat_handler.py::test_forget_multiple_indices_unlinks_all PASSED [ 19%]
tests/unit/test_chat_handler.py::test_forget_multiple_indices_handles_missing_file_gracefully PASSED [ 19%]
tests/unit/test_chat_handler.py::test_forget_multiple_indices_no_offbyone_after_mutation PASSED [ 19%]
tests/unit/test_chat_handler.py::test_cmd_readings_lists_recent PASSED   [ 19%]
tests/unit/test_chat_handler.py::test_cmd_readings_custom_count PASSED   [ 19%]
tests/unit/test_chat_handler.py::test_cmd_readings_empty PASSED          [ 19%]
tests/unit/test_chat_handler.py::test_cmd_readings_rejects_unauthorised PASSED [ 20%]
tests/unit/test_chat_handler.py::test_cmd_search_returns_matches PASSED  [ 20%]
tests/unit/test_chat_handler.py::test_cmd_search_no_matches PASSED       [ 20%]
tests/unit/test_chat_handler.py::test_cmd_search_no_args PASSED          [ 20%]
tests/unit/test_chat_handler.py::test_cmd_search_rejects_unauthorised PASSED [ 20%]
tests/unit/test_chat_handler.py::test_cmd_search_grouped_by_type PASSED  [ 20%]
tests/unit/test_chat_handler.py::test_cmd_search_grouped_omits_empty_groups PASSED [ 20%]
tests/unit/test_chat_handler.py::test_cmd_search_grouped_overflow_hint PASSED [ 20%]
tests/unit/test_chat_handler.py::test_cmd_search_type_filter_email PASSED [ 20%]
tests/unit/test_chat_handler.py::test_cmd_search_type_filter_no_query PASSED [ 20%]
tests/unit/test_chat_handler.py::test_cmd_search_type_filter_no_matches PASSED [ 20%]
tests/unit/test_chat_handler.py::test_cmd_search_memory_N_resolves_across_groups PASSED [ 20%]
tests/unit/test_chat_handler.py::test_cmd_reading_shows_details PASSED   [ 20%]
tests/unit/test_chat_handler.py::test_cmd_reading_invalid_index PASSED   [ 20%]
tests/unit/test_chat_handler.py::test_cmd_reading_no_results PASSED      [ 20%]
tests/unit/test_chat_handler.py::test_cmd_reading_rejects_unauthorised PASSED [ 20%]
tests/unit/test_chat_handler.py::test_cmd_help_renders_all_groups PASSED [ 20%]
tests/unit/test_chat_handler.py::test_cmd_help_all_registry_commands_listed PASSED [ 20%]
tests/unit/test_chat_handler.py::test_cmd_help_rejects_unauthorised PASSED [ 20%]
tests/unit/test_chat_handler.py::test_registry_completeness PASSED       [ 21%]
tests/unit/test_chat_handler.py::test_cmd_code_lists_all PASSED          [ 21%]
tests/unit/test_chat_handler.py::test_cmd_code_filter_by_category PASSED [ 21%]
tests/unit/test_chat_handler.py::test_cmd_code_default_n_10 PASSED       [ 21%]
tests/unit/test_chat_handler.py::test_cmd_code_n_clamped PASSED          [ 21%]
tests/unit/test_chat_handler.py::test_cmd_code_detail_view PASSED        [ 21%]
tests/unit/test_chat_handler.py::test_cmd_code_invalid_index PASSED      [ 21%]
tests/unit/test_chat_handler.py::test_cmd_code_groups_by_base_name PASSED [ 21%]
tests/unit/test_chat_handler.py::test_cmd_code_single_host_always_shown PASSED [ 21%]
tests/unit/test_chat_handler.py::test_cmd_code_legacy_no_hostname_omitted PASSED [ 21%]
tests/unit/test_chat_handler.py::test_cmd_events_lists_recent PASSED     [ 21%]
tests/unit/test_chat_handler.py::test_cmd_events_default_n_10 PASSED     [ 21%]
tests/unit/test_chat_handler.py::test_cmd_events_n_clamped PASSED        [ 21%]
tests/unit/test_chat_handler.py::test_cmd_events_sets_last_event_set PASSED [ 21%]
tests/unit/test_chat_handler.py::test_cmd_event_detail_view PASSED       [ 21%]
tests/unit/test_chat_handler.py::test_cmd_event_invalid_index PASSED     [ 21%]
tests/unit/test_chat_handler.py::test_events_filter_matches_calendar_name PASSED [ 21%]
tests/unit/test_chat_handler.py::test_events_filter_case_insensitive PASSED [ 21%]
tests/unit/test_chat_handler.py::test_events_filter_empty_result_shows_available_calendars PASSED [ 21%]
tests/unit/test_chat_handler.py::test_events_filter_and_limit_both_applied PASSED [ 22%]
tests/unit/test_chat_handler.py::test_event_detail_reads_calendar_names_list PASSED [ 22%]
tests/unit/test_chat_handler.py::test_cmd_meetings_lists_recent PASSED   [ 22%]
tests/unit/test_chat_handler.py::test_cmd_meetings_default_n_10 PASSED   [ 22%]
tests/unit/test_chat_handler.py::test_cmd_meetings_sets_last_meeting_set PASSED [ 22%]
tests/unit/test_chat_handler.py::test_cmd_meeting_detail_view PASSED     [ 22%]
tests/unit/test_chat_handler.py::test_cmd_meeting_invalid_index PASSED   [ 22%]
tests/unit/test_chat_handler.py::test_cmd_comms_mixed_results PASSED     [ 22%]
tests/unit/test_chat_handler.py::test_cmd_comms_email_filter PASSED      [ 22%]
tests/unit/test_chat_handler.py::test_cmd_comms_slack_filter PASSED      [ 22%]
tests/unit/test_chat_handler.py::test_cmd_comms_n_arg_no_filter PASSED   [ 22%]
tests/unit/test_chat_handler.py::test_cmd_comms_n_clamped PASSED         [ 22%]
tests/unit/test_chat_handler.py::test_cmd_comms_source_tag_in_reply PASSED [ 22%]
tests/unit/test_chat_handler.py::test_cmd_comms_sets_last_comms_set PASSED [ 22%]
tests/unit/test_chat_handler.py::test_cmd_comm_email_detail PASSED       [ 22%]
tests/unit/test_chat_handler.py::test_cmd_comm_slack_detail PASSED       [ 22%]
tests/unit/test_chat_handler.py::test_cmd_comm_invalid_index PASSED      [ 22%]
tests/unit/test_chat_handler.py::test_cmd_people_is_alias_for_contacts PASSED [ 22%]
tests/unit/test_chat_handler.py::test_migrate_legacy_code_project PASSED [ 22%]
tests/unit/test_chat_handler.py::test_migrate_idempotent PASSED          [ 23%]
tests/unit/test_chat_handler.py::test_bug_creates_memory_file PASSED     [ 23%]
tests/unit/test_chat_handler.py::test_features_kind_filter_bug PASSED    [ 23%]
tests/unit/test_chat_handler.py::test_features_kind_filter_feature PASSED [ 23%]
tests/unit/test_chat_handler.py::test_bugs_alias_lists_bugs_only PASSED  [ 23%]
tests/unit/test_chat_handler.py::test_bugs_list_includes_short_id PASSED [ 23%]
tests/unit/test_chat_handler.py::test_features_list_includes_short_id PASSED [ 23%]
tests/unit/test_chat_handler.py::test_github_fallback_when_pat_missing PASSED [ 23%]
tests/unit/test_chat_handler.py::test_github_enabled_create_feature PASSED [ 23%]
tests/unit/test_chat_handler.py::test_github_enabled_create_bug PASSED   [ 23%]
tests/unit/test_chat_handler.py::test_github_feature_plan_sets_status PASSED [ 23%]
tests/unit/test_chat_handler.py::test_github_feature_done_closes_issue PASSED [ 23%]
tests/unit/test_chat_handler.py::test_github_feature_note_adds_comment PASSED [ 23%]
tests/unit/test_chat_handler.py::test_github_hashtag_ref_bypasses_list PASSED [ 23%]
tests/unit/test_chat_handler.py::test_github_features_list_calls_list_issues PASSED [ 23%]
tests/unit/test_chat_handler.py::test_feature_import_preview PASSED      [ 23%]
tests/unit/test_chat_handler.py::test_feature_import_confirm_creates_and_retains_locally PASSED [ 23%]
tests/unit/test_chat_handler.py::test_feature_import_refuses_when_gh_disabled PASSED [ 23%]
tests/unit/test_chat_handler.py::test_features_index_snapshot_written_on_create PASSED [ 23%]
tests/unit/test_chat_handler.py::test_feature_for_project_stored_in_frontmatter PASSED [ 24%]
tests/unit/test_chat_handler.py::test_bug_for_project_stored_in_frontmatter PASSED [ 24%]
tests/unit/test_chat_handler.py::test_feature_no_project_omits_field PASSED [ 24%]
tests/unit/test_chat_handler.py::test_features_project_filter_local PASSED [ 24%]
tests/unit/test_chat_handler.py::test_features_project_filter_combined_with_kind PASSED [ 24%]
tests/unit/test_chat_handler.py::test_feature_github_with_project_adds_label PASSED [ 24%]
tests/unit/test_chat_handler.py::test_features_shows_project_tag_when_mixed PASSED [ 24%]
tests/unit/test_chat_handler.py::test_backfill_rejects_unknown_type PASSED [ 24%]
tests/unit/test_chat_handler.py::test_backfill_rejects_mismatched_hostname PASSED [ 24%]
tests/unit/test_chat_handler.py::test_backfill_uses_default_days_when_omitted PASSED [ 24%]
tests/unit/test_chat_handler.py::test_backfill_calls_scanner_backfill_with_parsed_days PASSED [ 24%]
tests/unit/test_chat_handler.py::test_backfill_reply_formats_result_dict PASSED [ 24%]
tests/unit/test_chat_handler.py::test_error_handler_registered PASSED    [ 24%]
tests/unit/test_chat_handler.py::test_comms_email_hides_marketing_by_default PASSED [ 24%]
tests/unit/test_chat_handler.py::test_comms_email_all_shows_marketing PASSED [ 24%]
tests/unit/test_chat_handler.py::test_comms_email_missing_classification_treated_as_human PASSED [ 24%]
tests/unit/test_chat_handler.py::test_cmd_remember_happy_path PASSED     [ 24%]
tests/unit/test_chat_handler.py::test_cmd_remember_bad_url PASSED        [ 24%]
tests/unit/test_chat_handler.py::test_cmd_remember_no_args PASSED        [ 25%]
tests/unit/test_chat_handler.py::test_cmd_remember_fetch_failure PASSED  [ 25%]
tests/unit/test_chat_handler.py::test_cmd_remember_skill_failure PASSED  [ 25%]
tests/unit/test_chat_handler.py::test_cmd_remember_deep_uses_detailed_skill PASSED [ 25%]
tests/unit/test_chat_handler.py::test_cmd_remember_quick_uses_quick_skill PASSED [ 25%]
tests/unit/test_chat_handler.py::test_cmd_remember_numeric_depth_aliases PASSED [ 25%]
tests/unit/test_chat_handler.py::test_cmd_remember_deep_passes_depth_to_writer PASSED [ 25%]
tests/unit/test_chat_handler.py::test_cmd_remember_quick_passes_depth_to_writer PASSED [ 25%]
tests/unit/test_chat_handler.py::test_cmd_remember_invalid_depth_falls_back_to_standard PASSED [ 25%]
tests/unit/test_chat_handler.py::test_cmd_note_uses_detailed_skill PASSED [ 25%]
tests/unit/test_chat_handler.py::test_cmd_note_writes_content_type_detailed PASSED [ 25%]
tests/unit/test_chat_handler.py::test_cmd_note_bad_url PASSED            [ 25%]
tests/unit/test_chat_handler.py::test_cmd_note_fetch_failure PASSED      [ 25%]
tests/unit/test_chat_handler.py::test_cmd_note_happy_path_replies_with_saved PASSED [ 25%]
tests/unit/test_chat_handler.py::test_send_reply_retries_on_timeout PASSED [ 25%]
tests/unit/test_chat_handler.py::test_send_reply_gives_up_after_three_timeouts PASSED [ 25%]
tests/unit/test_chat_handler.py::test_handle_message_cascade_broken_on_timeout PASSED [ 25%]
tests/unit/test_chat_handler.py::test_safe_read_text_returns_none_on_oserror PASSED [ 25%]
tests/unit/test_chat_handler.py::test_send_reply_returns_true_on_success PASSED [ 25%]
tests/unit/test_chat_handler.py::test_send_reply_returns_false_on_exhausted_retries PASSED [ 26%]
tests/unit/test_chat_handler.py::test_handle_message_does_not_append_history_on_send_failure PASSED [ 26%]
tests/unit/test_chat_handler.py::test_handle_message_persists_history_to_disk PASSED [ 26%]
tests/unit/test_chat_handler.py::test_load_history_restores_from_disk PASSED [ 26%]
tests/unit/test_chat_handler.py::test_load_history_returns_empty_on_missing_file PASSED [ 26%]
tests/unit/test_chat_handler.py::test_load_history_returns_empty_on_corrupt_file PASSED [ 26%]
tests/unit/test_chat_handler.py::test_queue_pending_reply_writes_state_file PASSED [ 26%]
tests/unit/test_chat_handler.py::test_queue_pending_reply_resets_summary_sent_on_new_item PASSED [ 26%]
tests/unit/test_chat_handler.py::test_cmd_deliver_sends_all_pending_and_empties_queue PASSED [ 26%]
tests/unit/test_chat_handler.py::test_cmd_deliver_requeues_on_partial_failure PASSED [ 26%]
tests/unit/test_chat_handler.py::test_cmd_discard_empties_queue PASSED   [ 26%]
tests/unit/test_chat_handler.py::test_cmd_reset_also_clears_pending_queue PASSED [ 26%]
tests/unit/test_chat_handler.py::test_is_telegram_reachable_returns_true_on_success PASSED [ 26%]
tests/unit/test_chat_handler.py::test_is_telegram_reachable_returns_false_on_exception PASSED [ 26%]
tests/unit/test_chat_handler.py::test_reconnect_loop_sends_summary_when_network_back PASSED [ 26%]
tests/unit/test_chat_handler.py::test_reconnect_loop_does_not_spam_when_summary_already_sent PASSED [ 26%]
tests/unit/test_chat_handler.py::test_reconnect_loop_adds_notification_to_chat_history PASSED [ 26%]
tests/unit/test_chat_handler.py::test_pending_tools_absent_when_queue_empty PASSED [ 26%]
tests/unit/test_chat_handler.py::test_pending_tools_present_when_queue_nonempty PASSED [ 26%]
tests/unit/test_chat_handler.py::test_pending_tools_scoped_per_chat_id PASSED [ 27%]
tests/unit/test_chat_handler.py::test_load_context_short_query_uses_history PASSED [ 27%]
tests/unit/test_chat_handler.py::test_pending_tools_hidden_when_not_last_notification PASSED [ 27%]
tests/unit/test_chat_handler.py::test_pending_tools_shown_when_last_is_notification PASSED [ 27%]
tests/unit/test_chat_handler.py::test_comms_forget_single_index PASSED   [ 27%]
tests/unit/test_chat_handler.py::test_comms_forget_multi_index PASSED    [ 27%]
tests/unit/test_chat_handler.py::test_comms_forget_rejects_non_numeric PASSED [ 27%]
tests/unit/test_chat_handler.py::test_comms_forget_empty_args_usage_message PASSED [ 27%]
tests/unit/test_chat_handler.py::test_forget_indices_helper_regression PASSED [ 27%]
tests/unit/test_chat_handler.py::test_build_goal_project_context_returns_active_goals PASSED [ 27%]
tests/unit/test_chat_handler.py::test_build_goal_project_context_returns_active_projects PASSED [ 27%]
tests/unit/test_chat_handler.py::test_build_goal_project_context_empty_when_no_active PASSED [ 27%]
tests/unit/test_chat_handler.py::test_build_goal_project_context_excludes_candidates PASSED [ 27%]
tests/unit/test_chat_handler.py::test_load_context_includes_goal_project_context PASSED [ 27%]
tests/unit/test_chat_handler.py::test_cmd_pending_all_empty PASSED       [ 27%]
tests/unit/test_chat_handler.py::test_cmd_pending_shows_candidates_and_actions PASSED [ 27%]
tests/unit/test_chat_handler.py::test_cmd_pending_skips_confirmed_candidates PASSED [ 27%]
tests/unit/test_chat_handler.py::test_cmd_review_lists_candidates PASSED [ 27%]
tests/unit/test_chat_handler.py::test_cmd_review_cache_enabled_prefix PASSED [ 27%]
tests/unit/test_chat_handler.py::test_cmd_confirm_project_creates_project PASSED [ 28%]
tests/unit/test_chat_handler.py::test_cmd_confirm_code_repo_creates_code_file PASSED [ 28%]
tests/unit/test_chat_handler.py::test_cmd_reject_updates_json PASSED     [ 28%]
tests/unit/test_chat_handler.py::test_cmd_edit_updates_field PASSED      [ 28%]
tests/unit/test_chat_handler.py::test_cmd_goal_empty_shows_addgoal_hint PASSED [ 28%]
tests/unit/test_chat_handler.py::test_cmd_goal_non_integer_shows_command_list PASSED [ 28%]
tests/unit/test_chat_handler.py::test_cmd_goal_out_of_range_shows_count PASSED [ 28%]
tests/unit/test_chat_handler.py::test_cmd_goal_lazy_populates_without_prior_goals_list PASSED [ 28%]
tests/unit/test_chat_handler.py::test_cmd_project_empty_shows_addproject_hint PASSED [ 28%]
tests/unit/test_chat_handler.py::test_cmd_project_non_integer_shows_command_list PASSED [ 28%]
tests/unit/test_chat_handler.py::test_cmd_project_out_of_range_shows_count PASSED [ 28%]
tests/unit/test_chat_handler.py::test_cmd_project_lazy_populates_without_prior_projects_list PASSED [ 28%]
tests/unit/test_chat_handler.py::test_match_verb_in_group_tier1_compound_prefix PASSED [ 28%]
tests/unit/test_chat_handler.py::test_match_verb_in_group_tier2_compound_suffix PASSED [ 28%]
tests/unit/test_chat_handler.py::test_match_verb_in_group_tier3_exact PASSED [ 28%]
tests/unit/test_chat_handler.py::test_match_verb_in_group_tier4_prefix PASSED [ 28%]
tests/unit/test_chat_handler.py::test_match_verb_in_group_tier5_substring PASSED [ 28%]
tests/unit/test_chat_handler.py::test_match_verb_in_group_ambiguous_returns_none PASSED [ 28%]
tests/unit/test_chat_handler.py::test_match_verb_in_group_excludes_base PASSED [ 28%]
tests/unit/test_chat_handler.py::test_format_group_help_is_dynamic PASSED [ 29%]
tests/unit/test_chat_handler.py::test_format_group_help_includes_base_hint PASSED [ 29%]
tests/unit/test_chat_handler.py::test_format_group_help_without_base PASSED [ 29%]
tests/unit/test_chat_handler.py::test_cmd_goal_add_dispatches_to_addgoal PASSED [ 29%]
tests/unit/test_chat_handler.py::test_cmd_goal_complete_dispatches_to_completegoal PASSED [ 29%]
tests/unit/test_chat_handler.py::test_cmd_project_add_dispatches_to_addproject PASSED [ 29%]
tests/unit/test_chat_handler.py::test_cmd_project_link_prefix_dispatches_to_linkgoal PASSED [ 29%]
tests/unit/test_chat_handler.py::test_cmd_project_add_prefers_addproject_over_addmilestone PASSED [ 29%]
tests/unit/test_chat_handler.py::test_cmd_report_pause_dispatches_to_report_pause PASSED [ 29%]
tests/unit/test_chat_handler.py::test_cmd_feature_detail_done_dispatches_to_feature_done PASSED [ 29%]
tests/unit/test_chat_handler.py::test_cmd_skill_draft_approve_dispatches_to_approve_skill PASSED [ 29%]
tests/unit/test_chat_handler.py::test_cmd_review_confirm_dispatches_to_confirm PASSED [ 29%]
tests/unit/test_chat_handler.py::test_cmd_goal_unknown_verb_shows_registry_help PASSED [ 29%]
tests/unit/test_chat_handler.py::test_cmd_goals_overdue_shows_was_due PASSED [ 29%]
tests/unit/test_chat_handler.py::test_cmd_goals_future_due_shows_due PASSED [ 29%]
tests/unit/test_chat_handler.py::test_cmd_reading_invalid_index_shows_registry_help PASSED [ 29%]
tests/unit/test_chat_handler.py::test_cmd_complete_invalid_index_shows_commitments_help PASSED [ 29%]
tests/unit/test_chat_handler.py::test_complete_multiple_indices PASSED   [ 29%]
tests/unit/test_chat_handler.py::test_complete_partial_failure PASSED    [ 30%]
tests/unit/test_chat_handler.py::test_complete_deduplicates_args PASSED  [ 30%]
tests/unit/test_chat_handler.py::test_dismiss_multiple_indices PASSED    [ 30%]
tests/unit/test_chat_handler.py::test_commitments_overdue_shows_was_due PASSED [ 30%]
tests/unit/test_chat_handler.py::test_commitments_future_due_shows_due PASSED [ 30%]
tests/unit/test_chat_handler.py::test_cmd_todos_overdue_shows_was_due PASSED [ 30%]
tests/unit/test_chat_handler.py::test_cmd_todos_future_due_shows_due PASSED [ 30%]
tests/unit/test_chat_handler.py::test_cmd_todos_empty_list PASSED        [ 30%]
tests/unit/test_chat_handler.py::test_cmd_todos_lists_with_checkbox_format PASSED [ 30%]
tests/unit/test_chat_handler.py::test_cmd_todos_personal_type_has_no_type_hint PASSED [ 30%]
tests/unit/test_chat_handler.py::test_cmd_todos_non_personal_shows_type_hint PASSED [ 30%]
tests/unit/test_chat_handler.py::test_cmd_todos_shows_owner PASSED       [ 30%]
tests/unit/test_chat_handler.py::test_cmd_todos_done_completes_item PASSED [ 30%]
tests/unit/test_chat_handler.py::test_cmd_todos_dismiss_item PASSED      [ 30%]
tests/unit/test_chat_handler.py::test_cmd_todos_done_invalid_index PASSED [ 30%]
tests/unit/test_chat_handler.py::test_cmd_todos_unknown_verb_shows_usage PASSED [ 30%]
tests/unit/test_chat_handler.py::test_classify_todo_personal PASSED      [ 30%]
tests/unit/test_chat_handler.py::test_classify_todo_outbound PASSED      [ 30%]
tests/unit/test_chat_handler.py::test_classify_todo_waiting_on PASSED    [ 30%]
tests/unit/test_chat_handler.py::test_extract_todo_recipient_follow_up PASSED [ 31%]
tests/unit/test_chat_handler.py::test_extract_todo_recipient_outbound PASSED [ 31%]
tests/unit/test_chat_handler.py::test_extract_todo_recipient_personal_returns_none PASSED [ 31%]
tests/unit/test_chat_handler.py::test_extract_todo_recipient_does_not_capture_pronouns PASSED [ 31%]
tests/unit/test_chat_handler.py::test_cmd_todo_persists_recipient PASSED [ 31%]
tests/unit/test_chat_handler.py::test_cmd_todo_outbound_owner_is_self PASSED [ 31%]
tests/unit/test_chat_handler.py::test_cmd_todo_no_args_shows_usage PASSED [ 31%]
tests/unit/test_chat_handler.py::test_cmd_todos_verb_without_index_shows_usage PASSED [ 31%]
tests/unit/test_chat_handler.py::test_cmd_todos_populates_last_commitment_set PASSED [ 31%]
tests/unit/test_chat_handler.py::test_cmd_todos_indexes_all_items_beyond_default_limit PASSED [ 31%]
tests/unit/test_chat_handler.py::test_cmd_todos_done_uses_todos_snapshot_not_commitment_set PASSED [ 31%]
tests/unit/test_chat_handler.py::test_cmd_todo_creates_personal_commitment PASSED [ 31%]
tests/unit/test_chat_handler.py::test_cmd_todo_waiting_on_classification PASSED [ 31%]
tests/unit/test_chat_handler.py::test_cmd_todo_due_date_parsed PASSED    [ 31%]
tests/unit/test_chat_handler.py::test_cmd_todo_type_override PASSED      [ 31%]
tests/unit/test_chat_handler.py::test_cmd_todo_only_special_tokens_shows_error PASSED [ 31%]
tests/unit/test_chat_handler.py::test_cmd_todo_invalid_due_date_rejected PASSED [ 31%]
tests/unit/test_chat_handler.py::test_cmd_todo_invalid_type_rejected PASSED [ 31%]
tests/unit/test_chat_handler.py::test_cmd_todo_waiting_on_type_sets_owner_to_recipient PASSED [ 31%]
tests/unit/test_chat_handler.py::test_cmd_todo_waiting_on_no_name_uses_unknown PASSED [ 32%]
tests/unit/test_chat_handler.py::test_cmd_todo_force_unique_passed PASSED [ 32%]
tests/unit/test_chat_handler.py::test_cmd_actions_lists_pending PASSED   [ 32%]
tests/unit/test_chat_handler.py::test_cmd_actions_filter_approved PASSED [ 32%]
tests/unit/test_chat_handler.py::test_cmd_action_detail_shows_rationale_evidence PASSED [ 32%]
tests/unit/test_chat_handler.py::test_cmd_run_approves_and_executes PASSED [ 32%]
tests/unit/test_chat_handler.py::test_cmd_run_superseded_on_precondition_fail PASSED [ 32%]
tests/unit/test_chat_handler.py::test_cmd_drop_marks_rejected_and_logs PASSED [ 32%]
tests/unit/test_chat_handler.py::test_cmd_defer_sets_defer_until_and_hides_from_default_list PASSED [ 32%]
tests/unit/test_chat_handler.py::test_cmd_run_clears_action_set_on_execute PASSED [ 32%]
tests/unit/test_chat_handler.py::test_cmd_drop_clears_action_set PASSED  [ 32%]
tests/unit/test_chat_handler.py::test_cmd_defer_clears_action_set PASSED [ 32%]
tests/unit/test_chat_handler.py::test_pending_does_not_clobber_last_action_set PASSED [ 32%]
tests/unit/test_chat_handler.py::test_resolve_feature_by_hash PASSED     [ 32%]
tests/unit/test_chat_handler.py::test_resolve_feature_by_hash_not_found PASSED [ 32%]
tests/unit/test_chat_handler.py::test_resolve_feature_by_numeric_index_still_works PASSED [ 32%]
tests/unit/test_chat_handler.py::test_close_issue_by_short_id PASSED     [ 32%]
tests/unit/test_chat_handler.py::test_close_issue_by_title PASSED        [ 32%]
tests/unit/test_chat_handler.py::test_close_issue_title_ambiguous PASSED [ 32%]
tests/unit/test_chat_handler.py::test_close_issue_not_found PASSED       [ 33%]
tests/unit/test_chat_handler.py::test_close_issue_custom_status PASSED   [ 33%]
tests/unit/test_chat_handler.py::test_close_issue_no_params_returns_error PASSED [ 33%]
tests/unit/test_chat_handler.py::test_close_issue_title_not_found PASSED [ 33%]
tests/unit/test_chat_handler.py::test_close_issue_github_backed_wont_do PASSED [ 33%]
tests/unit/test_chat_handler.py::test_close_issue_github_backed_in_progress PASSED [ 33%]
tests/unit/test_chat_handler.py::test_close_issue_github_failure_leaves_local_unchanged PASSED [ 33%]
tests/unit/test_chat_handler.py::test_update_issue_priority_by_short_id PASSED [ 33%]
tests/unit/test_chat_handler.py::test_update_issue_priority_by_title PASSED [ 33%]
tests/unit/test_chat_handler.py::test_update_issue_priority_title_ambiguous PASSED [ 33%]
tests/unit/test_chat_handler.py::test_update_issue_priority_not_found PASSED [ 33%]
tests/unit/test_chat_handler.py::test_update_issue_priority_no_params_returns_error PASSED [ 33%]
tests/unit/test_chat_handler.py::test_update_issue_priority_github_backed PASSED [ 33%]
tests/unit/test_chat_handler.py::test_update_issue_priority_github_failure_leaves_local_unchanged PASSED [ 33%]
tests/unit/test_chat_handler.py::test_close_goal_completes_goal PASSED   [ 33%]
tests/unit/test_chat_handler.py::test_close_goal_abandons_goal PASSED    [ 33%]
tests/unit/test_chat_handler.py::test_close_goal_not_found PASSED        [ 33%]
tests/unit/test_chat_handler.py::test_close_goal_ambiguous_returns_disambiguation PASSED [ 33%]
tests/unit/test_chat_handler.py::test_close_goal_invalid_status PASSED   [ 33%]
tests/unit/test_chat_handler.py::test_close_project_completes_project PASSED [ 34%]
tests/unit/test_chat_handler.py::test_close_project_puts_on_hold PASSED  [ 34%]
tests/unit/test_chat_handler.py::test_close_project_not_found PASSED     [ 34%]
tests/unit/test_chat_handler.py::test_close_project_ambiguous_returns_disambiguation PASSED [ 34%]
tests/unit/test_chat_handler.py::test_close_goal_empty_title_returns_error PASSED [ 34%]
tests/unit/test_chat_handler.py::test_close_goal_already_completed_is_no_op PASSED [ 34%]
tests/unit/test_chat_handler.py::test_close_project_empty_title_returns_error PASSED [ 34%]
tests/unit/test_chat_handler.py::test_close_project_already_on_hold_is_no_op PASSED [ 34%]
tests/unit/test_chat_handler.py::test_document_upload_pdf_creates_memory PASSED [ 34%]
tests/unit/test_chat_handler.py::test_document_upload_txt_creates_memory PASSED [ 34%]
tests/unit/test_chat_handler.py::test_document_upload_unsupported_type_rejected PASSED [ 34%]
tests/unit/test_chat_handler.py::test_document_upload_too_large_rejected PASSED [ 34%]
tests/unit/test_chat_handler.py::test_document_upload_empty_content_rejected PASSED [ 34%]
tests/unit/test_chat_handler.py::test_cmd_dupes_lists_candidates PASSED  [ 34%]
tests/unit/test_chat_handler.py::test_cmd_keep_dismisses_pair PASSED     [ 34%]
tests/unit/test_chat_handler.py::test_register_with_router_registers_all_cmd_methods PASSED [ 34%]
tests/unit/test_chat_handler.py::test_register_with_router_registers_message_handler PASSED [ 34%]
tests/unit/test_chat_handler.py::test_register_with_router_command_receives_args PASSED [ 34%]
tests/unit/test_chat_handler.py::test_register_with_router_unknown_command_returns_false PASSED [ 35%]
tests/unit/test_chat_handler.py::test_register_with_router_fake_auth_passes PASSED [ 35%]
tests/unit/test_chat_handler.py::test_register_with_router_no_shared_state_between_calls PASSED [ 35%]
tests/unit/test_chat_handler.py::test_query_logging_does_not_leak_content_at_info PASSED [ 35%]
tests/unit/test_chat_handler.py::test_query_logging_includes_content_at_debug PASSED [ 35%]
tests/unit/test_chat_handler.py::TestCircleCommands::test_circles_empty PASSED [ 35%]
tests/unit/test_chat_handler.py::TestCircleCommands::test_circles_lists_all PASSED [ 35%]
tests/unit/test_chat_handler.py::TestCircleCommands::test_circle_invalid_index_no_prior_list PASSED [ 35%]
tests/unit/test_chat_handler.py::TestCircleCommands::test_circle_detail PASSED [ 35%]
tests/unit/test_chat_handler.py::TestCircleCommands::test_circle_missing_icloud_folder PASSED [ 35%]
tests/unit/test_chat_handler.py::TestCircleCommands::test_circle_status PASSED [ 35%]
tests/unit/test_chat_handler.py::TestCircleCommands::test_circles_unauth PASSED [ 35%]
tests/unit/test_chat_handler.py::TestCircleCommands::test_circle_rule_add_include PASSED [ 35%]
tests/unit/test_chat_handler.py::TestCircleCommands::test_circle_rule_add_exclude PASSED [ 35%]
tests/unit/test_chat_handler.py::TestCircleCommands::test_circle_rule_add_tags PASSED [ 35%]
tests/unit/test_chat_handler.py::TestCircleCommands::test_circle_rule_remove_include PASSED [ 35%]
tests/unit/test_chat_handler.py::TestCircleCommands::test_circle_rule_remove_exclude PASSED [ 35%]
tests/unit/test_chat_handler.py::TestCircleCommands::test_circle_rule_no_prior_circles PASSED [ 35%]
tests/unit/test_chat_handler.py::TestCircleCommands::test_circle_rule_invalid_circle_index PASSED [ 35%]
tests/unit/test_chat_handler.py::TestCircleCommands::test_circle_rule_remove_out_of_range PASSED [ 36%]
tests/unit/test_chat_handler.py::TestCircleCommands::test_circle_rule_unknown_subcommand PASSED [ 36%]
tests/unit/test_chat_handler.py::TestCircleCommands::test_circle_rule_no_valid_predicates PASSED [ 36%]
tests/unit/test_chat_handler.py::TestCircleCommands::test_circle_rule_invalid_direction PASSED [ 36%]
tests/unit/test_chat_handler.py::TestCircleCommands::test_circle_rule_unauth PASSED [ 36%]
tests/unit/test_chat_handler.py::TestCircleCommands::test_circle_invite_generates_code PASSED [ 36%]
tests/unit/test_chat_handler.py::TestCircleCommands::test_circle_invite_no_list_error PASSED [ 36%]
tests/unit/test_chat_handler.py::TestCircleCommands::test_circle_invite_no_args_shows_usage PASSED [ 36%]
tests/unit/test_chat_handler.py::TestCircleCommands::test_circle_invite_unauth PASSED [ 36%]
tests/unit/test_chat_handler.py::TestCircleCommands::test_circle_invite_does_not_touch_sync_state PASSED [ 36%]
tests/unit/test_chat_handler.py::test_cmd_aichat_list_groups_by_platform PASSED [ 36%]
tests/unit/test_chat_handler.py::test_cmd_aichat_detail_shows_summary PASSED [ 36%]
tests/unit/test_chat_handler.py::test_cmd_aichat_search_keyword_filter PASSED [ 36%]
tests/unit/test_chat_handler.py::test_cmd_aichat_invalid_index PASSED    [ 36%]
tests/unit/test_chat_handler.py::test_cmd_comms_llm_filter PASSED        [ 36%]
tests/unit/test_chat_handler.py::test_search_memories_tool_accepts_llm_chat_type PASSED [ 36%]
tests/unit/test_chat_handler.py::test_command_registry_includes_aichat PASSED [ 36%]
tests/unit/test_chat_handler.py::test_list_projects_text_returns_active_projects PASSED [ 36%]
tests/unit/test_chat_handler.py::test_list_projects_text_shows_milestone_progress PASSED [ 36%]
tests/unit/test_chat_handler.py::test_list_projects_text_empty_when_no_active PASSED [ 37%]
tests/unit/test_chat_handler.py::test_list_projects_text_respects_limit PASSED [ 37%]
tests/unit/test_chat_handler.py::test_list_projects_text_filters_by_category PASSED [ 37%]
tests/unit/test_chat_handler.py::test_list_projects_text_code_routes_to_code_repos PASSED [ 37%]
tests/unit/test_chat_handler.py::test_list_projects_text_overdue_shows_was_due PASSED [ 37%]
tests/unit/test_chat_handler.py::test_list_projects_text_future_due_shows_due PASSED [ 37%]
tests/unit/test_chat_handler.py::test_cmd_briefing_awaits_assemble_briefing PASSED [ 37%]
tests/unit/test_chat_handler.py::test_cmd_changes_no_activity PASSED     [ 37%]
tests/unit/test_chat_handler.py::test_cmd_changes_shows_digest PASSED    [ 37%]
tests/unit/test_chat_handler.py::test_cmd_changes_custom_hours PASSED    [ 37%]
tests/unit/test_chat_handler.py::test_cmd_changes_rejects_out_of_range_hours PASSED [ 37%]
tests/unit/test_chat_handler.py::test_cmd_changes_uses_send_reply PASSED [ 37%]
tests/unit/test_chat_handler.py::test_cmd_status_no_data PASSED          [ 37%]
tests/unit/test_chat_handler.py::test_cmd_status_shows_instance PASSED   [ 37%]
tests/unit/test_chat_handler.py::test_cmd_status_stale_instance PASSED   [ 37%]
tests/unit/test_chat_handler.py::test_cmd_status_error_scrubs_filesystem_paths PASSED [ 37%]
tests/unit/test_chat_handler.py::test_close_commitment_by_index PASSED   [ 37%]
tests/unit/test_chat_handler.py::test_close_commitment_by_title PASSED   [ 37%]
tests/unit/test_chat_handler.py::test_close_commitment_dismissed PASSED  [ 37%]
tests/unit/test_chat_handler.py::test_close_commitment_title_ambiguous PASSED [ 38%]
tests/unit/test_chat_handler.py::test_close_commitment_not_found_by_title PASSED [ 38%]
tests/unit/test_chat_handler.py::test_close_commitment_index_out_of_range PASSED [ 38%]
tests/unit/test_chat_handler.py::test_close_commitment_no_args PASSED    [ 38%]
tests/unit/test_chat_handler.py::test_close_commitment_invalid_status PASSED [ 38%]
tests/unit/test_chat_handler.py::test_record_and_retrieve_recent_command PASSED [ 38%]
tests/unit/test_chat_handler.py::test_recent_commands_empty_session PASSED [ 38%]
tests/unit/test_chat_handler.py::test_recent_commands_ring_buffer_max_5 PASSED [ 38%]
tests/unit/test_chat_handler.py::test_recent_commands_limit_parameter PASSED [ 38%]
tests/unit/test_chat_handler.py::test_recent_commands_text_capped_per_entry PASSED [ 38%]
tests/unit/test_chat_handler.py::test_recent_commands_per_chat_isolation PASSED [ 38%]
tests/unit/test_chat_handler.py::test_cmd_events_records_reply PASSED    [ 38%]
tests/unit/test_chat_handler.py::test_tool_dispatch_get_recent_commands PASSED [ 38%]
tests/unit/test_chat_handler.py::test_cmd_notes_multiword_folder_filter_joined PASSED [ 38%]
tests/unit/test_chat_handler.py::test_cmd_notes_single_word_folder_filter PASSED [ 38%]
tests/unit/test_chat_handler.py::test_cmd_notes_todos_flag_not_treated_as_folder PASSED [ 38%]
tests/unit/test_chat_tools.py::test_dispatch_list_projects PASSED        [ 38%]
tests/unit/test_chat_tools.py::test_dispatch_list_projects_with_category PASSED [ 38%]
tests/unit/test_chat_tools.py::test_dispatch_list_commitments PASSED     [ 38%]
tests/unit/test_chat_tools.py::test_dispatch_list_events PASSED          [ 39%]
tests/unit/test_chat_tools.py::test_dispatch_list_meetings PASSED        [ 39%]
tests/unit/test_chat_tools.py::test_dispatch_list_contacts PASSED        [ 39%]
tests/unit/test_chat_tools.py::test_dispatch_list_comms PASSED           [ 39%]
tests/unit/test_chat_tools.py::test_dispatch_list_readings PASSED        [ 39%]
tests/unit/test_chat_tools.py::test_dispatch_search_memories PASSED      [ 39%]
tests/unit/test_chat_tools.py::test_dispatch_search_memories_with_type PASSED [ 39%]
tests/unit/test_chat_tools.py::test_dispatch_get_memory PASSED           [ 39%]
tests/unit/test_chat_tools.py::test_dispatch_list_commands PASSED        [ 39%]
tests/unit/test_chat_tools.py::test_dispatch_list_goals PASSED           [ 39%]
tests/unit/test_chat_tools.py::test_dispatch_list_goals_with_filters PASSED [ 39%]
tests/unit/test_chat_tools.py::test_dispatch_list_features PASSED        [ 39%]
tests/unit/test_chat_tools.py::test_dispatch_list_features_bugs_only PASSED [ 39%]
tests/unit/test_chat_tools.py::test_dispatch_list_todos PASSED           [ 39%]
tests/unit/test_chat_tools.py::test_dispatch_list_actions PASSED         [ 39%]
tests/unit/test_chat_tools.py::test_dispatch_list_actions_with_filter PASSED [ 39%]
tests/unit/test_chat_tools.py::test_dispatch_unknown_tool_returns_error_string PASSED [ 39%]
tests/unit/test_chat_tools.py::test_dispatch_handler_exception_returns_error_string PASSED [ 39%]
tests/unit/test_chat_tools.py::test_tools_schema_valid PASSED            [ 40%]
tests/unit/test_chat_tools.py::test_dispatch_logs_success PASSED         [ 40%]
tests/unit/test_chat_tools.py::test_add_feature_writes_file PASSED       [ 40%]
tests/unit/test_chat_tools.py::test_add_bug_writes_file PASSED           [ 40%]
tests/unit/test_chat_tools.py::test_add_feature_empty_description PASSED [ 40%]
tests/unit/test_chat_tools.py::test_dispatch_get_event PASSED            [ 40%]
tests/unit/test_chat_tools.py::test_dispatch_get_meeting PASSED          [ 40%]
tests/unit/test_chat_tools.py::test_dispatch_get_contact PASSED          [ 40%]
tests/unit/test_chat_tools.py::test_dispatch_get_contact_by_index PASSED [ 40%]
tests/unit/test_chat_tools.py::test_dispatch_get_comm PASSED             [ 40%]
tests/unit/test_chat_tools.py::test_dispatch_get_reading PASSED          [ 40%]
tests/unit/test_chat_tools.py::test_dispatch_get_action PASSED           [ 40%]
tests/unit/test_chat_tools.py::test_dispatch_run_action PASSED           [ 40%]
tests/unit/test_chat_tools.py::test_dispatch_drop_action PASSED          [ 40%]
tests/unit/test_chat_tools.py::test_dispatch_defer_action_default_hours PASSED [ 40%]
tests/unit/test_chat_tools.py::test_dispatch_defer_action_custom_hours PASSED [ 40%]
tests/unit/test_chat_tools.py::test_run_action_in_mutating_tools PASSED  [ 40%]
tests/unit/test_chat_tools.py::test_drop_action_in_mutating_tools PASSED [ 40%]
tests/unit/test_chat_tools.py::test_defer_action_in_mutating_tools PASSED [ 40%]
tests/unit/test_chat_tools.py::test_dispatch_update_feature_plan PASSED  [ 41%]
tests/unit/test_chat_tools.py::test_dispatch_update_feature_done_with_note PASSED [ 41%]
tests/unit/test_chat_tools.py::test_dispatch_update_feature_priority PASSED [ 41%]
tests/unit/test_chat_tools.py::test_update_feature_in_mutating_tools PASSED [ 41%]
tests/unit/test_chat_tools.py::test_all_tool_names_in_dispatcher PASSED  [ 41%]
tests/unit/test_chat_tools.py::test_deliver_pending_replies_sends_queued_and_clears_state PASSED [ 41%]
tests/unit/test_chat_tools.py::test_deliver_pending_replies_empty_queue_returns_no_pending PASSED [ 41%]
tests/unit/test_chat_tools.py::test_discard_pending_replies_clears_state PASSED [ 41%]
tests/unit/test_chat_tools.py::test_discard_pending_replies_empty_queue PASSED [ 41%]
tests/unit/test_chat_tools.py::test_add_goal_tool_in_tools_list PASSED   [ 41%]
tests/unit/test_chat_tools.py::test_add_project_tool_in_tools_list PASSED [ 41%]
tests/unit/test_chat_tools.py::test_add_goal_tool_dispatch_creates_file PASSED [ 41%]
tests/unit/test_chat_tools.py::test_add_project_tool_dispatch_creates_file PASSED [ 41%]
tests/unit/test_chat_tools.py::test_add_goal_invalid_category_returns_error PASSED [ 41%]
tests/unit/test_chat_tools.py::test_close_issue_tool_in_tools_list PASSED [ 41%]
tests/unit/test_chat_tools.py::test_close_issue_by_short_id PASSED       [ 41%]
tests/unit/test_chat_tools.py::test_close_issue_by_title PASSED          [ 41%]
tests/unit/test_chat_tools.py::test_close_issue_custom_status PASSED     [ 41%]
tests/unit/test_chat_tools.py::test_update_issue_priority_tool_in_tools_list PASSED [ 41%]
tests/unit/test_chat_tools.py::test_update_issue_priority_in_mutating_tools PASSED [ 42%]
tests/unit/test_chat_tools.py::test_dispatch_update_issue_priority_by_short_id PASSED [ 42%]
tests/unit/test_chat_tools.py::test_dispatch_update_issue_priority_by_title PASSED [ 42%]
tests/unit/test_chat_tools.py::test_close_commitment_tool_in_tools_list PASSED [ 42%]
tests/unit/test_chat_tools.py::test_close_commitment_in_mutating_tools PASSED [ 42%]
tests/unit/test_chat_tools.py::test_close_commitment_by_index PASSED     [ 42%]
tests/unit/test_chat_tools.py::test_close_commitment_by_title PASSED     [ 42%]
tests/unit/test_chat_tools.py::test_close_commitment_dismissed_status PASSED [ 42%]
tests/unit/test_chat_tools.py::test_add_todo_tool_in_tools_list PASSED   [ 42%]
tests/unit/test_chat_tools.py::test_add_todo_in_mutating_tools PASSED    [ 42%]
tests/unit/test_chat_tools.py::test_add_todo_basic PASSED                [ 42%]
tests/unit/test_chat_tools.py::test_add_todo_with_due_date_and_type PASSED [ 42%]
tests/unit/test_chat_tools.py::test_get_goal_tool_in_tools_list PASSED   [ 42%]
tests/unit/test_chat_tools.py::test_get_goal_dispatch PASSED             [ 42%]
tests/unit/test_chat_tools.py::test_get_project_tool_in_tools_list PASSED [ 42%]
tests/unit/test_chat_tools.py::test_get_project_dispatch PASSED          [ 42%]
tests/unit/test_chat_tools.py::test_get_feature_tool_in_tools_list PASSED [ 42%]
tests/unit/test_chat_tools.py::test_get_feature_dispatch_by_index PASSED [ 42%]
tests/unit/test_chat_tools.py::test_get_feature_dispatch_by_short_id PASSED [ 42%]
tests/unit/test_circle_bot.py::test_parse_frontmatter_valid PASSED       [ 43%]
tests/unit/test_circle_bot.py::test_parse_frontmatter_no_block PASSED    [ 43%]
tests/unit/test_circle_bot.py::test_parse_frontmatter_bad_yaml PASSED    [ 43%]
tests/unit/test_circle_bot.py::test_get_body_strips_frontmatter PASSED   [ 43%]
tests/unit/test_circle_bot.py::test_non_member_rejected PASSED           [ 43%]
tests/unit/test_circle_bot.py::test_member_allowed PASSED                [ 43%]
tests/unit/test_circle_bot.py::test_empty_members_allows_anyone PASSED   [ 43%]
tests/unit/test_circle_bot.py::test_help_shows_display_name PASSED       [ 43%]
tests/unit/test_circle_bot.py::test_memories_empty_circle PASSED         [ 43%]
tests/unit/test_circle_bot.py::test_memories_lists_files PASSED          [ 43%]
tests/unit/test_circle_bot.py::test_memories_detail_by_index PASSED      [ 43%]
tests/unit/test_circle_bot.py::test_memories_detail_invalid_index PASSED [ 43%]
tests/unit/test_circle_bot.py::test_search_no_args PASSED                [ 43%]
tests/unit/test_circle_bot.py::test_search_finds_by_title PASSED         [ 43%]
tests/unit/test_circle_bot.py::test_search_finds_by_tag PASSED           [ 43%]
tests/unit/test_circle_bot.py::test_search_no_results PASSED             [ 43%]
tests/unit/test_circle_bot.py::test_search_updates_last_memory_list PASSED [ 43%]
tests/unit/test_circle_bot.py::test_events_no_events PASSED              [ 43%]
tests/unit/test_circle_bot.py::test_events_lists_calendar_events PASSED  [ 43%]
tests/unit/test_circle_bot.py::test_events_detail_by_index PASSED        [ 44%]
tests/unit/test_circle_bot.py::test_events_detail_invalid_index PASSED   [ 44%]
tests/unit/test_circle_bot.py::test_commitments_empty PASSED             [ 44%]
tests/unit/test_circle_bot.py::test_commitments_lists_active PASSED      [ 44%]
tests/unit/test_circle_bot.py::test_commitments_skips_completed PASSED   [ 44%]
tests/unit/test_circle_bot.py::test_handler_never_reads_memories_dir PASSED [ 44%]
tests/unit/test_circle_bot.py::test_commands_handle_missing_circle_path PASSED [ 44%]
tests/unit/test_circle_bot.py::test_join_no_args_shows_usage PASSED      [ 44%]
tests/unit/test_circle_bot.py::test_join_no_invites_file_rejects PASSED  [ 44%]
tests/unit/test_circle_bot.py::test_join_invalid_code_rejected PASSED    [ 44%]
tests/unit/test_circle_bot.py::test_join_expired_code_rejected PASSED    [ 44%]
tests/unit/test_circle_bot.py::test_join_valid_code_adds_member PASSED   [ 44%]
tests/unit/test_circle_bot.py::test_join_code_consumed_after_use PASSED  [ 44%]
tests/unit/test_circle_bot.py::test_join_nonmember_with_valid_code_succeeds PASSED [ 44%]
tests/unit/test_circle_bot.py::test_join_idempotent_already_member PASSED [ 44%]
tests/unit/test_circle_bot.py::test_join_grants_immediate_access PASSED  [ 44%]
tests/unit/test_circle_bot.py::test_ask_no_args_shows_usage PASSED       [ 44%]
tests/unit/test_circle_bot.py::test_ask_non_member_rejected PASSED       [ 44%]
tests/unit/test_circle_bot.py::test_ask_calls_llm_and_returns_answer PASSED [ 45%]
tests/unit/test_circle_bot.py::test_ask_handles_llm_error_gracefully PASSED [ 45%]
tests/unit/test_circle_bot.py::test_ask_chunks_long_response PASSED      [ 45%]
tests/unit/test_circle_bot.py::test_ask_uses_circle_path_not_memories_dir PASSED [ 45%]
tests/unit/test_circle_bot.py::test_runner_builds_application_with_token PASSED [ 45%]
tests/unit/test_circle_bot.py::test_runner_registers_all_commands PASSED [ 45%]
tests/unit/test_circle_bot.py::test_runner_start_calls_polling PASSED    [ 45%]
tests/unit/test_circle_bot.py::test_runner_stop_calls_shutdown PASSED    [ 45%]
tests/unit/test_circle_bot.py::test_runner_poll_loop_exits_on_stop_event PASSED [ 45%]
tests/unit/test_circle_ruleset.py::test_load_ruleset_valid PASSED        [ 45%]
tests/unit/test_circle_ruleset.py::test_load_ruleset_missing_circle_field PASSED [ 45%]
tests/unit/test_circle_ruleset.py::test_load_ruleset_slug_mismatch PASSED [ 45%]
tests/unit/test_circle_ruleset.py::test_load_ruleset_unknown_predicate PASSED [ 45%]
tests/unit/test_circle_ruleset.py::test_matches_include_type_only PASSED [ 45%]
tests/unit/test_circle_ruleset.py::test_matches_include_tags_any PASSED  [ 45%]
tests/unit/test_circle_ruleset.py::test_matches_include_tags_all PASSED  [ 45%]
tests/unit/test_circle_ruleset.py::test_matches_include_category PASSED  [ 45%]
tests/unit/test_circle_ruleset.py::test_matches_exclude_overrides_include PASSED [ 45%]
tests/unit/test_circle_ruleset.py::test_empty_include_matches_nothing PASSED [ 45%]
tests/unit/test_circle_ruleset.py::test_empty_exclude_blocks_nothing PASSED [ 46%]
tests/unit/test_circle_ruleset.py::test_frontmatter_predicate PASSED     [ 46%]
tests/unit/test_circle_ruleset.py::test_source_title_contains PASSED     [ 46%]
tests/unit/test_circle_ruleset.py::test_parse_rule_predicates_type PASSED [ 46%]
tests/unit/test_circle_ruleset.py::test_parse_rule_predicates_tags_any PASSED [ 46%]
tests/unit/test_circle_ruleset.py::test_parse_rule_predicates_tags_all PASSED [ 46%]
tests/unit/test_circle_ruleset.py::test_parse_rule_predicates_multiple PASSED [ 46%]
tests/unit/test_circle_ruleset.py::test_parse_rule_predicates_classification PASSED [ 46%]
tests/unit/test_circle_ruleset.py::test_parse_rule_predicates_source_title PASSED [ 46%]
tests/unit/test_circle_ruleset.py::test_parse_rule_predicates_unknown_key_ignored PASSED [ 46%]
tests/unit/test_circle_ruleset.py::test_parse_rule_predicates_no_colon_skipped PASSED [ 46%]
tests/unit/test_circle_ruleset.py::test_parse_rule_predicates_empty_returns_empty PASSED [ 46%]
tests/unit/test_circle_ruleset.py::test_write_ruleset_yaml_round_trips PASSED [ 46%]
tests/unit/test_circle_ruleset.py::test_write_ruleset_yaml_atomic_no_partial_on_error PASSED [ 46%]
tests/unit/test_circle_sync_scanner.py::test_sync_adds_matching_file PASSED [ 46%]
tests/unit/test_circle_sync_scanner.py::test_sync_excludes_blocked_file PASSED [ 46%]
tests/unit/test_circle_sync_scanner.py::test_sync_removes_stale_file PASSED [ 46%]
tests/unit/test_circle_sync_scanner.py::test_sync_updates_changed_file PASSED [ 46%]
tests/unit/test_circle_sync_scanner.py::test_sync_skips_missing_icloud_folder PASSED [ 46%]
tests/unit/test_circle_sync_scanner.py::test_sync_skips_malformed_ruleset PASSED [ 47%]
tests/unit/test_circle_sync_scanner.py::test_state_file_written PASSED   [ 47%]
tests/unit/test_circle_sync_scanner.py::test_missing_state_file_treated_as_empty PASSED [ 47%]
tests/unit/test_circle_sync_scanner.py::test_circles_disabled PASSED     [ 47%]
tests/unit/test_circle_sync_scanner.py::test_atomic_write PASSED         [ 47%]
tests/unit/test_circle_sync_scanner.py::test_deletion_missing_file_is_noop PASSED [ 47%]
tests/unit/test_circle_sync_scanner.py::test_ruleset_change_detected_each_cycle PASSED [ 47%]
tests/unit/test_code_scanner.py::test_discover_repos_finds_git_dirs PASSED [ 47%]
tests/unit/test_code_scanner.py::test_discover_repos_skips_configured PASSED [ 47%]
tests/unit/test_code_scanner.py::test_discover_repos_ignores_nonexistent_dirs PASSED [ 47%]
tests/unit/test_code_scanner.py::test_detect_languages_python PASSED     [ 47%]
tests/unit/test_code_scanner.py::test_detect_languages_multi PASSED      [ 47%]
tests/unit/test_code_scanner.py::test_detect_languages_skips_venv PASSED [ 47%]
tests/unit/test_code_scanner.py::test_detect_languages_skips_dot_venv PASSED [ 47%]
tests/unit/test_code_scanner.py::test_detect_languages_recurses_into_src PASSED [ 47%]
tests/unit/test_code_scanner.py::test_detect_languages_returns_top_3 PASSED [ 47%]
tests/unit/test_code_scanner.py::test_needs_update_true_when_no_memory PASSED [ 47%]
tests/unit/test_code_scanner.py::test_needs_update_false_when_sha_matches PASSED [ 47%]
tests/unit/test_code_scanner.py::test_needs_update_true_when_sha_differs PASSED [ 47%]
tests/unit/test_code_scanner.py::test_write_memory_field_order PASSED    [ 48%]
tests/unit/test_code_scanner.py::test_write_memory_atomic PASSED         [ 48%]
tests/unit/test_code_scanner.py::test_write_memory_type_is_project PASSED [ 48%]
tests/unit/test_code_scanner.py::test_write_memory_frontmatter_parseable PASSED [ 48%]
tests/unit/test_code_scanner.py::test_find_related_same_org PASSED       [ 48%]
tests/unit/test_code_scanner.py::test_find_related_shared_language PASSED [ 48%]
tests/unit/test_code_scanner.py::test_git_helper_returns_empty_on_error PASSED [ 48%]
tests/unit/test_code_scanner.py::test_git_helper_strips_whitespace PASSED [ 48%]
tests/unit/test_code_scanner.py::test_parse_frontmatter_returns_dict PASSED [ 48%]
tests/unit/test_code_scanner.py::test_parse_frontmatter_returns_empty_on_no_delimiters PASSED [ 48%]
tests/unit/test_code_scanner.py::test_backfill_deletes_and_recreates_memory_files PASSED [ 48%]
tests/unit/test_code_scanner.py::test_hostname_scoped_filename_written PASSED [ 48%]
tests/unit/test_code_scanner.py::test_migration_renames_legacy_file PASSED [ 48%]
tests/unit/test_code_scanner.py::test_migration_leaves_other_hosts_file PASSED [ 48%]
tests/unit/test_code_scanner.py::test_migration_handles_already_migrated_files PASSED [ 48%]
tests/unit/test_code_scanner.py::test_backfill_only_deletes_own_host_files PASSED [ 48%]
tests/unit/test_code_scanner.py::test_migration_renames_file PASSED      [ 48%]
tests/unit/test_code_scanner.py::test_migration_updates_type_removes_category PASSED [ 48%]
tests/unit/test_code_scanner.py::test_migration_idempotent PASSED        [ 48%]
tests/unit/test_code_scanner.py::test_migration_skips_generic_projects PASSED [ 49%]
tests/unit/test_code_scanner.py::test_migration_partial_recovery PASSED  [ 49%]
tests/unit/test_code_scanner.py::test_require_confirmation_false_writes_directly PASSED [ 49%]
tests/unit/test_code_scanner.py::test_require_confirmation_true_writes_candidate PASSED [ 49%]
tests/unit/test_code_scanner.py::test_known_repo_rescan_updates_inplace_with_flag_on PASSED [ 49%]
tests/unit/test_code_scanner.py::test_rejected_local_path_skipped PASSED [ 49%]
tests/unit/test_code_scanner.py::test_migration_skips_project_candidate_files PASSED [ 49%]
tests/unit/test_code_scanner.py::test_migration_hostname_sentinel_makes_idempotent PASSED [ 49%]
tests/unit/test_code_scanner.py::test_migration_survives_icloud_edeadlk PASSED [ 49%]
tests/unit/test_code_scanner.py::test_migration_drops_legacy_duplicate_when_canonical_exists PASSED [ 49%]
tests/unit/test_code_scanner.py::test_migration_leaves_other_host_files_alone PASSED [ 49%]
tests/unit/test_code_scanner.py::test_production_memories_dir_never_touched_during_code_tests PASSED [ 49%]
tests/unit/test_command_core.py::test_dispatch_known_command_calls_handler PASSED [ 49%]
tests/unit/test_command_core.py::test_dispatch_unknown_command_returns_false PASSED [ 49%]
tests/unit/test_command_core.py::test_dispatch_is_case_insensitive PASSED [ 49%]
tests/unit/test_command_core.py::test_dispatch_handler_exception_replies_error_and_returns_true PASSED [ 49%]
tests/unit/test_command_core.py::test_register_all_registers_multiple_handlers PASSED [ 49%]
tests/unit/test_command_core.py::test_handle_message_calls_message_handler PASSED [ 49%]
tests/unit/test_command_core.py::test_handle_message_noop_when_no_message_handler PASSED [ 50%]
tests/unit/test_command_core.py::test_format_help_plain_text_contains_all_groups PASSED [ 50%]
tests/unit/test_command_core.py::test_format_help_plain_text_contains_slash_commands PASSED [ 50%]
tests/unit/test_command_core.py::test_format_help_markdown_bolds_group_names PASSED [ 50%]
tests/unit/test_command_core.py::test_format_help_no_trailing_whitespace PASSED [ 50%]
tests/unit/test_command_core.py::test_command_registry_has_expected_groups PASSED [ 50%]
tests/unit/test_command_core.py::test_command_registry_entries_are_two_tuples PASSED [ 50%]
tests/unit/test_command_core.py::test_command_registry_help_is_registered PASSED [ 50%]
tests/unit/test_commitment_tracker.py::test_stable_id_deterministic PASSED [ 50%]
tests/unit/test_commitment_tracker.py::test_stable_id_different_description PASSED [ 50%]
tests/unit/test_commitment_tracker.py::test_stable_id_case_insensitive PASSED [ 50%]
tests/unit/test_commitment_tracker.py::test_confidence_filter_discards_below_threshold PASSED [ 50%]
tests/unit/test_commitment_tracker.py::test_confidence_filter_needs_review_tag PASSED [ 50%]
tests/unit/test_commitment_tracker.py::test_confidence_filter_auto_accept PASSED [ 50%]
tests/unit/test_commitment_tracker.py::test_write_commitment_field_order PASSED [ 50%]
tests/unit/test_commitment_tracker.py::test_write_commitment_atomic PASSED [ 50%]
tests/unit/test_commitment_tracker.py::test_write_commitment_preserves_status PASSED [ 50%]
tests/unit/test_commitment_tracker.py::test_scan_skips_unchanged_mtime PASSED [ 50%]
tests/unit/test_commitment_tracker.py::test_scan_processes_new_mtime PASSED [ 50%]
tests/unit/test_commitment_tracker.py::test_scan_skips_wrong_type PASSED [ 51%]
tests/unit/test_commitment_tracker.py::test_extraction_empty_returns_no_files PASSED [ 51%]
tests/unit/test_commitment_tracker.py::test_extraction_json_parse_error_logs_warning PASSED [ 51%]
tests/unit/test_commitment_tracker.py::test_cmd_commitments_returns_active_only PASSED [ 51%]
tests/unit/test_commitment_tracker.py::test_cmd_commitments_filter_outbound PASSED [ 51%]
tests/unit/test_commitment_tracker.py::test_cmd_commitments_sorted_by_due_date PASSED [ 51%]
tests/unit/test_commitment_tracker.py::test_cmd_complete_updates_status PASSED [ 51%]
tests/unit/test_commitment_tracker.py::test_cmd_dismiss_updates_status PASSED [ 51%]
tests/unit/test_commitment_tracker.py::test_cmd_complete_invalid_index PASSED [ 51%]
tests/unit/test_commitment_tracker.py::test_cmd_complete_idempotent PASSED [ 51%]
tests/unit/test_commitment_tracker.py::test_needs_review_indicator_in_listing PASSED [ 51%]
tests/unit/test_commitment_tracker.py::test_state_file_persists_across_scans PASSED [ 51%]
tests/unit/test_commitment_tracker.py::test_dedup_same_source_two_runs PASSED [ 51%]
tests/unit/test_commitment_tracker.py::test_calendar_event_source_type PASSED [ 51%]
tests/unit/test_commitment_tracker.py::test_slack_thread_source_type PASSED [ 51%]
tests/unit/test_commitment_tracker.py::test_cmd_wrong_writes_correction PASSED [ 51%]
tests/unit/test_commitment_tracker.py::test_cmd_wrong_sets_dismissed PASSED [ 51%]
tests/unit/test_commitment_tracker.py::test_cmd_wrong_invalid_index PASSED [ 51%]
tests/unit/test_commitment_tracker.py::test_cmd_wrong_updates_accuracy_json PASSED [ 51%]
tests/unit/test_commitment_tracker.py::test_cmd_missed_creates_commitment PASSED [ 52%]
tests/unit/test_commitment_tracker.py::test_cmd_missed_logs_correction PASSED [ 52%]
tests/unit/test_commitment_tracker.py::test_cmd_missed_timeout PASSED    [ 52%]
tests/unit/test_commitment_tracker.py::test_corrections_prepended_to_prompt PASSED [ 52%]
tests/unit/test_commitment_tracker.py::test_corrections_file_missing_no_crash PASSED [ 52%]
tests/unit/test_commitment_tracker.py::test_corrections_capped_at_20 PASSED [ 52%]
tests/unit/test_commitment_tracker.py::test_corrections_section_capped_at_1000_chars PASSED [ 52%]
tests/unit/test_commitment_tracker.py::test_accuracy_per_source_type PASSED [ 52%]
tests/unit/test_commitment_tracker.py::test_accuracy_precision_calculation PASSED [ 52%]
tests/unit/test_commitment_tracker.py::test_accuracy_file_missing PASSED [ 52%]
tests/unit/test_commitment_tracker.py::test_accuracy_updated_on_wrong PASSED [ 52%]
tests/unit/test_commitment_tracker.py::test_commitment_tracker_skips_marketing_emails PASSED [ 52%]
tests/unit/test_commitment_tracker.py::test_commitment_tracker_skips_transactional_emails PASSED [ 52%]
tests/unit/test_commitment_tracker.py::test_commitment_tracker_processes_human_forwarded_reminder PASSED [ 52%]
tests/unit/test_contact_tracker.py::test_name_normalization_lowercase PASSED [ 52%]
tests/unit/test_contact_tracker.py::test_slug_special_characters PASSED  [ 52%]
tests/unit/test_contact_tracker.py::test_slug_max_length PASSED          [ 52%]
tests/unit/test_contact_tracker.py::test_normalize_email PASSED          [ 52%]
tests/unit/test_contact_tracker.py::test_normalize_name PASSED           [ 52%]
tests/unit/test_contact_tracker.py::test_email_dedup_same_email_different_name PASSED [ 53%]
tests/unit/test_contact_tracker.py::test_collision_handling PASSED       [ 53%]
tests/unit/test_contact_tracker.py::test_relationship_score_recent_higher PASSED [ 53%]
tests/unit/test_contact_tracker.py::test_relationship_score_decays PASSED [ 53%]
tests/unit/test_contact_tracker.py::test_relationship_score_zero_no_interactions PASSED [ 53%]
tests/unit/test_contact_tracker.py::test_interaction_timestamps_capped_at_100 PASSED [ 53%]
tests/unit/test_contact_tracker.py::test_contact_file_type PASSED        [ 53%]
tests/unit/test_contact_tracker.py::test_contact_file_field_order PASSED [ 53%]
tests/unit/test_contact_tracker.py::test_source_url_scheme PASSED        [ 53%]
tests/unit/test_contact_tracker.py::test_contact_file_atomic_write PASSED [ 53%]
tests/unit/test_contact_tracker.py::test_email_participant_extraction PASSED [ 53%]
tests/unit/test_contact_tracker.py::test_calendar_participant_extraction PASSED [ 53%]
tests/unit/test_contact_tracker.py::test_slack_participant_extraction PASSED [ 53%]
tests/unit/test_contact_tracker.py::test_skip_non_source_types PASSED    [ 53%]
tests/unit/test_contact_tracker.py::test_state_file_persists PASSED      [ 53%]
tests/unit/test_contact_tracker.py::test_upsert_creates_new_contact PASSED [ 53%]
tests/unit/test_contact_tracker.py::test_upsert_updates_existing_contact PASSED [ 53%]
tests/unit/test_contact_tracker.py::test_contact_tracker_skips_marketing_emails PASSED [ 53%]
tests/unit/test_contact_tracker.py::test_contact_rescan_does_not_embed_full_file_as_body PASSED [ 53%]
tests/unit/test_content_fetcher.py::test_fetch_returns_title_and_text PASSED [ 54%]
tests/unit/test_content_fetcher.py::test_fetch_strips_noise_tags PASSED  [ 54%]
tests/unit/test_content_fetcher.py::test_fetch_non_200_returns_empty PASSED [ 54%]
tests/unit/test_content_fetcher.py::test_fetch_network_error_returns_empty PASSED [ 54%]
tests/unit/test_content_fetcher.py::test_fetch_truncates_to_max_chars PASSED [ 54%]
tests/unit/test_content_fetcher.py::test_fetch_truncates_oversized_response PASSED [ 54%]
tests/unit/test_content_fetcher.py::test_ssrf_blocks_localhost PASSED    [ 54%]
tests/unit/test_content_fetcher.py::test_ssrf_blocks_loopback_ip PASSED  [ 54%]
tests/unit/test_content_fetcher.py::test_ssrf_blocks_link_local PASSED   [ 54%]
tests/unit/test_content_fetcher.py::test_ssrf_blocks_private_ip PASSED   [ 54%]
tests/unit/test_content_fetcher.py::test_ssrf_blocks_file_scheme PASSED  [ 54%]
tests/unit/test_content_fetcher.py::test_ssrf_blocks_gopher_scheme PASSED [ 54%]
tests/unit/test_content_fetcher.py::test_ssrf_allows_public_url PASSED   [ 54%]
tests/unit/test_content_fetcher.py::test_ssrf_dns_failure_blocks PASSED  [ 54%]
tests/unit/test_daemon.py::test_configure_logging_creates_rotating_handlers PASSED [ 54%]
tests/unit/test_daemon.py::test_configure_logging_max_bytes PASSED       [ 54%]
tests/unit/test_daemon.py::test_configure_logging_creates_logs_dir PASSED [ 54%]
tests/unit/test_daemon.py::test_configure_logging_error_log_warning_only PASSED [ 54%]
tests/unit/test_daemon.py::test_configure_logging_keeps_stderr_handler PASSED [ 55%]
tests/unit/test_dedup_checker.py::test_url_auto_merge_same_url PASSED    [ 55%]
tests/unit/test_dedup_checker.py::test_url_auto_merge_keeps_richer PASSED [ 55%]
tests/unit/test_dedup_checker.py::test_url_normalization_strips_utm PASSED [ 55%]
tests/unit/test_dedup_checker.py::test_jaccard_above_threshold_creates_candidate PASSED [ 55%]
tests/unit/test_dedup_checker.py::test_jaccard_below_threshold_no_candidate PASSED [ 55%]
tests/unit/test_dedup_checker.py::test_dismissed_pair_not_re_added PASSED [ 55%]
tests/unit/test_dedup_checker.py::test_url_normalization_strips_www PASSED [ 55%]
tests/unit/test_dedup_checker.py::test_different_types_no_merge PASSED   [ 55%]
tests/unit/test_dedup_checker.py::test_empty_url_no_auto_merge PASSED    [ 55%]
tests/unit/test_email_scanner.py::test_applescript_strips_re PASSED      [ 55%]
tests/unit/test_email_scanner.py::test_applescript_strips_fw PASSED      [ 55%]
tests/unit/test_email_scanner.py::test_applescript_strips_re_fw PASSED   [ 55%]
tests/unit/test_email_scanner.py::test_applescript_strips_case_insensitive PASSED [ 55%]
tests/unit/test_email_scanner.py::test_normalize_already_clean PASSED    [ 55%]
tests/unit/test_email_scanner.py::test_mailbox_name_from_url_inbox PASSED [ 55%]
tests/unit/test_email_scanner.py::test_mailbox_name_from_url_subfolder PASSED [ 55%]
tests/unit/test_email_scanner.py::test_mailbox_name_from_url_empty PASSED [ 55%]
tests/unit/test_email_scanner.py::test_convert_core_data_timestamp PASSED [ 55%]
tests/unit/test_email_scanner.py::test_convert_core_data_timestamp_recent PASSED [ 56%]
tests/unit/test_email_scanner.py::test_dt_to_core_data_roundtrip PASSED  [ 56%]
tests/unit/test_email_scanner.py::test_find_envelope_index_path PASSED   [ 56%]
tests/unit/test_email_scanner.py::test_find_envelope_index_missing PASSED [ 56%]
tests/unit/test_email_scanner.py::test_fda_check_logs_warning_and_returns_none PASSED [ 56%]
tests/unit/test_email_scanner.py::test_threads_grouped_by_conversation_id PASSED [ 56%]
tests/unit/test_email_scanner.py::test_excluded_mailboxes_filtered PASSED [ 56%]
tests/unit/test_email_scanner.py::test_rows_to_threads_captures_display_name PASSED [ 56%]
tests/unit/test_email_scanner.py::test_rows_to_threads_falls_back_to_bare_email_when_name_missing PASSED [ 56%]
tests/unit/test_email_scanner.py::test_needs_update_true_when_no_memory PASSED [ 56%]
tests/unit/test_email_scanner.py::test_needs_update_false_when_unchanged PASSED [ 56%]
tests/unit/test_email_scanner.py::test_needs_update_true_when_new_messages PASSED [ 56%]
tests/unit/test_email_scanner.py::test_slugify_special_chars PASSED      [ 56%]
tests/unit/test_email_scanner.py::test_slugify_truncation PASSED         [ 56%]
tests/unit/test_email_scanner.py::test_slugify_strips_leading_trailing_hyphens PASSED [ 56%]
tests/unit/test_email_scanner.py::test_write_memory_field_order PASSED   [ 56%]
tests/unit/test_email_scanner.py::test_write_memory_atomic PASSED        [ 56%]
tests/unit/test_email_scanner.py::test_write_memory_type_email_thread PASSED [ 56%]
tests/unit/test_email_scanner.py::test_write_memory_frontmatter_parseable PASSED [ 56%]
tests/unit/test_email_scanner.py::test_state_file_persists_high_water PASSED [ 57%]
tests/unit/test_email_scanner.py::test_load_state_returns_defaults_when_missing PASSED [ 57%]
tests/unit/test_email_scanner.py::test_applescript_groups_by_subject PASSED [ 57%]
tests/unit/test_email_scanner.py::test_subject_to_conv_id_stable PASSED  [ 57%]
tests/unit/test_email_scanner.py::test_subject_to_conv_id_different_subjects PASSED [ 57%]
tests/unit/test_email_scanner.py::test_applescript_generated_script_has_no_literal_newline_in_string PASSED [ 57%]
tests/unit/test_email_scanner.py::test_applescript_extracts_display_name_from_sender PASSED [ 57%]
tests/unit/test_email_scanner.py::test_applescript_bare_email_has_no_name PASSED [ 57%]
tests/unit/test_email_scanner.py::test_archive_skips_stale_threads PASSED [ 57%]
tests/unit/test_email_scanner.py::test_scanner_config_defaults PASSED    [ 57%]
tests/unit/test_email_scanner.py::test_incremental_uses_high_water_rowid PASSED [ 57%]
tests/unit/test_email_scanner.py::test_full_rescan_resets_high_water PASSED [ 57%]
tests/unit/test_email_scanner.py::test_backfill_resets_high_water_and_rescans PASSED [ 57%]
tests/unit/test_email_scanner.py::test_generated_prompt_asks_for_classification PASSED [ 57%]
tests/unit/test_email_scanner.py::test_parses_classification_from_response PASSED [ 57%]
tests/unit/test_email_scanner.py::test_classification_invalid_label_becomes_unknown PASSED [ 57%]
tests/unit/test_email_scanner.py::test_classification_missing_line_becomes_unknown PASSED [ 57%]
tests/unit/test_email_scanner.py::test_write_memory_includes_classification_field PASSED [ 57%]
tests/unit/test_email_scanner.py::test_llm_failure_returns_unknown_classification PASSED [ 57%]
tests/unit/test_email_scanner.py::test_existing_summary_includes_classification PASSED [ 58%]
tests/unit/test_email_scanner.py::test_applescript_escape_double_quote PASSED [ 58%]
tests/unit/test_email_scanner.py::test_applescript_escape_backslash PASSED [ 58%]
tests/unit/test_email_scanner.py::test_applescript_escape_combined PASSED [ 58%]
tests/unit/test_email_scanner.py::test_applescript_injection_blocked PASSED [ 58%]
tests/unit/test_email_scanner.py::test_generate_summary_prompt_contains_forwarded_email_guidance PASSED [ 58%]
tests/unit/test_email_scanner.py::test_generate_summary_classifies_forwarded_reminder_as_human PASSED [ 58%]
tests/unit/test_email_scanner.py::test_needs_update_triggers_on_old_classifier_version PASSED [ 58%]
tests/unit/test_email_scanner.py::test_needs_update_no_trigger_on_current_classifier_version PASSED [ 58%]
tests/unit/test_email_scanner.py::test_reclassification_writes_classifier_version FAILED [ 58%]
tests/unit/test_email_scanner.py::test_reclassification_incremental_path FAILED [ 58%]
tests/unit/test_email_scanner.py::test_parse_messages_section_returns_messages PASSED [ 58%]
tests/unit/test_email_scanner.py::test_parse_messages_section_empty_when_absent PASSED [ 58%]
tests/unit/test_email_scanner.py::test_parse_messages_section_handles_continuation_lines PASSED [ 58%]
tests/unit/test_email_scanner.py::test_reclassification_preserves_messages_section FAILED [ 58%]
tests/unit/test_email_scanner.py::test_stale_queue_populated_on_first_cycle PASSED [ 58%]
tests/unit/test_email_scanner.py::test_stale_queue_drained_across_cycles FAILED [ 58%]
tests/unit/test_email_scanner.py::test_stale_queue_no_glob_when_version_current_and_queue_empty PASSED [ 58%]
tests/unit/test_github_client.py::test_enabled_when_pat_and_repo_set PASSED [ 58%]
tests/unit/test_github_client.py::test_disabled_when_pat_missing PASSED  [ 59%]
tests/unit/test_github_client.py::test_disabled_when_repo_missing PASSED [ 59%]
tests/unit/test_github_client.py::test_disabled_when_repo_has_no_slash PASSED [ 59%]
tests/unit/test_github_client.py::test_create_issue_posts_correct_payload PASSED [ 59%]
tests/unit/test_github_client.py::test_list_issues_filters_out_prs PASSED [ 59%]
tests/unit/test_github_client.py::test_update_issue_patches_state PASSED [ 59%]
tests/unit/test_github_client.py::test_ensure_labels_ignores_422 PASSED  [ 59%]
tests/unit/test_github_client.py::test_get_comments PASSED               [ 59%]
tests/unit/test_github_client.py::test_ensure_client_raises_when_not_enabled PASSED [ 59%]
tests/unit/test_goal_project_agent.py::test_title_similarity_exact PASSED [ 59%]
tests/unit/test_goal_project_agent.py::test_title_similarity_partial PASSED [ 59%]
tests/unit/test_goal_project_agent.py::test_title_similarity_no_match PASSED [ 59%]
tests/unit/test_goal_project_agent.py::test_scan_skips_watcher_role PASSED [ 59%]
tests/unit/test_goal_project_agent.py::test_scan_skips_disabled_config PASSED [ 59%]
tests/unit/test_goal_project_agent.py::test_scan_respects_agent_false_frontmatter PASSED [ 59%]
tests/unit/test_goal_project_agent.py::test_scan_skips_completed_goals PASSED [ 59%]
tests/unit/test_goal_project_agent.py::test_related_memories_seed_from_inferred_from PASSED [ 59%]
tests/unit/test_goal_project_agent.py::test_related_memories_tag_overlap PASSED [ 59%]
tests/unit/test_goal_project_agent.py::test_related_memories_title_jaccard_threshold PASSED [ 60%]
tests/unit/test_goal_project_agent.py::test_related_memories_recency_filter PASSED [ 60%]
tests/unit/test_goal_project_agent.py::test_related_memories_max_cap PASSED [ 60%]
tests/unit/test_goal_project_agent.py::test_llm_dedup_by_report_hash PASSED [ 60%]
tests/unit/test_goal_project_agent.py::test_llm_confidence_filter PASSED [ 60%]
tests/unit/test_goal_project_agent.py::test_staleness_emits_low_urgency_report PASSED [ 60%]
tests/unit/test_goal_project_agent.py::test_action_file_written_atomically PASSED [ 60%]
tests/unit/test_goal_project_agent.py::test_urgent_ping_rate_limited PASSED [ 60%]
tests/unit/test_goal_project_agent.py::test_state_file_persisted_and_loaded PASSED [ 60%]
tests/unit/test_goal_project_agent.py::test_archive_superseded_action PASSED [ 60%]
tests/unit/test_goal_project_agent.py::test_generate_change_digest_empty_when_no_items PASSED [ 60%]
tests/unit/test_goal_project_agent.py::test_generate_change_digest_excludes_stale_memories PASSED [ 60%]
tests/unit/test_goal_project_agent.py::test_generate_change_digest_returns_entry_for_recent_activity PASSED [ 60%]
tests/unit/test_goal_project_agent.py::test_generate_change_digest_fallback_on_llm_error PASSED [ 60%]
tests/unit/test_goals_tracker.py::test_create_goal_writes_file PASSED    [ 60%]
tests/unit/test_goals_tracker.py::test_create_goal_field_order PASSED    [ 60%]
tests/unit/test_goals_tracker.py::test_create_goal_invalid_category PASSED [ 60%]
tests/unit/test_goals_tracker.py::test_create_goal_code_category_rejected PASSED [ 60%]
tests/unit/test_goals_tracker.py::test_create_goal_invalid_due_date PASSED [ 60%]
tests/unit/test_goals_tracker.py::test_create_goal_null_due_date PASSED  [ 61%]
tests/unit/test_goals_tracker.py::test_create_goal_stable_id_dedup PASSED [ 61%]
tests/unit/test_goals_tracker.py::test_create_goal_atomic_write PASSED   [ 61%]
tests/unit/test_goals_tracker.py::test_update_goal_status_active_to_completed PASSED [ 61%]
tests/unit/test_goals_tracker.py::test_update_goal_status_active_to_abandoned PASSED [ 61%]
tests/unit/test_goals_tracker.py::test_update_goal_status_invalid_transition PASSED [ 61%]
tests/unit/test_goals_tracker.py::test_update_goal_status_idempotent PASSED [ 61%]
tests/unit/test_goals_tracker.py::test_create_project_code_category_rejected PASSED [ 61%]
tests/unit/test_goals_tracker.py::test_create_project_milestone_starts_empty PASSED [ 61%]
tests/unit/test_goals_tracker.py::test_add_milestone PASSED              [ 61%]
tests/unit/test_goals_tracker.py::test_toggle_milestone PASSED           [ 61%]
tests/unit/test_goals_tracker.py::test_toggle_milestone_invalid_index PASSED [ 61%]
tests/unit/test_goals_tracker.py::test_link_goal_to_project PASSED       [ 61%]
tests/unit/test_goals_tracker.py::test_link_goal_rollback_on_project_write_failure PASSED [ 61%]
tests/unit/test_goals_tracker.py::test_list_projects_skips_candidates_without_reading PASSED [ 61%]
tests/unit/test_goals_tracker.py::test_append_goal_note_first_note PASSED [ 61%]
tests/unit/test_goals_tracker.py::test_append_goal_note_accumulates PASSED [ 61%]
tests/unit/test_goals_tracker.py::test_goal_add_note_updates_body_notes_section PASSED [ 61%]
tests/unit/test_goals_tracker.py::test_project_add_note_updates_body_notes_section PASSED [ 61%]
tests/unit/test_goals_tracker.py::test_update_goal_due_sets_date PASSED  [ 62%]
tests/unit/test_goals_tracker.py::test_update_goal_due_clears_with_none_string PASSED [ 62%]
tests/unit/test_goals_tracker.py::test_update_goal_due_invalid_format PASSED [ 62%]
tests/unit/test_goals_tracker.py::test_append_project_note_first_note PASSED [ 62%]
tests/unit/test_goals_tracker.py::test_append_project_note_accumulates PASSED [ 62%]
tests/unit/test_goals_tracker.py::test_update_project_due_sets_date PASSED [ 62%]
tests/unit/test_goals_tracker.py::test_update_project_due_clears_with_none_string PASSED [ 62%]
tests/unit/test_goals_tracker.py::test_update_project_due_invalid_format PASSED [ 62%]
tests/unit/test_heartbeat.py::test_record_beat_noop_before_init PASSED   [ 62%]
tests/unit/test_heartbeat.py::test_init_sets_brain_dir PASSED            [ 62%]
tests/unit/test_heartbeat.py::test_record_beat_writes_file PASSED        [ 62%]
tests/unit/test_heartbeat.py::test_record_beat_error_preserves_message PASSED [ 62%]
tests/unit/test_heartbeat.py::test_record_beat_multiple_loops PASSED     [ 62%]
tests/unit/test_heartbeat.py::test_record_beat_updates_last_heartbeat PASSED [ 62%]
tests/unit/test_heartbeat.py::test_read_all_returns_empty_for_no_files PASSED [ 62%]
tests/unit/test_heartbeat.py::test_read_all_returns_multiple_instances PASSED [ 62%]
tests/unit/test_heartbeat.py::test_read_all_skips_malformed_files PASSED [ 62%]
tests/unit/test_heartbeat.py::test_flush_uses_atomic_rename PASSED       [ 62%]
tests/unit/test_index_builder.py::test_build_skips_when_no_memories PASSED [ 62%]
tests/unit/test_index_builder.py::test_build_writes_index_file PASSED    [ 63%]
tests/unit/test_index_builder.py::test_build_index_contains_timestamp_and_count PASSED [ 63%]
tests/unit/test_index_builder.py::test_build_passes_memory_content_to_llm PASSED [ 63%]
tests/unit/test_index_builder.py::test_build_caps_input_at_max_chars PASSED [ 63%]
tests/unit/test_index_builder.py::test_build_handles_llm_error_gracefully PASSED [ 63%]
tests/unit/test_index_builder.py::test_health_logs_hostname PASSED       [ 63%]
tests/unit/test_index_builder.py::test_health_warns_when_last_memory_over_1hr_old PASSED [ 63%]
tests/unit/test_index_builder.py::test_health_uses_info_when_memory_recent PASSED [ 63%]
tests/unit/test_index_builder.py::test_health_only_reads_first_20_files PASSED [ 63%]
tests/unit/test_index_builder.py::test_build_succeeds_with_cache PASSED  [ 63%]
tests/unit/test_index_builder.py::test_build_skips_file_after_3_deadlock_retries_OBSOLETE PASSED [ 63%]
tests/unit/test_index_builder.py::test_run_loop_continues_after_build_crash PASSED [ 63%]
tests/unit/test_install_manifest.py::test_every_imported_module_is_in_daemon_files PASSED [ 63%]
tests/unit/test_install_manifest.py::test_no_orphan_files_in_daemon_files PASSED [ 63%]
tests/unit/test_install_manifest.py::test_every_repo_root_py_is_accounted_for PASSED [ 63%]
tests/unit/test_llm_chat_importer.py::test_parse_chatgpt_format PASSED   [ 63%]
tests/unit/test_llm_chat_importer.py::test_parse_claude_format PASSED    [ 63%]
tests/unit/test_llm_chat_importer.py::test_import_json_file_chatgpt PASSED [ 63%]
tests/unit/test_llm_chat_importer.py::test_import_zip_file_chatgpt PASSED [ 63%]
tests/unit/test_llm_chat_importer.py::test_memory_file_frontmatter PASSED [ 64%]
tests/unit/test_llm_chat_importer.py::test_empty_conversations_skipped PASSED [ 64%]
tests/unit/test_llm_chat_importer.py::test_chatgpt_multiple_conversations PASSED [ 64%]
tests/unit/test_llm_chat_importer.py::test_conversation_body_truncation PASSED [ 64%]
tests/unit/test_llm_routes.py::test_summarize_resolves_to_claude_haiku PASSED [ 64%]
tests/unit/test_llm_routes.py::test_chat_resolves_to_claude_sonnet PASSED [ 64%]
tests/unit/test_llm_routes.py::test_optimizer_resolves_to_claude_sonnet PASSED [ 64%]
tests/unit/test_llm_routes.py::test_judge_resolves_to_claude_haiku PASSED [ 64%]
tests/unit/test_llm_routes.py::test_concrete_model_id_passes_through PASSED [ 64%]
tests/unit/test_llm_routes.py::test_unknown_alias_passes_through_unchanged PASSED [ 64%]
tests/unit/test_llm_routes.py::test_routes_covers_all_current_aliases PASSED [ 64%]
tests/unit/test_llm_routes.py::test_gemini_provider_all_routes_resolve_to_gemini_flash PASSED [ 64%]
tests/unit/test_llm_routes.py::test_gemini_provider_concrete_id_passes_through PASSED [ 64%]
tests/unit/test_llm_routes.py::test_openai_provider_cheap_routes_use_gpt4o_mini PASSED [ 64%]
tests/unit/test_llm_routes.py::test_openai_provider_quality_routes_use_gpt4o PASSED [ 64%]
tests/unit/test_llm_routes.py::test_openai_provider_concrete_id_passes_through PASSED [ 64%]
tests/unit/test_llm_routes.py::test_both_provider_uses_claude_models PASSED [ 64%]
tests/unit/test_llm_routes.py::test_unknown_provider_falls_back_to_claude PASSED [ 64%]
tests/unit/test_llm_routes.py::test_provider_name_is_case_insensitive PASSED [ 65%]
tests/unit/test_memory_cache.py::test_schema_creation PASSED             [ 65%]
tests/unit/test_memory_cache.py::test_pass_through_mode PASSED           [ 65%]
tests/unit/test_memory_cache.py::test_pass_through_mode_enabled_false PASSED [ 65%]
tests/unit/test_memory_cache.py::test_lazy_population PASSED             [ 65%]
tests/unit/test_memory_cache.py::test_query_by_type PASSED               [ 65%]
tests/unit/test_memory_cache.py::test_query_by_prefix PASSED             [ 65%]
tests/unit/test_memory_cache.py::test_query_by_prefix_cold_cache_disk_fallback PASSED [ 65%]
tests/unit/test_memory_cache.py::test_query_all_returns_all PASSED       [ 65%]
tests/unit/test_memory_cache.py::test_query_all_with_exclude_types PASSED [ 65%]
tests/unit/test_memory_cache.py::test_query_all_pass_through_mode PASSED [ 65%]
tests/unit/test_memory_cache.py::test_score_keywords PASSED              [ 65%]
tests/unit/test_memory_cache.py::test_invalidate PASSED                  [ 65%]
tests/unit/test_memory_cache.py::test_invalidate_missing_file PASSED     [ 65%]
tests/unit/test_memory_cache.py::test_sweep PASSED                       [ 65%]
tests/unit/test_memory_cache.py::test_rebuild PASSED                     [ 65%]
tests/unit/test_memory_cache.py::test_corrupt_db_recovery PASSED         [ 65%]
tests/unit/test_memory_cache.py::test_edeadlk_skips_when_file_exists PASSED [ 65%]
tests/unit/test_memory_cache.py::test_edeadlk_preserves_existing_cache_entry PASSED [ 65%]
tests/unit/test_memory_cache.py::test_conflict_copy_filtering PASSED     [ 66%]
tests/unit/test_memory_cache_migration.py::test_migrated_module_has_no_direct_memories_dir_reads[chat_handler.py] PASSED [ 66%]
tests/unit/test_memory_cache_migration.py::test_migrated_module_has_no_direct_memories_dir_reads[commitment_tracker.py] PASSED [ 66%]
tests/unit/test_memory_cache_migration.py::test_migrated_module_has_no_direct_memories_dir_reads[contact_tracker.py] PASSED [ 66%]
tests/unit/test_memory_cache_migration.py::test_migrated_module_has_no_direct_memories_dir_reads[index_builder.py] PASSED [ 66%]
tests/unit/test_memory_cache_migration.py::test_migrated_module_has_no_direct_memories_dir_reads[notification_manager.py] PASSED [ 66%]
tests/unit/test_memory_cache_migration.py::test_migrated_module_has_no_direct_memories_dir_reads[report_scheduler.py] PASSED [ 66%]
tests/unit/test_memory_cache_migration.py::test_migrated_module_has_no_direct_memories_dir_reads[synthesis_scanner.py] PASSED [ 66%]
tests/unit/test_memory_cache_migration.py::test_migrated_module_has_no_direct_memories_dir_reads[circle_sync_scanner.py] PASSED [ 66%]
tests/unit/test_memory_cache_migration.py::test_migrated_module_has_no_direct_memories_dir_reads[goal_project_agent.py] PASSED [ 66%]
tests/unit/test_memory_cache_migration.py::test_migrated_module_has_no_direct_memories_dir_reads[project_inference_scanner.py] PASSED [ 66%]
tests/unit/test_memory_cache_migration.py::test_is_memories_dir_expr_catches_bare_name PASSED [ 66%]
tests/unit/test_memory_cache_migration.py::test_is_memories_dir_expr_catches_self_attr PASSED [ 66%]
tests/unit/test_memory_cache_migration.py::test_is_memories_dir_expr_catches_brain_dir_slash_memories PASSED [ 66%]
tests/unit/test_memory_cache_migration.py::test_is_memories_dir_expr_catches_memories_dir_slash_something PASSED [ 66%]
tests/unit/test_memory_cache_migration.py::test_is_memories_dir_expr_does_not_flag_other_paths PASSED [ 66%]
tests/unit/test_memory_cache_migration.py::test_find_disk_reads_catches_glob_on_memories_dir PASSED [ 66%]
tests/unit/test_memory_cache_migration.py::test_find_disk_reads_catches_inline_path_construction PASSED [ 66%]
tests/unit/test_memory_cache_migration.py::test_find_disk_reads_does_not_flag_state_file_reads PASSED [ 66%]
tests/unit/test_memory_writer.py::test_creates_memories_dir PASSED       [ 67%]
tests/unit/test_memory_writer.py::test_filename_format PASSED            [ 67%]
tests/unit/test_memory_writer.py::test_same_url_produces_same_filename PASSED [ 67%]
tests/unit/test_memory_writer.py::test_different_url_produces_different_filename PASSED [ 67%]
tests/unit/test_memory_writer.py::test_frontmatter_fields_present PASSED [ 67%]
tests/unit/test_memory_writer.py::test_frontmatter_source_fields_come_first PASSED [ 67%]
tests/unit/test_memory_writer.py::test_summary_extracted_from_body PASSED [ 67%]
tests/unit/test_memory_writer.py::test_summary_empty_when_no_summary_section PASSED [ 67%]
tests/unit/test_memory_writer.py::test_tags_extracted_from_body PASSED   [ 67%]
tests/unit/test_memory_writer.py::test_body_preserved_in_content PASSED  [ 67%]
tests/unit/test_memory_writer.py::test_atomic_write_leaves_no_tmp_file PASSED [ 67%]
tests/unit/test_memory_writer.py::test_empty_tags_when_none_in_body PASSED [ 67%]
tests/unit/test_memory_writer.py::test_title_slug_truncated_to_50_chars PASSED [ 67%]
tests/unit/test_memory_writer.py::test_falls_back_to_url_when_title_missing PASSED [ 67%]
tests/unit/test_memory_writer.py::test_write_with_depth_deep PASSED      [ 67%]
tests/unit/test_memory_writer.py::test_write_default_depth_standard PASSED [ 67%]
tests/unit/test_memory_writer.py::test_canonicalize_strips_utm_params PASSED [ 67%]
tests/unit/test_memory_writer.py::test_canonicalize_strips_fragment PASSED [ 67%]
tests/unit/test_memory_writer.py::test_canonicalize_lowercases_host PASSED [ 67%]
tests/unit/test_memory_writer.py::test_canonicalize_keeps_content_params PASSED [ 68%]
tests/unit/test_memory_writer.py::test_canonicalize_strips_tracking_but_keeps_content_params PASSED [ 68%]
tests/unit/test_memory_writer.py::test_canonicalize_strips_all_tracking_params PASSED [ 68%]
tests/unit/test_memory_writer.py::test_canonicalize_same_page_different_tracking_params_same_hash PASSED [ 68%]
tests/unit/test_memory_writer.py::test_tracking_params_do_not_produce_new_file PASSED [ 68%]
tests/unit/test_memory_writer.py::test_source_url_stored_as_original PASSED [ 68%]
tests/unit/test_merge_skill_update.py::test_parse_version_returns_int PASSED [ 68%]
tests/unit/test_merge_skill_update.py::test_parse_version_missing_returns_zero PASSED [ 68%]
tests/unit/test_merge_skill_update.py::test_parse_version_no_version_field PASSED [ 68%]
tests/unit/test_merge_skill_update.py::test_split_with_exec_history PASSED [ 68%]
tests/unit/test_merge_skill_update.py::test_split_without_optimizer_sections PASSED [ 68%]
tests/unit/test_merge_skill_update.py::test_split_with_top_examples_before_history PASSED [ 68%]
tests/unit/test_merge_skill_update.py::test_split_with_top_examples_only PASSED [ 68%]
tests/unit/test_merge_skill_update.py::test_copy_when_dest_missing PASSED [ 68%]
tests/unit/test_merge_skill_update.py::test_update_when_repo_version_newer PASSED [ 68%]
tests/unit/test_merge_skill_update.py::test_update_when_versions_equal PASSED [ 68%]
tests/unit/test_merge_skill_update.py::test_skip_when_deployed_version_higher PASSED [ 68%]
tests/unit/test_merge_skill_update.py::test_update_preserves_history_when_deployed_has_none PASSED [ 68%]
tests/unit/test_merge_skill_update.py::test_update_preserves_optimizer_stats_on_version_upgrade PASSED [ 68%]
tests/unit/test_merge_skill_update.py::test_update_preserves_optimizer_stats_on_equal_version PASSED [ 69%]
tests/unit/test_merge_skill_update.py::test_update_preserves_utility_score_when_absent_from_repo PASSED [ 69%]
tests/unit/test_merge_skill_update.py::test_update_preserves_utility_score_when_present_in_repo PASSED [ 69%]
tests/unit/test_merge_skill_update.py::test_update_preserves_top_examples_section PASSED [ 69%]
tests/unit/test_merge_skill_update.py::test_merge_frontmatter_stats_no_op_when_no_frontmatter PASSED [ 69%]
tests/unit/test_merge_skill_update.py::test_update_is_atomic PASSED      [ 69%]
tests/unit/test_notes_scanner.py::test_slugify_basic PASSED              [ 69%]
tests/unit/test_notes_scanner.py::test_slugify_long PASSED               [ 69%]
tests/unit/test_notes_scanner.py::test_note_id_hash_length PASSED        [ 69%]
tests/unit/test_notes_scanner.py::test_strip_html_removes_tags PASSED    [ 69%]
tests/unit/test_notes_scanner.py::test_strip_html_decodes_entities PASSED [ 69%]
tests/unit/test_notes_scanner.py::test_has_todos_folder_name PASSED      [ 69%]
tests/unit/test_notes_scanner.py::test_has_todos_title PASSED            [ 69%]
tests/unit/test_notes_scanner.py::test_has_todos_body_checklist PASSED   [ 69%]
tests/unit/test_notes_scanner.py::test_has_todos_body_generic_bullets_not_flagged PASSED [ 69%]
tests/unit/test_notes_scanner.py::test_has_todos_action_items_folder PASSED [ 69%]
tests/unit/test_notes_scanner.py::test_has_todos_action_items_title PASSED [ 69%]
tests/unit/test_notes_scanner.py::test_has_todos_false PASSED            [ 69%]
tests/unit/test_notes_scanner.py::test_memory_path_format PASSED         [ 70%]
tests/unit/test_notes_scanner.py::test_read_note_metadata_parses_output PASSED [ 70%]
tests/unit/test_notes_scanner.py::test_read_note_metadata_empty_output PASSED [ 70%]
tests/unit/test_notes_scanner.py::test_read_note_metadata_skips_bad_lines PASSED [ 70%]
tests/unit/test_notes_scanner.py::test_load_state_empty PASSED           [ 70%]
tests/unit/test_notes_scanner.py::test_save_and_load_state PASSED        [ 70%]
tests/unit/test_notes_scanner.py::test_load_state_migrates_old_flat_string_format PASSED [ 70%]
tests/unit/test_notes_scanner.py::test_write_memory_creates_file PASSED  [ 70%]
tests/unit/test_notes_scanner.py::test_write_memory_has_todos_flagged PASSED [ 70%]
tests/unit/test_notes_scanner.py::test_write_memory_no_tmp_file_left PASSED [ 70%]
tests/unit/test_notes_scanner.py::test_run_scan_skips_unchanged_notes PASSED [ 70%]
tests/unit/test_notes_scanner.py::test_run_scan_processes_new_notes PASSED [ 70%]
tests/unit/test_notes_scanner.py::test_run_scan_updates_state_after_write PASSED [ 70%]
tests/unit/test_notes_scanner.py::test_run_scan_skips_excluded_folders PASSED [ 70%]
tests/unit/test_notes_scanner.py::test_run_scan_disabled PASSED          [ 70%]
tests/unit/test_notes_scanner.py::test_read_note_metadata_parses_datetime_format PASSED [ 70%]
tests/unit/test_notes_scanner.py::test_run_scan_detects_intraday_changes PASSED [ 70%]
tests/unit/test_notes_scanner.py::test_write_memory_returns_true_on_success PASSED [ 70%]
tests/unit/test_notes_scanner.py::test_write_memory_returns_false_on_failure PASSED [ 70%]
tests/unit/test_notes_scanner.py::test_run_scan_removes_stale_file_on_rename PASSED [ 71%]
tests/unit/test_notes_scanner.py::test_run_scan_stale_file_missing_does_not_raise PASSED [ 71%]
tests/unit/test_notes_scanner.py::test_run_scan_does_not_update_state_when_write_fails PASSED [ 71%]
tests/unit/test_notes_scanner.py::test_run_scan_skip_folders_substring_match PASSED [ 71%]
tests/unit/test_notification_manager.py::test_chat_id_persisted_on_first_message PASSED [ 71%]
tests/unit/test_notification_manager.py::test_chat_id_from_config_overrides_state PASSED [ 71%]
tests/unit/test_notification_manager.py::test_no_send_when_chat_id_null FAILED [ 71%]
tests/unit/test_notification_manager.py::test_no_send_when_muted PASSED  [ 71%]
tests/unit/test_notification_manager.py::test_briefing_bypasses_mute PASSED [ 71%]
tests/unit/test_notification_manager.py::test_mute_state_persists PASSED [ 71%]
tests/unit/test_notification_manager.py::test_unmute_resumes_notifications PASSED [ 71%]
tests/unit/test_notification_manager.py::test_daily_briefing_at_configured_time PASSED [ 71%]
tests/unit/test_notification_manager.py::test_daily_briefing_not_before_configured_time PASSED [ 71%]
tests/unit/test_notification_manager.py::test_daily_briefing_not_repeated_same_day PASSED [ 71%]
tests/unit/test_notification_manager.py::test_daily_briefing_updates_last_date PASSED [ 71%]
tests/unit/test_notification_manager.py::test_on_demand_briefing_does_not_advance_date PASSED [ 71%]
tests/unit/test_notification_manager.py::test_briefing_includes_todays_calendar_events PASSED [ 71%]
tests/unit/test_notification_manager.py::test_briefing_includes_due_commitments PASSED [ 71%]
tests/unit/test_notification_manager.py::test_briefing_includes_overdue PASSED [ 71%]
tests/unit/test_notification_manager.py::test_briefing_empty_section_omitted PASSED [ 72%]
tests/unit/test_notification_manager.py::test_briefing_includes_active_projects PASSED [ 72%]
tests/unit/test_notification_manager.py::test_briefing_marks_new_projects PASSED [ 72%]
tests/unit/test_notification_manager.py::test_briefing_skips_non_active_projects PASSED [ 72%]
tests/unit/test_notification_manager.py::test_briefing_shows_milestone_progress PASSED [ 72%]
tests/unit/test_notification_manager.py::test_briefing_skips_project_candidates PASSED [ 72%]
tests/unit/test_notification_manager.py::test_briefing_active_projects_overflow_marker PASSED [ 72%]
tests/unit/test_notification_manager.py::test_commitment_alert_due_today PASSED [ 72%]
tests/unit/test_notification_manager.py::test_commitment_alert_due_tomorrow PASSED [ 72%]
tests/unit/test_notification_manager.py::test_commitment_alert_deduplication PASSED [ 72%]
tests/unit/test_notification_manager.py::test_commitment_alert_not_for_completed PASSED [ 72%]
tests/unit/test_notification_manager.py::test_commitment_alerts_pruned_by_age PASSED [ 72%]
tests/unit/test_notification_manager.py::test_commitment_alert_fallback_to_summary PASSED [ 72%]
tests/unit/test_notification_manager.py::test_commitment_alert_fallback_to_placeholder PASSED [ 72%]
tests/unit/test_notification_manager.py::test_pre_meeting_in_window PASSED [ 72%]
tests/unit/test_notification_manager.py::test_pre_meeting_outside_window PASSED [ 72%]
tests/unit/test_notification_manager.py::test_pre_meeting_all_day_skipped PASSED [ 72%]
tests/unit/test_notification_manager.py::test_pre_meeting_deduplication PASSED [ 72%]
tests/unit/test_notification_manager.py::test_pre_meeting_dedup_survives_prune PASSED [ 72%]
tests/unit/test_notification_manager.py::test_pre_meeting_includes_contacts PASSED [ 73%]
tests/unit/test_notification_manager.py::test_pre_meeting_includes_open_commitments PASSED [ 73%]
tests/unit/test_notification_manager.py::test_pre_meeting_missing_contact_graceful PASSED [ 73%]
tests/unit/test_notification_manager.py::test_pre_meeting_sent_alerts_pruned PASSED [ 73%]
tests/unit/test_notification_manager.py::test_pre_meeting_no_double_alert_across_machines PASSED [ 73%]
tests/unit/test_notification_manager.py::test_message_chunking_at_4000_chars PASSED [ 73%]
tests/unit/test_notification_manager.py::test_message_chunking_at_line_boundary PASSED [ 73%]
tests/unit/test_notification_manager.py::test_loop_exits_on_stop_event PASSED [ 73%]
tests/unit/test_notification_manager.py::test_exception_does_not_kill_loop PASSED [ 73%]
tests/unit/test_notification_manager.py::test_state_file_write_atomic PASSED [ 73%]
tests/unit/test_notification_manager.py::test_cmd_mute_sets_state PASSED [ 73%]
tests/unit/test_notification_manager.py::test_cmd_unmute_clears_state PASSED [ 73%]
tests/unit/test_notification_manager.py::test_daily_briefing_state_saved_before_send PASSED [ 73%]
tests/unit/test_notification_manager.py::test_daily_briefing_rolls_back_date_on_send_failure PASSED [ 73%]
tests/unit/test_notification_manager.py::test_save_state_raises_on_failure PASSED [ 73%]
tests/unit/test_notification_manager.py::test_goal_alert_fires_at_7_days PASSED [ 73%]
tests/unit/test_notification_manager.py::test_goal_alert_fires_at_1_day PASSED [ 73%]
tests/unit/test_notification_manager.py::test_goal_alert_dedup PASSED    [ 73%]
tests/unit/test_notification_manager.py::test_alert_skips_completed_goals PASSED [ 73%]
tests/unit/test_notification_manager.py::test_alert_skips_goals_without_due_date PASSED [ 74%]
tests/unit/test_notification_manager.py::test_project_alert_fires_at_1_day PASSED [ 74%]
tests/unit/test_notification_manager.py::test_onhold_project_still_alerts PASSED [ 74%]
tests/unit/test_notification_manager.py::test_project_alert_dedup PASSED [ 74%]
tests/unit/test_notification_manager.py::test_project_alert_skips_completed PASSED [ 74%]
tests/unit/test_notification_manager.py::test_project_alert_skips_candidates PASSED [ 74%]
tests/unit/test_notification_manager.py::test_send_message_multi_transport_delivers_to_all PASSED [ 74%]
tests/unit/test_notification_manager.py::test_send_message_multi_transport_skips_none_chat_id PASSED [ 74%]
tests/unit/test_notification_manager.py::test_send_message_falls_back_to_bot_when_all_adapters_have_no_chat_id PASSED [ 74%]
tests/unit/test_notification_manager.py::test_send_message_no_double_delivery_when_adapter_sends PASSED [ 74%]
tests/unit/test_notification_manager.py::test_calendar_staleness_alert_fires_after_24h PASSED [ 74%]
tests/unit/test_notification_manager.py::test_calendar_staleness_alert_deduped_same_day PASSED [ 74%]
tests/unit/test_notification_manager.py::test_calendar_staleness_alert_not_fired_when_recent PASSED [ 74%]
tests/unit/test_notification_manager.py::test_calendar_staleness_alert_not_fired_when_no_files PASSED [ 74%]
tests/unit/test_notification_manager.py::test_calendar_staleness_alert_prunes_state_after_7_days PASSED [ 74%]
tests/unit/test_notification_manager.py::test_calendar_staleness_send_failure_rolls_back_state PASSED [ 74%]
tests/unit/test_notification_manager.py::test_load_config_retries_on_icloud_edeadlk PASSED [ 74%]
tests/unit/test_notification_manager.py::test_load_config_falls_back_to_cache_on_persistent_edeadlk PASSED [ 74%]
tests/unit/test_notification_manager.py::test_assemble_briefing_survives_icloud_edeadlk_on_memory_file PASSED [ 75%]
tests/unit/test_notification_manager.py::test_load_config_caches_by_mtime PASSED [ 75%]
tests/unit/test_notification_manager.py::test_llm_chat_nudge_fires_when_chats_stale PASSED [ 75%]
tests/unit/test_notification_manager.py::test_llm_chat_nudge_respects_cooldown PASSED [ 75%]
tests/unit/test_notification_manager.py::test_llm_chat_nudge_respects_mute PASSED [ 75%]
tests/unit/test_notification_manager.py::test_llm_chat_nudge_disabled_via_config PASSED [ 75%]
tests/unit/test_notification_manager.py::test_llm_chat_nudge_when_no_chats_ever_imported PASSED [ 75%]
tests/unit/test_notification_manager.py::test_briefing_skips_malformed_calendar_entry PASSED [ 75%]
tests/unit/test_notification_manager.py::test_briefing_skips_malformed_commitment_entry PASSED [ 75%]
tests/unit/test_notification_manager.py::test_check_and_send_check_isolation PASSED [ 75%]
tests/unit/test_notification_manager.py::test_briefing_skips_truthy_non_dict_calendar_entry PASSED [ 75%]
tests/unit/test_notification_manager.py::test_quota_alert_not_persisted_on_send_failure PASSED [ 75%]
tests/unit/test_notification_manager.py::test_quota_alert_persisted_only_for_successful_sends PASSED [ 75%]
tests/unit/test_notification_manager.py::test_commitment_midday_fires_after_noon PASSED [ 75%]
tests/unit/test_notification_manager.py::test_commitment_eod_fires_after_eod PASSED [ 75%]
tests/unit/test_notification_manager.py::test_commitment_checkpoint_not_before_slot PASSED [ 75%]
tests/unit/test_notification_manager.py::test_commitment_checkpoint_dedup_same_day PASSED [ 75%]
tests/unit/test_notification_manager.py::test_commitment_checkpoint_fires_next_day PASSED [ 75%]
tests/unit/test_notification_manager.py::test_commitment_checkpoint_silent_when_nothing_due PASSED [ 75%]
tests/unit/test_notification_manager.py::test_commitment_checkpoint_late_start_skips_stale_slot PASSED [ 76%]
tests/unit/test_notification_manager.py::test_commitment_checkpoint_disabled_notifications PASSED [ 76%]
tests/unit/test_notification_manager.py::test_commitment_checkpoint_both_slots_fire_independently PASSED [ 76%]
tests/unit/test_notification_manager.py::test_commitment_checkpoint_prune_old_keys PASSED [ 76%]
tests/unit/test_notification_manager.py::test_commitment_checkpoint_state_persisted_before_send PASSED [ 76%]
tests/unit/test_notification_manager.py::test_commitment_checkpoint_no_resend_after_restart PASSED [ 76%]
tests/unit/test_notification_manager.py::test_briefing_includes_personal_todos_without_due_date PASSED [ 76%]
tests/unit/test_notification_manager.py::test_briefing_personal_todo_with_due_date_not_double_counted PASSED [ 76%]
tests/unit/test_project_inference_scanner.py::test_title_similarity_exact_match PASSED [ 76%]
tests/unit/test_project_inference_scanner.py::test_title_similarity_partial_match PASSED [ 76%]
tests/unit/test_project_inference_scanner.py::test_title_similarity_no_match PASSED [ 76%]
tests/unit/test_project_inference_scanner.py::test_skips_unchanged_mtime PASSED [ 76%]
tests/unit/test_project_inference_scanner.py::test_processes_new_mtime PASSED [ 76%]
tests/unit/test_project_inference_scanner.py::test_confidence_filter_below_threshold PASSED [ 76%]
tests/unit/test_project_inference_scanner.py::test_confidence_filter_above_threshold PASSED [ 76%]
tests/unit/test_project_inference_scanner.py::test_dedup_existing_project_by_title PASSED [ 76%]
tests/unit/test_project_inference_scanner.py::test_dedup_rejected_evidence PASSED [ 76%]
tests/unit/test_project_inference_scanner.py::test_candidate_file_format PASSED [ 76%]
tests/unit/test_project_inference_scanner.py::test_cap_20_files_per_cycle PASSED [ 76%]
tests/unit/test_project_inference_scanner.py::test_unmangle_collapses_injected_hostname PASSED [ 77%]
tests/unit/test_project_inference_scanner.py::test_unmangle_collapses_stacked_hostnames PASSED [ 77%]
tests/unit/test_project_inference_scanner.py::test_unmangle_prefers_status_confirmed_over_pending PASSED [ 77%]
tests/unit/test_project_inference_scanner.py::test_unmangle_prefers_newer_created_when_statuses_equal PASSED [ 77%]
tests/unit/test_project_inference_scanner.py::test_unmangle_skips_malformed_filename PASSED [ 77%]
tests/unit/test_project_inference_scanner.py::test_unmangle_sentinel_makes_idempotent PASSED [ 77%]
tests/unit/test_project_inference_scanner.py::test_unmangle_survives_icloud_edeadlk PASSED [ 77%]
tests/unit/test_project_inference_scanner.py::test_production_memories_dir_never_touched_during_tests PASSED [ 77%]
tests/unit/test_project_inference_scanner.py::test_noop_scan_still_runs_cleanup PASSED [ 77%]
tests/unit/test_project_inference_scanner.py::test_cleanup_expires_stale_candidates PASSED [ 77%]
tests/unit/test_project_inference_scanner.py::test_cleanup_preserves_confirmed_and_rejected PASSED [ 77%]
tests/unit/test_project_inference_scanner.py::test_cleanup_caps_pending_at_max PASSED [ 77%]
tests/unit/test_project_inference_scanner.py::test_cleanup_oldest_first_deletion_order PASSED [ 77%]
tests/unit/test_project_inference_scanner.py::test_cleanup_expires_stale_candidates_cache_mode PASSED [ 77%]
tests/unit/test_promote_local_features.py::test_skips_files_already_imported PASSED [ 77%]
tests/unit/test_promote_local_features.py::test_collects_only_pending_feature_requests PASSED [ 77%]
tests/unit/test_promote_local_features.py::test_dry_run_makes_no_filesystem_or_gh_calls PASSED [ 77%]
tests/unit/test_promote_local_features.py::test_successful_promote_stamps_frontmatter_and_archives PASSED [ 77%]
tests/unit/test_promote_local_features.py::test_done_status_closes_issue PASSED [ 77%]
tests/unit/test_promote_local_features.py::test_gh_failure_returns_nonzero PASSED [ 78%]
tests/unit/test_promote_local_features.py::test_gh_ensure_labels_calls_gh_for_each_standard_label PASSED [ 78%]
tests/unit/test_promote_local_features.py::test_gh_ensure_labels_warns_on_failure_but_continues PASSED [ 78%]
tests/unit/test_promote_local_features.py::test_nothing_to_promote_returns_zero PASSED [ 78%]
tests/unit/test_promote_local_features.py::test_inter_issue_delay_invoked_between_creates PASSED [ 78%]
tests/unit/test_quota_scanner.py::test_self_report_persists_state PASSED [ 78%]
tests/unit/test_quota_scanner.py::test_self_report_with_explicit_reset PASSED [ 78%]
tests/unit/test_quota_scanner.py::test_render_status_both_platforms PASSED [ 78%]
tests/unit/test_quota_scanner.py::test_render_status_unknown_when_unset PASSED [ 78%]
tests/unit/test_quota_scanner.py::test_window_decay_text PASSED          [ 78%]
tests/unit/test_quota_scanner.py::test_threshold_warning_fires_once_per_window PASSED [ 78%]
tests/unit/test_quota_scanner.py::test_threshold_critical_after_warning PASSED [ 78%]
tests/unit/test_quota_scanner.py::test_clear_platform_state PASSED       [ 78%]
tests/unit/test_quota_scanner.py::test_scrape_disabled_no_module_import PASSED [ 78%]
tests/unit/test_quota_scanner.py::test_scrape_failure_silent_with_24h_nudge PASSED [ 78%]
tests/unit/test_quota_scrapers.py::test_scrape_claude_missing_cookie_file PASSED [ 78%]
tests/unit/test_quota_scrapers.py::test_scrape_claude_not_implemented_when_cookie_present PASSED [ 78%]
tests/unit/test_quota_scrapers.py::test_scrape_chatgpt_missing_cookie_file PASSED [ 78%]
tests/unit/test_quota_scrapers.py::test_scrape_chatgpt_not_implemented_when_cookie_present PASSED [ 78%]
tests/unit/test_report_scheduler.py::test_parse_schedule_daily PASSED    [ 79%]
tests/unit/test_report_scheduler.py::test_parse_schedule_weekday PASSED  [ 79%]
tests/unit/test_report_scheduler.py::test_parse_schedule_weekend PASSED  [ 79%]
tests/unit/test_report_scheduler.py::test_parse_schedule_single_day PASSED [ 79%]
tests/unit/test_report_scheduler.py::test_parse_schedule_comma_separated_days PASSED [ 79%]
tests/unit/test_report_scheduler.py::test_parse_schedule_invalid_format_raises PASSED [ 79%]
tests/unit/test_report_scheduler.py::test_parse_schedule_invalid_time_format_raises PASSED [ 79%]
tests/unit/test_report_scheduler.py::test_parse_schedule_invalid_time_value_raises PASSED [ 79%]
tests/unit/test_report_scheduler.py::test_parse_schedule_invalid_day_raises PASSED [ 79%]
tests/unit/test_report_scheduler.py::test_parse_schedule_invalid_csv_day_raises PASSED [ 79%]
tests/unit/test_report_scheduler.py::test_is_due_returns_true_when_all_conditions_met PASSED [ 79%]
tests/unit/test_report_scheduler.py::test_is_due_false_when_paused PASSED [ 79%]
tests/unit/test_report_scheduler.py::test_is_due_false_when_wrong_weekday PASSED [ 79%]
tests/unit/test_report_scheduler.py::test_is_due_false_when_before_scheduled_time PASSED [ 79%]
tests/unit/test_report_scheduler.py::test_is_due_false_when_already_sent_today PASSED [ 79%]
tests/unit/test_report_scheduler.py::test_is_due_true_when_sent_yesterday PASSED [ 79%]
tests/unit/test_report_scheduler.py::test_is_due_false_on_invalid_schedule PASSED [ 79%]
tests/unit/test_report_scheduler.py::test_digest_generator_produces_header_with_title PASSED [ 79%]
tests/unit/test_report_scheduler.py::test_digest_generator_includes_memory_items PASSED [ 80%]
tests/unit/test_report_scheduler.py::test_digest_generator_caps_at_10_items_per_source PASSED [ 80%]
tests/unit/test_report_scheduler.py::test_digest_generator_no_items_returns_no_items_message PASSED [ 80%]
tests/unit/test_report_scheduler.py::test_digest_generator_skips_source_with_no_matching_memories PASSED [ 80%]
tests/unit/test_report_scheduler.py::test_add_runtime_report_stores_report PASSED [ 80%]
tests/unit/test_report_scheduler.py::test_add_runtime_report_invalid_schedule_raises PASSED [ 80%]
tests/unit/test_report_scheduler.py::test_add_runtime_report_invalid_type_raises PASSED [ 80%]
tests/unit/test_report_scheduler.py::test_add_runtime_report_invalid_source_raises PASSED [ 80%]
tests/unit/test_report_scheduler.py::test_remove_runtime_report_returns_true_and_removes PASSED [ 80%]
tests/unit/test_report_scheduler.py::test_remove_runtime_report_returns_false_when_not_found PASSED [ 80%]
tests/unit/test_report_scheduler.py::test_get_all_reports_includes_config_reports PASSED [ 80%]
tests/unit/test_report_scheduler.py::test_set_paused_config_report PASSED [ 80%]
tests/unit/test_report_scheduler.py::test_set_paused_runtime_report PASSED [ 80%]
tests/unit/test_report_scheduler.py::test_set_paused_returns_false_for_missing_runtime_report PASSED [ 80%]
tests/unit/test_report_scheduler.py::test_chunk_short_text_returns_single_chunk PASSED [ 80%]
tests/unit/test_report_scheduler.py::test_chunk_splits_at_newline PASSED [ 80%]
tests/unit/test_report_scheduler.py::test_chunk_hard_cuts_when_no_whitespace PASSED [ 80%]
tests/unit/test_report_scheduler.py::test_state_file_is_created_atomically PASSED [ 80%]
tests/unit/test_report_scheduler.py::test_load_state_returns_defaults_when_no_file PASSED [ 80%]
tests/unit/test_report_scheduler.py::test_load_memories_body_snippet_excludes_frontmatter PASSED [ 81%]
tests/unit/test_requirements_manifest.py::test_every_third_party_import_in_requirements PASSED [ 81%]
tests/unit/test_requirements_manifest.py::test_no_unused_requirements PASSED [ 81%]
tests/unit/test_secrets.py::test_get_secret_returns_value_on_success PASSED [ 81%]
tests/unit/test_secrets.py::test_get_secret_returns_none_on_miss PASSED  [ 81%]
tests/unit/test_secrets.py::test_get_secret_caches_result PASSED         [ 81%]
tests/unit/test_secrets.py::test_get_secret_handles_subprocess_error PASSED [ 81%]
tests/unit/test_secrets.py::test_get_secret_handles_timeout PASSED       [ 81%]
tests/unit/test_secrets.py::test_get_secret_or_env_prefers_keychain PASSED [ 81%]
tests/unit/test_secrets.py::test_get_secret_or_env_falls_back_to_env PASSED [ 81%]
tests/unit/test_secrets.py::test_get_secret_or_env_returns_none_when_missing PASSED [ 81%]
tests/unit/test_secrets.py::test_get_secret_or_env_caches_env_fallback PASSED [ 81%]
tests/unit/test_skill_creator.py::test_handle_gap_disabled PASSED        [ 81%]
tests/unit/test_skill_creator.py::test_handle_gap_in_cooldown PASSED     [ 81%]
tests/unit/test_skill_creator.py::test_handle_gap_creates_draft_with_approval PASSED [ 81%]
tests/unit/test_skill_creator.py::test_handle_gap_creates_skill_without_approval PASSED [ 81%]
tests/unit/test_skill_creator.py::test_approve_draft PASSED              [ 81%]
tests/unit/test_skill_creator.py::test_reject_draft PASSED               [ 81%]
tests/unit/test_skill_creator.py::test_increment_probation PASSED        [ 81%]
tests/unit/test_skill_creator.py::test_set_approval_override PASSED      [ 82%]
tests/unit/test_skill_creator.py::test_list_pending_drafts PASSED        [ 82%]
tests/unit/test_skill_creator.py::test_run_probation_check_graduation PASSED [ 82%]
tests/unit/test_skill_creator.py::test_run_probation_check_failed PASSED [ 82%]
tests/unit/test_skill_creator.py::test_atomic_write PASSED               [ 82%]
tests/unit/test_skill_executor.py::test_loads_instructions PASSED        [ 82%]
tests/unit/test_skill_executor.py::test_loads_preferred_model PASSED     [ 82%]
tests/unit/test_skill_executor.py::test_loads_skill_name PASSED          [ 82%]
tests/unit/test_skill_executor.py::test_run_returns_llm_content PASSED   [ 82%]
tests/unit/test_skill_executor.py::test_run_uses_preferred_model PASSED  [ 82%]
tests/unit/test_skill_executor.py::test_full_node_appends_row_to_skill_file PASSED [ 82%]
tests/unit/test_skill_executor.py::test_full_node_creates_execution_history_section_if_missing PASSED [ 82%]
tests/unit/test_skill_executor.py::test_watcher_writes_to_local_jsonl PASSED [ 82%]
tests/unit/test_skill_executor.py::test_watcher_does_not_modify_skill_file PASSED [ 82%]
tests/unit/test_skill_executor.py::test_log_execution_chat_full_writes_to_local_jsonl PASSED [ 82%]
tests/unit/test_skill_executor.py::test_log_execution_non_chat_full_writes_to_skill_file PASSED [ 82%]
tests/unit/test_skill_executor.py::test_run_returns_none_on_api_error PASSED [ 82%]
tests/unit/test_skill_executor.py::test_run_writes_error_log_on_failure PASSED [ 82%]
tests/unit/test_skill_executor.py::test_error_score_logged_as_zero PASSED [ 82%]
tests/unit/test_skill_executor.py::test_run_falls_back_on_error PASSED   [ 83%]
tests/unit/test_skill_executor.py::test_run_happy_path_does_not_call_fallback PASSED [ 83%]
tests/unit/test_skill_executor.py::test_run_both_models_fail_writes_error_log PASSED [ 83%]
tests/unit/test_skill_executor.py::test_run_no_fallback_when_field_missing PASSED [ 83%]
tests/unit/test_skill_executor.py::test_run_execution_log_records_fallback_model_when_used PASSED [ 83%]
tests/unit/test_skill_executor.py::test_run_resolves_alias_model PASSED  [ 83%]
tests/unit/test_skill_executor.py::test_run_with_tools_resolves_alias_model PASSED [ 83%]
tests/unit/test_skill_executor.py::test_run_uses_max_tokens_from_frontmatter PASSED [ 83%]
tests/unit/test_skill_executor.py::test_run_defaults_max_tokens_to_1000 PASSED [ 83%]
tests/unit/test_skill_executor.py::test_run_auth_error_raises_skill_auth_error_not_retried PASSED [ 83%]
tests/unit/test_skill_executor.py::test_run_permission_denied_falls_back_to_next_model PASSED [ 83%]
tests/unit/test_skill_executor.py::test_run_permission_denied_all_models_returns_none PASSED [ 83%]
tests/unit/test_skill_executor.py::test_run_with_tools_permission_denied_falls_back PASSED [ 83%]
tests/unit/test_skill_executor.py::test_run_transient_error_falls_back_to_next_model PASSED [ 83%]
tests/unit/test_skill_executor.py::test_run_with_tools_auth_error_raises_skill_auth_error_not_retried PASSED [ 83%]
tests/unit/test_skill_executor.py::test_run_with_tools_transient_error_falls_back PASSED [ 83%]
tests/unit/test_skill_executor.py::test_make_slug_url_inputs_embed_hash PASSED [ 83%]
tests/unit/test_skill_executor.py::test_make_slug_url_with_title_uses_title_fragment PASSED [ 83%]
tests/unit/test_skill_executor.py::test_make_slug_url_without_title_uses_url_for_fragment PASSED [ 83%]
tests/unit/test_skill_executor.py::test_make_slug_non_url_sanitizes_input PASSED [ 84%]
tests/unit/test_skill_executor.py::test_make_slug_empty_inputs_returns_unknown PASSED [ 84%]
tests/unit/test_skill_executor.py::test_make_slug_chat_context_no_newlines PASSED [ 84%]
tests/unit/test_skill_executor.py::test_run_wraps_inputs_in_untrusted_tags PASSED [ 84%]
tests/unit/test_skill_executor.py::test_run_system_message_warns_about_untrusted_inputs PASSED [ 84%]
tests/unit/test_skill_executor.py::test_run_injection_attempt_is_contained PASSED [ 84%]
tests/unit/test_skill_executor.py::test_run_original_skill_instructions_unchanged PASSED [ 84%]
tests/unit/test_skill_executor.py::test_skill_load_succeeds_when_checksum_matches PASSED [ 84%]
tests/unit/test_skill_executor.py::test_skill_load_fails_when_checksum_mismatches PASSED [ 84%]
tests/unit/test_skill_executor.py::test_skill_load_succeeds_when_no_manifest PASSED [ 84%]
tests/unit/test_skill_executor.py::test_skill_load_succeeds_when_skill_not_in_manifest PASSED [ 84%]
tests/unit/test_skill_executor.py::test_run_passes_default_timeout_to_acompletion PASSED [ 84%]
tests/unit/test_skill_executor.py::test_run_uses_skill_frontmatter_timeout PASSED [ 84%]
tests/unit/test_skill_executor.py::test_run_with_tools_passes_default_timeout PASSED [ 84%]
tests/unit/test_skill_executor.py::test_run_with_tools_falls_back_on_timeout PASSED [ 84%]
tests/unit/test_skill_executor.py::test_run_with_tools_returns_none_when_all_models_timeout PASSED [ 84%]
tests/unit/test_skill_executor.py::test_parse_examples_extracts_input_and_output PASSED [ 84%]
tests/unit/test_skill_executor.py::test_parse_examples_empty_returns_empty PASSED [ 84%]
tests/unit/test_skill_executor.py::test_parse_examples_multiple PASSED   [ 85%]
tests/unit/test_skill_executor.py::test_skill_with_examples_loaded PASSED [ 85%]
tests/unit/test_skill_executor.py::test_run_injects_examples_as_few_shot_messages PASSED [ 85%]
tests/unit/test_skill_executor.py::test_run_without_examples_still_has_two_messages PASSED [ 85%]
tests/unit/test_skill_executor.py::test_run_example_output_is_exact_assistant_content PASSED [ 85%]
tests/unit/test_skill_executor.py::test_reload_if_modified_keeps_cached_skill_on_icloud_lock PASSED [ 85%]
tests/unit/test_skill_executor_tools.py::test_run_with_tools_no_tool_calls PASSED [ 85%]
tests/unit/test_skill_executor_tools.py::test_run_with_tools_one_tool_call PASSED [ 85%]
tests/unit/test_skill_executor_tools.py::test_run_with_tools_max_iterations PASSED [ 85%]
tests/unit/test_skill_executor_tools.py::test_run_with_tools_fallback_on_error PASSED [ 85%]
tests/unit/test_skill_executor_tools.py::test_run_with_tools_all_models_fail PASSED [ 85%]
tests/unit/test_skill_executor_tools.py::test_run_with_tools_invalid_json_arguments PASSED [ 85%]
tests/unit/test_skill_optimizer.py::test_scheduling_calculates_correct_sleep PASSED [ 85%]
tests/unit/test_skill_optimizer.py::test_scheduling_next_day_if_past_run_hour PASSED [ 85%]
tests/unit/test_skill_optimizer.py::test_merge_watcher_logs_appends_rows PASSED [ 85%]
tests/unit/test_skill_optimizer.py::test_merge_watcher_logs_renames_processed PASSED [ 85%]
tests/unit/test_skill_optimizer.py::test_merge_watcher_logs_skips_missing_skill PASSED [ 85%]
tests/unit/test_skill_optimizer.py::test_merge_chat_execution_log PASSED [ 85%]
tests/unit/test_skill_optimizer.py::test_merge_chat_execution_log_no_file PASSED [ 85%]
tests/unit/test_skill_optimizer.py::test_score_pending_updates_row PASSED [ 86%]
tests/unit/test_skill_optimizer.py::test_score_pending_updates_frontmatter PASSED [ 86%]
tests/unit/test_skill_optimizer.py::test_score_no_memory_file_leaves_pending PASSED [ 86%]
tests/unit/test_skill_optimizer.py::test_gates_min_runs_not_met PASSED   [ 86%]
tests/unit/test_skill_optimizer.py::test_gates_above_skip_threshold PASSED [ 86%]
tests/unit/test_skill_optimizer.py::test_gates_above_underperformance PASSED [ 86%]
tests/unit/test_skill_optimizer.py::test_gates_meta_skill_always_skipped PASSED [ 86%]
tests/unit/test_skill_optimizer.py::test_backup_rotation PASSED          [ 86%]
tests/unit/test_skill_optimizer.py::test_backup_rotation_max_reached PASSED [ 86%]
tests/unit/test_skill_optimizer.py::test_regression_triggers_rollback PASSED [ 86%]
tests/unit/test_skill_optimizer.py::test_regression_no_rollback_within_tolerance PASSED [ 86%]
tests/unit/test_skill_optimizer.py::test_regression_no_backup_logs_warning PASSED [ 86%]
tests/unit/test_skill_optimizer.py::test_critique_json_parse_failure_skips PASSED [ 86%]
tests/unit/test_skill_optimizer.py::test_rewrite_identical_instructions_noop PASSED [ 86%]
tests/unit/test_skill_optimizer.py::test_rewrite_updates_version_in_frontmatter PASSED [ 86%]
tests/unit/test_skill_optimizer.py::test_exemplars_injected_for_eligible_skill PASSED [ 86%]
tests/unit/test_skill_optimizer.py::test_exemplars_not_injected_for_ineligible PASSED [ 86%]
tests/unit/test_skill_optimizer.py::test_exemplars_section_replaced_not_appended PASSED [ 86%]
tests/unit/test_skill_optimizer.py::test_history_pruning_keeps_newest PASSED [ 86%]
tests/unit/test_skill_optimizer.py::test_history_pruning_preserves_pending PASSED [ 87%]
tests/unit/test_skill_optimizer.py::test_history_pruning_noop_under_limit PASSED [ 87%]
tests/unit/test_skill_optimizer.py::test_evolution_log_entry_format PASSED [ 87%]
tests/unit/test_skill_optimizer.py::test_atomic_write_no_tmp_left PASSED [ 87%]
tests/unit/test_skill_optimizer.py::test_dry_run_no_files_written PASSED [ 87%]
tests/unit/test_skill_optimizer.py::test_dry_run_logs_proposed_changes PASSED [ 87%]
tests/unit/test_skill_optimizer.py::test_executor_reload_on_modify PASSED [ 87%]
tests/unit/test_skill_optimizer.py::test_compute_utility_score_basic PASSED [ 87%]
tests/unit/test_skill_optimizer.py::test_compute_utility_score_fewer_than_3_returns_none PASSED [ 87%]
tests/unit/test_skill_optimizer.py::test_compute_utility_score_recent_weighed_more PASSED [ 87%]
tests/unit/test_skill_optimizer.py::test_compute_utility_score_half_life_config PASSED [ 87%]
tests/unit/test_skill_optimizer.py::test_compute_utility_score_skips_non_numeric PASSED [ 87%]
tests/unit/test_skill_optimizer.py::test_compute_trend_improving PASSED  [ 87%]
tests/unit/test_skill_optimizer.py::test_compute_trend_declining PASSED  [ 87%]
tests/unit/test_skill_optimizer.py::test_compute_trend_stable PASSED     [ 87%]
tests/unit/test_skill_optimizer.py::test_compute_trend_insufficient_data PASSED [ 87%]
tests/unit/test_skill_optimizer.py::test_update_frontmatter_writes_utility_score PASSED [ 87%]
tests/unit/test_skill_optimizer.py::test_gates_use_utility_score_over_success_rate PASSED [ 87%]
tests/unit/test_skill_optimizer.py::test_declining_skill_priority_bypasses_min_runs PASSED [ 87%]
tests/unit/test_skill_optimizer.py::test_find_output_by_slug_matches_by_hash PASSED [ 88%]
tests/unit/test_skill_optimizer.py::test_find_output_by_slug_no_match_different_hash PASSED [ 88%]
tests/unit/test_skill_optimizer.py::test_find_output_by_slug_legacy_substring_fallback PASSED [ 88%]
tests/unit/test_skill_optimizer.py::test_score_pending_rows_chat_marked_na PASSED [ 88%]
tests/unit/test_skill_optimizer.py::test_parse_history_rows_includes_zero_scores PASSED [ 88%]
tests/unit/test_skill_optimizer.py::test_parse_history_rows_skips_na PASSED [ 88%]
tests/unit/test_skill_optimizer.py::test_missed_pass_recovery_runs_pass_when_stale PASSED [ 88%]
tests/unit/test_skill_optimizer.py::test_judge_timeout_leaves_row_pending PASSED [ 88%]
tests/unit/test_skill_optimizer.py::test_rewrite_missing_instructions_logs_preview PASSED [ 88%]
tests/unit/test_skill_optimizer.py::test_rewrite_updates_skill_checksum PASSED [ 88%]
tests/unit/test_skill_optimizer.py::test_critique_includes_lean_issues_in_json_output PASSED [ 88%]
tests/unit/test_skill_optimizer.py::test_critique_lean_issues_defaults_to_empty_list_when_absent PASSED [ 88%]
tests/unit/test_skill_optimizer.py::test_critique_lean_issues_wrong_type_normalised PASSED [ 88%]
tests/unit/test_skill_optimizer.py::test_critique_lean_issues_passed_to_rewrite_as_json PASSED [ 88%]
tests/unit/test_skill_optimizer.py::test_run_loop_scheduled_pass_failure_records_error_beat PASSED [ 88%]
tests/unit/test_skill_router.py::test_arxiv_url_is_research_paper PASSED [ 88%]
tests/unit/test_skill_router.py::test_semanticscholar_is_research_paper PASSED [ 88%]
tests/unit/test_skill_router.py::test_github_repo_url_is_code_repo PASSED [ 88%]
tests/unit/test_skill_router.py::test_github_issues_url_is_not_code_repo PASSED [ 88%]
tests/unit/test_skill_router.py::test_docs_python_org_is_documentation PASSED [ 89%]
tests/unit/test_skill_router.py::test_readthedocs_domain_is_documentation PASSED [ 89%]
tests/unit/test_skill_router.py::test_docs_subdomain_is_documentation PASSED [ 89%]
tests/unit/test_skill_router.py::test_youtube_watch_is_video_transcript PASSED [ 89%]
tests/unit/test_skill_router.py::test_youtu_be_short_url_is_video_transcript PASSED [ 89%]
tests/unit/test_skill_router.py::test_vimeo_is_video_transcript PASSED   [ 89%]
tests/unit/test_skill_router.py::test_unknown_url_returns_default PASSED [ 89%]
tests/unit/test_skill_router.py::test_invalid_url_returns_default_without_raising PASSED [ 89%]
tests/unit/test_skill_router.py::test_empty_url_returns_default_without_raising PASSED [ 89%]
tests/unit/test_skill_router.py::test_pdf_header_is_research_paper PASSED [ 89%]
tests/unit/test_skill_router.py::test_video_header_is_video_transcript PASSED [ 89%]
tests/unit/test_skill_router.py::test_python_source_header_is_code_repo PASSED [ 89%]
tests/unit/test_skill_router.py::test_research_paper_signals_detected PASSED [ 89%]
tests/unit/test_skill_router.py::test_video_transcript_signal_overrides_others PASSED [ 89%]
tests/unit/test_skill_router.py::test_short_content_returns_none_for_content_detection PASSED [ 89%]
tests/unit/test_skill_router.py::test_no_signals_returns_default PASSED  [ 89%]
tests/unit/test_skill_router.py::test_research_paper_maps_to_summarize_deep PASSED [ 89%]
tests/unit/test_skill_router.py::test_default_maps_to_summarize_webpage PASSED [ 89%]
tests/unit/test_skill_router.py::test_documentation_maps_to_summarize_docs PASSED [ 90%]
tests/unit/test_skill_router.py::test_code_repo_maps_to_summarize_repo PASSED [ 90%]
tests/unit/test_skill_router.py::test_video_transcript_maps_to_summarize_transcript PASSED [ 90%]
tests/unit/test_skill_router.py::test_long_default_article_promoted_to_deep PASSED [ 90%]
tests/unit/test_skill_router.py::test_short_default_article_stays_standard PASSED [ 90%]
tests/unit/test_skill_router.py::test_long_research_paper_stays_deep PASSED [ 90%]
tests/unit/test_skill_router.py::test_unknown_content_type_falls_back_to_summarize_webpage PASSED [ 90%]
tests/unit/test_skill_router.py::test_all_content_types_in_skill_registry PASSED [ 90%]
tests/unit/test_skill_router.py::test_all_content_types_in_depth_registry PASSED [ 90%]
tests/unit/test_slack_adapter.py::test_unauthorized_user_ignored PASSED  [ 90%]
tests/unit/test_slack_adapter.py::test_bot_message_ignored PASSED        [ 90%]
tests/unit/test_slack_adapter.py::test_command_dispatch PASSED           [ 90%]
tests/unit/test_slack_adapter.py::test_command_with_args PASSED          [ 90%]
tests/unit/test_slack_adapter.py::test_unknown_command_replies_hint PASSED [ 90%]
tests/unit/test_slack_adapter.py::test_dm_channel_id_cached PASSED       [ 90%]
tests/unit/test_slack_adapter.py::test_free_text_calls_handle_message PASSED [ 90%]
tests/unit/test_slack_adapter.py::test_send_text_chunks_long_message PASSED [ 90%]
tests/unit/test_slack_adapter.py::test_max_message_length PASSED         [ 90%]
tests/unit/test_slack_adapter.py::test_empty_text_ignored PASSED         [ 90%]
tests/unit/test_slack_adapter.py::test_whitespace_only_text_ignored PASSED [ 91%]
tests/unit/test_slack_adapter.py::test_start_accepts_stop_event PASSED   [ 91%]
tests/unit/test_slack_adapter.py::test_get_chat_id_returns_none_before_first_message PASSED [ 91%]
tests/unit/test_slack_adapter.py::test_get_chat_id_returns_dm_channel_after_first_message PASSED [ 91%]
tests/unit/test_slack_client.py::test_api_call_success PASSED            [ 91%]
tests/unit/test_slack_client.py::test_api_call_ok_false_returns_none PASSED [ 91%]
tests/unit/test_slack_client.py::test_api_call_401_returns_none PASSED   [ 91%]
tests/unit/test_slack_client.py::test_api_call_429_retry_after PASSED    [ 91%]
tests/unit/test_slack_client.py::test_api_call_429_persistent_returns_none PASSED [ 91%]
tests/unit/test_slack_client.py::test_api_call_exception_returns_none PASSED [ 91%]
tests/unit/test_slack_client.py::test_resolve_user_returns_real_name PASSED [ 91%]
tests/unit/test_slack_client.py::test_resolve_user_falls_back_to_name PASSED [ 91%]
tests/unit/test_slack_client.py::test_resolve_user_cache_hit PASSED      [ 91%]
tests/unit/test_slack_client.py::test_resolve_user_unknown_on_api_failure PASSED [ 91%]
tests/unit/test_slack_client.py::test_list_channels_single_page PASSED   [ 91%]
tests/unit/test_slack_client.py::test_list_channels_pagination PASSED    [ 91%]
tests/unit/test_slack_client.py::test_list_channels_skips_archived PASSED [ 91%]
tests/unit/test_slack_client.py::test_list_channels_api_failure_returns_empty PASSED [ 91%]
tests/unit/test_slack_client.py::test_post_message_success PASSED        [ 91%]
tests/unit/test_slack_client.py::test_post_message_failure_returns_false PASSED [ 92%]
tests/unit/test_slack_client.py::test_clear_user_cache PASSED            [ 92%]
tests/unit/test_slack_client.py::test_api_call_non_json_returns_none PASSED [ 92%]
tests/unit/test_slack_scanner.py::test_missing_token_logs_warning_and_exits PASSED [ 92%]
tests/unit/test_slack_scanner.py::test_invalid_token_logs_error_and_exits PASSED [ 92%]
tests/unit/test_slack_scanner.py::test_auth_failure_records_error_beat PASSED [ 92%]
tests/unit/test_slack_scanner.py::test_resolve_self_populates_own_user_id PASSED [ 92%]
tests/unit/test_slack_scanner.py::test_resolve_self_401_logs_friendly_error PASSED [ 92%]
tests/unit/test_slack_scanner.py::test_channel_include_whitelist PASSED  [ 92%]
tests/unit/test_slack_scanner.py::test_channel_include_overrides_exclude PASSED [ 92%]
tests/unit/test_slack_scanner.py::test_channel_exclude_blacklist PASSED  [ 92%]
tests/unit/test_slack_scanner.py::test_archived_channel_always_excluded PASSED [ 92%]
tests/unit/test_slack_scanner.py::test_high_water_incremental_polling PASSED [ 92%]
tests/unit/test_slack_scanner.py::test_first_run_uses_lookback_days PASSED [ 92%]
tests/unit/test_slack_scanner.py::test_thread_detection PASSED           [ 92%]
tests/unit/test_slack_scanner.py::test_min_thread_messages_filter PASSED [ 92%]
tests/unit/test_slack_scanner.py::test_standalone_messages_skipped PASSED [ 92%]
tests/unit/test_slack_scanner.py::test_change_detection_unchanged PASSED [ 92%]
tests/unit/test_slack_scanner.py::test_change_detection_new_reply PASSED [ 92%]
tests/unit/test_slack_scanner.py::test_user_id_resolution_cached PASSED  [ 93%]
tests/unit/test_slack_scanner.py::test_user_id_resolution_unknown PASSED [ 93%]
tests/unit/test_slack_scanner.py::test_slack_user_id_identified PASSED   [ 93%]
tests/unit/test_slack_scanner.py::test_write_memory_atomic PASSED        [ 93%]
tests/unit/test_slack_scanner.py::test_write_memory_type PASSED          [ 93%]
tests/unit/test_slack_scanner.py::test_write_memory_field_order PASSED   [ 93%]
tests/unit/test_slack_scanner.py::test_source_url_scheme PASSED          [ 93%]
tests/unit/test_slack_scanner.py::test_source_title_from_root_message PASSED [ 93%]
tests/unit/test_slack_scanner.py::test_messages_capped_at_50_lines PASSED [ 93%]
tests/unit/test_slack_scanner.py::test_rate_limit_retry_after PASSED     [ 93%]
tests/unit/test_slack_scanner.py::test_rate_limit_two_consecutive_skips PASSED [ 93%]
tests/unit/test_slack_scanner.py::test_inter_request_delay PASSED        [ 93%]
tests/unit/test_slack_scanner.py::test_state_file_created_on_first_run PASSED [ 93%]
tests/unit/test_slack_scanner.py::test_state_file_persists_high_water PASSED [ 93%]
tests/unit/test_slack_scanner.py::test_thread_state_pruned_by_age PASSED [ 93%]
tests/unit/test_slack_scanner.py::test_max_channels_per_cycle PASSED     [ 93%]
tests/unit/test_slack_scanner.py::test_max_threads_per_channel PASSED    [ 93%]
tests/unit/test_slack_scanner.py::test_watcher_role_skips_slack_scanner PASSED [ 93%]
tests/unit/test_slack_scanner.py::test_backfill_clears_high_water_per_channel PASSED [ 93%]
tests/unit/test_synthesis_scanner.py::test_cluster_hash_deterministic PASSED [ 94%]
tests/unit/test_synthesis_scanner.py::test_build_clusters_finds_related_by_tags PASSED [ 94%]
tests/unit/test_synthesis_scanner.py::test_build_clusters_finds_related_by_title_similarity PASSED [ 94%]
tests/unit/test_synthesis_scanner.py::test_build_clusters_skips_synthesis_type PASSED [ 94%]
tests/unit/test_synthesis_scanner.py::test_build_clusters_skips_excluded_types PASSED [ 94%]
tests/unit/test_synthesis_scanner.py::test_small_cluster_below_threshold_excluded PASSED [ 94%]
tests/unit/test_synthesis_scanner.py::test_run_once_skips_already_processed PASSED [ 94%]
tests/unit/test_synthesis_scanner.py::test_run_once_writes_synthesis_memory PASSED [ 94%]
tests/unit/test_synthesis_scanner.py::test_jaccard_similarity PASSED     [ 94%]
tests/unit/test_telegram_adapter.py::test_max_message_length PASSED      [ 94%]
tests/unit/test_telegram_adapter.py::test_send_text_calls_bot_send_message PASSED [ 94%]
tests/unit/test_telegram_adapter.py::test_send_text_chunks_at_4096 PASSED [ 94%]
tests/unit/test_telegram_adapter.py::test_send_text_no_bot_raises PASSED [ 94%]
tests/unit/test_telegram_adapter.py::test_send_text_bot_error_propagates PASSED [ 94%]
tests/unit/test_telegram_adapter.py::test_send_typing_calls_send_chat_action PASSED [ 94%]
tests/unit/test_telegram_adapter.py::test_send_typing_no_bot_is_silent PASSED [ 94%]
tests/unit/test_telegram_adapter.py::test_get_chat_id_none_when_no_chat_id_anywhere PASSED [ 94%]
tests/unit/test_telegram_adapter.py::test_get_chat_id_falls_back_to_notification_state PASSED [ 94%]
tests/unit/test_telegram_adapter.py::test_bot_returns_none_when_app_is_none PASSED [ 95%]
tests/unit/test_telegram_adapter.py::test_bot_returns_none_when_app_has_no_bot PASSED [ 95%]
tests/unit/test_telegram_adapter.py::test_bot_returns_bot_from_app PASSED [ 95%]
tests/unit/test_telegram_adapter.py::test_bot_returns_bot_using_app_attribute PASSED [ 95%]
tests/unit/test_transport.py::test_command_context_required_fields PASSED [ 95%]
tests/unit/test_transport.py::test_command_context_raw_text_defaults_to_empty_string PASSED [ 95%]
tests/unit/test_transport.py::test_command_context_raw_text_can_be_set PASSED [ 95%]
tests/unit/test_transport.py::test_command_context_reply_is_callable PASSED [ 95%]
tests/unit/test_transport.py::test_command_context_send_typing_is_callable PASSED [ 95%]
tests/unit/test_usage_tracker.py::test_record_usage_creates_state_file PASSED [ 95%]
tests/unit/test_usage_tracker.py::test_record_usage_accumulates_tokens PASSED [ 95%]
tests/unit/test_usage_tracker.py::test_record_usage_multiple_models PASSED [ 95%]
tests/unit/test_usage_tracker.py::test_record_usage_skips_zero_tokens PASSED [ 95%]
tests/unit/test_usage_tracker.py::test_record_usage_noop_on_exception PASSED [ 95%]
tests/unit/test_usage_tracker.py::test_record_usage_atomic_write PASSED  [ 95%]
tests/unit/test_usage_tracker.py::test_render_usage_no_data PASSED       [ 95%]
tests/unit/test_usage_tracker.py::test_render_usage_shows_totals PASSED  [ 95%]
tests/unit/test_usage_tracker.py::test_render_usage_respects_days_window PASSED [ 95%]
tests/unit/test_usage_tracker.py::test_render_usage_includes_recent_data PASSED [ 95%]
tests/unit/test_usage_tracker.py::test_render_usage_shows_grand_total PASSED [ 96%]
tests/unit/test_usage_tracker.py::test_render_daily_breakdown_no_data PASSED [ 96%]
tests/unit/test_usage_tracker.py::test_render_daily_breakdown_shows_dates PASSED [ 96%]
tests/unit/test_usage_tracker.py::test_old_entries_pruned_on_record PASSED [ 96%]
tests/unit/test_utils.py::test_is_conflict_copy_matches_various_formats PASSED [ 96%]
tests/unit/test_utils.py::test_is_conflict_copy_false_for_normal_file PASSED [ 96%]
tests/unit/test_utils.py::test_glob_memories_filters_conflict_copies PASSED [ 96%]
tests/unit/test_version.py::test_version_file_exists PASSED              [ 96%]
tests/unit/test_version.py::test_version_is_valid_semver PASSED          [ 96%]
tests/unit/test_version.py::test_cmd_version_reads_version_file PASSED   [ 96%]
tests/unit/test_watcher_role_packages.py::test_watcher_closure_third_party_subset_of_watcher_packages PASSED [ 96%]
tests/unit/test_watchlist_checker.py::test_active_watchlist_matches_topic PASSED [ 96%]
tests/unit/test_watchlist_checker.py::test_expired_watchlist_not_triggered PASSED [ 96%]
tests/unit/test_watchlist_checker.py::test_person_filter_blocks_nonmatch PASSED [ 96%]
tests/unit/test_watchlist_checker.py::test_person_filter_matches PASSED  [ 96%]
tests/unit/test_watchlist_checker.py::test_type_filter_blocks_nonmatch PASSED [ 96%]
tests/unit/test_watchlist_checker.py::test_triggered_watchlist_status_updated PASSED [ 96%]
tests/unit/test_watchlist_checker.py::test_expired_datetime_marks_expired PASSED [ 96%]
tests/unit/test_watchlist_checker.py::test_multiple_keywords_all_must_match PASSED [ 96%]
tests/unit/test_watchlist_checker.py::test_person_match_in_body PASSED   [ 97%]
tests/unit/test_zoom_scanner.py::test_parse_vtt_basic PASSED             [ 97%]
tests/unit/test_zoom_scanner.py::test_parse_vtt_speaker_attribution PASSED [ 97%]
tests/unit/test_zoom_scanner.py::test_parse_vtt_continuation_lines PASSED [ 97%]
tests/unit/test_zoom_scanner.py::test_parse_vtt_no_speakers PASSED       [ 97%]
tests/unit/test_zoom_scanner.py::test_parse_vtt_empty PASSED             [ 97%]
tests/unit/test_zoom_scanner.py::test_parse_vtt_multiple_speakers_in_order PASSED [ 97%]
tests/unit/test_zoom_scanner.py::test_parse_timestamp_ms PASSED          [ 97%]
tests/unit/test_zoom_scanner.py::test_parse_timestamp_ms_comma_separator PASSED [ 97%]
tests/unit/test_zoom_scanner.py::test_parse_timestamp_ms_zero PASSED     [ 97%]
tests/unit/test_zoom_scanner.py::test_match_speakers_exact PASSED        [ 97%]
tests/unit/test_zoom_scanner.py::test_match_speakers_first_name PASSED   [ 97%]
tests/unit/test_zoom_scanner.py::test_match_speakers_no_match PASSED     [ 97%]
tests/unit/test_zoom_scanner.py::test_match_speakers_no_email_in_participant PASSED [ 97%]
tests/unit/test_zoom_scanner.py::test_token_cache_hit PASSED             [ 97%]
tests/unit/test_zoom_scanner.py::test_token_cache_refresh PASSED         [ 97%]
tests/unit/test_zoom_scanner.py::test_missing_credentials_logs_warning PASSED [ 97%]
tests/unit/test_zoom_scanner.py::test_dedup_skips_processed_uuid PASSED  [ 97%]
tests/unit/test_zoom_scanner.py::test_state_file_persists_uuid PASSED    [ 97%]
tests/unit/test_zoom_scanner.py::test_state_file_created_if_missing PASSED [ 98%]
tests/unit/test_zoom_scanner.py::test_rate_limit_respects_retry_after PASSED [ 98%]
tests/unit/test_zoom_scanner.py::test_write_memory_field_order PASSED    [ 98%]
tests/unit/test_zoom_scanner.py::test_write_memory_atomic PASSED         [ 98%]
tests/unit/test_zoom_scanner.py::test_transcript_truncated_at_50_lines PASSED [ 98%]
tests/unit/test_zoom_scanner.py::test_watcher_role_skips_zoom_scanner PASSED [ 98%]
tests/unit/test_zoom_scanner.py::test_backfill_clears_processed_uuids PASSED [ 98%]
tests/unit/test_zoom_scanner.py::test_parse_summary_content_html PASSED  [ 98%]
tests/unit/test_zoom_scanner.py::test_parse_summary_content_plain_text PASSED [ 98%]
tests/unit/test_zoom_scanner.py::test_parse_summary_content_empty PASSED [ 98%]
tests/unit/test_zoom_scanner.py::test_parse_summary_content_no_markers PASSED [ 98%]
tests/unit/test_zoom_scanner.py::test_summary_source_llm_in_frontmatter PASSED [ 98%]
tests/unit/test_zoom_scanner.py::test_summary_source_ai_companion_in_frontmatter PASSED [ 98%]
tests/unit/test_zoom_scanner.py::test_action_items_section_written PASSED [ 98%]
tests/unit/test_zoom_scanner.py::test_ai_companion_merged_no_key_decisions PASSED [ 98%]
tests/unit/test_zoom_scanner.py::test_dedup_processed_summaries PASSED   [ 98%]
tests/unit/test_zoom_scanner.py::test_graceful_degradation_403 PASSED    [ 98%]
tests/unit/test_zoom_scanner.py::test_ai_companion_disabled_config PASSED [ 98%]
tests/unit/test_zoom_scanner.py::test_state_backwards_compat_processed_summaries PASSED [ 98%]
tests/unit/test_zoom_scanner.py::test_add_processed_summary_caps_at_10k PASSED [ 99%]
tests/unit/test_zoom_scanner.py::test_ai_companion_only_memory_written PASSED [ 99%]
tests/unit/test_zoom_scanner.py::test_numeric_meeting_id_in_summary_request PASSED [ 99%]
tests/unit/test_zoom_scanner.py::test_parse_folder_name_valid PASSED     [ 99%]
tests/unit/test_zoom_scanner.py::test_parse_folder_name_no_topic PASSED  [ 99%]
tests/unit/test_zoom_scanner.py::test_parse_folder_name_invalid PASSED   [ 99%]
tests/unit/test_zoom_scanner.py::test_folder_hash_is_8_chars PASSED      [ 99%]
tests/unit/test_zoom_scanner.py::test_local_folder_discovered PASSED     [ 99%]
tests/unit/test_zoom_scanner.py::test_local_folder_without_vtt_skipped PASSED [ 99%]
tests/unit/test_zoom_scanner.py::test_local_metadata_from_folder_name PASSED [ 99%]
tests/unit/test_zoom_scanner.py::test_local_source_url_scheme PASSED     [ 99%]
tests/unit/test_zoom_scanner.py::test_local_participants_empty_speakers_populated PASSED [ 99%]
tests/unit/test_zoom_scanner.py::test_local_dedup PASSED                 [ 99%]
tests/unit/test_zoom_scanner.py::test_local_state_backwards_compat PASSED [ 99%]
tests/unit/test_zoom_scanner.py::test_local_disabled_by_default PASSED   [ 99%]
tests/unit/test_zoom_scanner.py::test_local_missing_directory_warning PASSED [ 99%]
tests/unit/test_zoom_scanner.py::test_state_file_created_if_missing_updated PASSED [ 99%]
tests/unit/test_zoom_scanner.py::test_watcher_role_skips_zoom_scanner_updated PASSED [ 99%]
tests/unit/test_zoom_scanner.py::test_download_transcript_uses_auth_header_not_query_param PASSED [100%]

=================================== FAILURES ===================================
__________________ test_all_loops_exit_cleanly_on_stop_event ___________________

daemon_dirs = {'brain': PosixPath('/private/var/folders/5w/zhsc2dw91yn7zjv9wsllmr0w0000gn/T/pytest-of-chrisrobertson/pytest-216/test...ers/5w/zhsc2dw91yn7zjv9wsllmr0w0000gn/T/pytest-of-chrisrobertson/pytest-216/test_all_loops_exit_cleanly_on0/memories')}
monkeypatch = <_pytest.monkeypatch.MonkeyPatch object at 0x11a2bd410>

    async def test_all_loops_exit_cleanly_on_stop_event(daemon_dirs, monkeypatch):
        """All scanner constructors succeed and run_loops exit immediately when stop_event is set.
    
        Mirrors daemon.main(role='full') without signal handlers or chat.start().
        """
        import utils
        utils._reset_config_cache()
    
        memories = daemon_dirs["memories"]
        deploy = daemon_dirs["deploy"]
        brain = daemon_dirs["brain"]
    
        # ── BrowserWatcher: constructor calls SkillExecutor and _load_seen_urls ──
        monkeypatch.setattr("browser_watcher.SkillExecutor", MagicMock(return_value=MagicMock()))
        monkeypatch.setattr("browser_watcher.SEEN_URLS_FILE", deploy / "seen-urls")
    
        # ── CodeScanner: constructor runs three migration methods ─────────────────
        monkeypatch.setattr("code_scanner.MEMORIES_DIR", memories)
        monkeypatch.setattr("code_scanner.DEPLOY_DIR", deploy)
    
        # ── CalendarScanner: constructor runs filename migration via STATE_FILE ───
        monkeypatch.setattr("calendar_scanner.MEMORIES_DIR", memories)
        monkeypatch.setattr("calendar_scanner.DEPLOY_DIR", deploy)
        monkeypatch.setattr("calendar_scanner.STATE_FILE", deploy / "calendar-scanner-state.json")
    
        # ── ProjectInferenceScanner: constructor runs candidate filename migration ─
        monkeypatch.setattr("project_inference_scanner.MEMORIES_DIR", memories)
        monkeypatch.setattr("project_inference_scanner.DEPLOY_DIR", deploy)
    
        # ── QuotaScanner: constructor calls _load_state() which reads STATE_FILE ──
        monkeypatch.setattr("quota_scanner.STATE_FILE", deploy / "quota-scanner-state.json")
    
        # ── TelegramChatHandler: constructor reads config, builds Telegram app ────
        # Use MagicMock for app so synchronous add_handler() calls don't produce
        # "coroutine never awaited" warnings; make only stop/shutdown awaitable.
        mock_app = MagicMock()
        mock_app.bot = MagicMock()
        mock_app.stop = AsyncMock()
        mock_app.shutdown = AsyncMock()
        mock_builder = MagicMock()
        mock_builder.token.return_value = mock_builder
        mock_builder.concurrent_updates.return_value = mock_builder
        mock_builder.build.return_value = mock_app
        monkeypatch.setattr("chat_handler.ApplicationBuilder", MagicMock(return_value=mock_builder))
        monkeypatch.setattr("chat_handler.SkillExecutor", MagicMock(return_value=MagicMock()))
        monkeypatch.setattr("chat_handler.BRAIN_DIR", brain)
        monkeypatch.setattr("chat_handler.DEPLOY_DIR", deploy)
    
        # ── Shared MemoryCache (pass-through for isolation) ───────────────────────
        from memory_cache import MemoryCache
        cache = MemoryCache(deploy / "memory-cache.sqlite", memories, enabled=True)
    
        # ── Tier-1: always-on scanners ────────────────────────────────────────────
        from browser_watcher import BrowserWatcher
        from calendar_scanner import CalendarScanner
        from code_scanner import CodeScanner
        from email_scanner import EmailScanner
        from notes_scanner import NotesScanner
        from slack_scanner import SlackScanner
    
        watcher = BrowserWatcher(role="full", cache=cache)
        code_scanner = CodeScanner(role="full")
        email_scanner = EmailScanner(role="full")
        calendar_scanner = CalendarScanner(role="full")
        notes_scanner = NotesScanner(role="full")
        slack_scanner = SlackScanner(role="full")
    
        # ── Tier-2: full-node scanners ────────────────────────────────────────────
        from circle_sync_scanner import CircleSyncScanner
        from commitment_tracker import CommitmentTracker
        from contact_tracker import ContactTracker
        from goal_project_agent import GoalProjectAgent
        from index_builder import IndexBuilder
        from notification_manager import NotificationManager
        from project_inference_scanner import ProjectInferenceScanner
        from quota_scanner import QuotaScanner
        from report_scheduler import ReportScheduler
        from skill_optimizer import SkillOptimizer
        from synthesis_scanner import SynthesisScanner
        from zoom_scanner import ZoomScanner
    
        optimizer = SkillOptimizer(FAKE_CONFIG)
        indexer = IndexBuilder(cache=cache)
        zoom_scanner = ZoomScanner(role="full")
        commitment_tracker = CommitmentTracker(role="full", cache=cache)
        contact_tracker = ContactTracker(role="full", cache=cache)
        project_inference_scanner = ProjectInferenceScanner(role="full", cache=cache)
        goal_agent = GoalProjectAgent(role="full", cache=cache)
        synthesis_scanner = SynthesisScanner(role="full", cache=cache)
        quota_scanner = QuotaScanner(deploy, FAKE_CONFIG, "full")
        circle_sync_scanner = CircleSyncScanner(role="full", cache=cache)
    
        # TelegramChatHandler: instantiated last so scanners_dict is fully populated
        from chat_handler import TelegramChatHandler
        scanners_dict = {
            "readings": watcher,
            "email": email_scanner,
            "zoom": zoom_scanner,
            "calendar": calendar_scanner,
            "notes": notes_scanner,
            "slack": slack_scanner,
            "code": code_scanner,
            "quota_scanner": quota_scanner,
        }
        chat = TelegramChatHandler(scanners=scanners_dict, cache=cache)
    
        notification_mgr = NotificationManager(
            bot=mock_app.bot,
            deploy_dir=deploy,
            transports=[],
            cache=cache,
        )
        report_scheduler = ReportScheduler(
            config=FAKE_CONFIG,
            bot=MagicMock(),
            chat_id_getter=lambda: None,
            deploy_dir=deploy,
            cache=cache,
        )
    
        # ── Inline cache_sweep_loop (mirrors daemon.main()) ──────────────────────
        async def cache_sweep_loop(stop_event: asyncio.Event) -> None:
            while not stop_event.is_set():
                await cache.sweep()
                try:
                    await asyncio.wait_for(stop_event.wait(), timeout=60)
                except asyncio.TimeoutError:
                    pass
    
        # ── Task list mirrors daemon.main(role='full') ────────────────────────────
        tasks = [
            # Tier 1
            watcher.run_loop,
            code_scanner.run_loop,
            email_scanner.run_loop,
            calendar_scanner.run_loop,
            notes_scanner.run_loop,
            slack_scanner.run_loop,
            # Tier 2
            chat.poll_loop,
            optimizer.run_loop,
            optimizer.run_urgent_loop,
            indexer.run_loop,
            zoom_scanner.run_loop,
            commitment_tracker.run_loop,
            contact_tracker.run_loop,
            notification_mgr.run_loop,
            report_scheduler.run_loop,
            project_inference_scanner.run_loop,
            goal_agent.run_loop,
            synthesis_scanner.run_loop,
            cache_sweep_loop,
            quota_scanner.run_loop,
            circle_sync_scanner.run_loop,
        ]
    
        # ── Pre-set stop_event so every while loop exits on first check ───────────
        stop_event = asyncio.Event()
        stop_event.set()
    
        results = await asyncio.wait_for(
            asyncio.gather(*[t(stop_event) for t in tasks], return_exceptions=True),
            timeout=10.0,
        )
    
        errors = [r for r in results if isinstance(r, Exception)]
>       assert not errors, (
            f"{len(errors)} task loop(s) raised exceptions on startup:\n"
            + "\n".join(f"  {type(e).__name__}: {e}" for e in errors)
        )
E       AssertionError: 1 task loop(s) raised exceptions on startup:
E           TimeoutError: [Errno 60] Operation timed out
E       assert not [TimeoutError(60, 'Operation timed out')]

tests/integration/test_daemon_lifecycle.py:246: AssertionError
------------------------------ Captured log call -------------------------------
WARNING  utils:utils.py:95 config.yaml read failed: [Errno 60] Operation timed out; serving cached config
WARNING  chat-handler:chat_handler.py:740 Failed to load chat history — starting fresh
WARNING  utils:utils.py:95 config.yaml read failed: [Errno 60] Operation timed out; serving cached config
WARNING  utils:utils.py:95 config.yaml read failed: [Errno 60] Operation timed out; serving cached config
WARNING  utils:utils.py:95 config.yaml read failed: [Errno 60] Operation timed out; serving cached config
WARNING  utils:utils.py:95 config.yaml read failed: [Errno 60] Operation timed out; serving cached config
WARNING  utils:utils.py:95 config.yaml read failed: [Errno 60] Operation timed out; serving cached config
WARNING  utils:utils.py:95 config.yaml read failed: [Errno 60] Operation timed out; serving cached config
WARNING  utils:utils.py:95 config.yaml read failed: [Errno 60] Operation timed out; serving cached config
WARNING  utils:utils.py:95 config.yaml read failed: [Errno 60] Operation timed out; serving cached config
WARNING  utils:utils.py:95 config.yaml read failed: [Errno 60] Operation timed out; serving cached config
WARNING  circle-sync:circle_sync_scanner.py:102 Circle sync: failed to load config: [Errno 60] Operation timed out
_______________ test_reclassification_writes_classifier_version ________________

tmp_path = PosixPath('/private/var/folders/5w/zhsc2dw91yn7zjv9wsllmr0w0000gn/T/pytest-of-chrisrobertson/pytest-216/test_reclassification_writes_c0')

    def test_reclassification_writes_classifier_version(tmp_path):
        """After reclassifying a thread with an old classifier_version, the new memory file
        must contain the current CLASSIFIER_VERSION in its frontmatter.
        """
        import asyncio as _asyncio
    
        memories_dir = tmp_path / "memories"
        memories_dir.mkdir()
    
        thread = make_thread(
            subject="Fw: REMINDER: OCI",
            conv_id=54321,
            message_count=1,
            last_message="2026-04-27T16:21:46",
            participants=[{"name": "Kurt Binder", "email": "kbinder@arlo.com"}],
        )
    
        state_file = tmp_path / "state.json"
        state_file.write_text(json.dumps({"high_water_rowid": 0}))
    
        scanner = EmailScanner()
    
        # Determine the canonical path the scanner would use for this thread
        with patch.object(es, "MEMORIES_DIR", memories_dir):
            memory_file = scanner._memory_path(thread)
    
        # Write a pre-#98 file at that path: classified as transactional, no classifier_version
        memory_file.write_text(
            "---\n"
            "source_title: 'Fw: REMINDER: OCI'\n"
            "summary: Old summary.\n"
            "classification: transactional\n"
            "message_count: 1\n"
            "last_message: '2026-04-27T16:21:46'\n"
            "---\n\nOld content.\n"
        )
    
        mock_source = MagicMock()
        mock_source.get_threads_since.return_value = ([thread], 99)
    
        with patch.object(es, "MEMORIES_DIR", memories_dir), \
             patch.object(es, "STATE_FILE", state_file), \
             patch.object(es, "CONFIG_PATH", tmp_path / "config.yaml"), \
             patch.object(scanner, "_get_data_source", return_value=mock_source), \
             patch("litellm.acompletion", new_callable=AsyncMock) as mock_llm:
    
            (tmp_path / "config.yaml").write_text(
                "email_scanner:\n  archive_after_days: 90\n  initial_lookback_days: 30\n"
                "  skip_mailboxes: []\n"
            )
            mock_llm.return_value = MagicMock(
                choices=[MagicMock(message=MagicMock(content=(
                    "SUMMARY: Forwarded OCI reminder.\n"
                    "TAGS: oci, centroid\n"
                    "CLASSIFICATION: human"
                )))],
                usage=None,
            )
            _asyncio.run(scanner._run_scan())
    
        # LLM must have been called (reclassification triggered)
>       mock_llm.assert_called_once()

tests/unit/test_email_scanner.py:1026: 
_ _ _ _ _ _ _ _ _ _ _ _ _ _ _ _ _ _ _ _ _ _ _ _ _ _ _ _ _ _ _ _ _ _ _ _ _ _ _ _ 

self = <AsyncMock name='acompletion' id='4725397136'>

    def assert_called_once(self):
        """assert that the mock was called only once.
        """
        if not self.call_count == 1:
            msg = ("Expected '%s' to have been called once. Called %s times.%s"
                   % (self._mock_name or 'mock',
                      self.call_count,
                      self._calls_repr()))
>           raise AssertionError(msg)
E           AssertionError: Expected 'acompletion' to have been called once. Called 0 times.

/opt/homebrew/Cellar/python@3.11/3.11.16/Frameworks/Python.framework/Versions/3.11/lib/python3.11/unittest/mock.py:918: AssertionError
------------------------------ Captured log call -------------------------------
INFO     email-scanner:email_scanner.py:615 Processing 1 email thread(s)
INFO     email-scanner:email_scanner.py:843 Found 1 stale email memory file(s) to reclassify
____________________ test_reclassification_incremental_path ____________________

tmp_path = PosixPath('/private/var/folders/5w/zhsc2dw91yn7zjv9wsllmr0w0000gn/T/pytest-of-chrisrobertson/pytest-216/test_reclassification_incremen0')

    def test_reclassification_incremental_path(tmp_path):
        """Stale memories must be reclassified even when get_threads_updated_since
        returns no new rows for those threads (the normal incremental-scan case).
    
        Before this fix, the reclassification pass only ran inside the main thread
        loop, which is never entered for threads absent from the incremental result
        set — leaving misclassified files untouched indefinitely.
        """
        import asyncio as _asyncio
    
        memories_dir = tmp_path / "memories"
        memories_dir.mkdir()
    
        state_file = tmp_path / "state.json"
        # Nonzero high-water → scanner uses get_threads_updated_since (incremental path)
        state_file.write_text(json.dumps({"high_water_rowid": 50}))
    
        scanner = EmailScanner()
    
        # A stale memory file with no classifier_version (pre-PR-#98 format)
        stale_path = memories_dir / "email-thread-fw-reminder-oci-54321.md"
        stale_path.write_text(
            "---\n"
            "source_title: 'Fw: REMINDER: OCI'\n"
            "summary: Old summary from OCI reminder.\n"
            "classification: transactional\n"
            "message_count: 1\n"
            "last_message: '2026-04-27T16:21:46'\n"
            "first_message: '2026-04-27T16:21:46'\n"
            "conversation_id: 54321\n"
            "participants:\n"
            "  - {name: Kurt Binder, email: kbinder@arlo.com}\n"
            "---\n\nOld content.\n"
        )
    
        mock_source = MagicMock()
        # Incremental scan returns no new threads for this stale file's conversation
        mock_source.get_threads_updated_since.return_value = ([], 50)
    
        with patch.object(es, "MEMORIES_DIR", memories_dir), \
             patch.object(es, "STATE_FILE", state_file), \
             patch.object(es, "CONFIG_PATH", tmp_path / "config.yaml"), \
             patch.object(scanner, "_get_data_source", return_value=mock_source), \
             patch("litellm.acompletion", new_callable=AsyncMock) as mock_llm:
    
            (tmp_path / "config.yaml").write_text(
                "email_scanner:\n  archive_after_days: 90\n  initial_lookback_days: 30\n"
                "  skip_mailboxes: []\n"
            )
            mock_llm.return_value = MagicMock(
                choices=[MagicMock(message=MagicMock(content=(
                    "SUMMARY: Forwarded OCI reminder.\n"
                    "TAGS: oci, centroid\n"
                    "CLASSIFICATION: human"
                )))],
                usage=None,
            )
            _asyncio.run(scanner._run_scan())
    
        # Confirm we took the incremental path (not the full-scan path)
        mock_source.get_threads_updated_since.assert_called_once()
        mock_source.get_threads_since.assert_not_called()
    
        # LLM must have been called by the stale-memories reclassification pass
>       mock_llm.assert_called_once()

tests/unit/test_email_scanner.py:1098: 
_ _ _ _ _ _ _ _ _ _ _ _ _ _ _ _ _ _ _ _ _ _ _ _ _ _ _ _ _ _ _ _ _ _ _ _ _ _ _ _ 

self = <AsyncMock name='acompletion' id='4728135248'>

    def assert_called_once(self):
        """assert that the mock was called only once.
        """
        if not self.call_count == 1:
            msg = ("Expected '%s' to have been called once. Called %s times.%s"
                   % (self._mock_name or 'mock',
                      self.call_count,
                      self._calls_repr()))
>           raise AssertionError(msg)
E           AssertionError: Expected 'acompletion' to have been called once. Called 0 times.

/opt/homebrew/Cellar/python@3.11/3.11.16/Frameworks/Python.framework/Versions/3.11/lib/python3.11/unittest/mock.py:918: AssertionError
------------------------------ Captured log call -------------------------------
INFO     email-scanner:email_scanner.py:843 Found 1 stale email memory file(s) to reclassify
_______________ test_reclassification_preserves_messages_section _______________

tmp_path = PosixPath('/private/var/folders/5w/zhsc2dw91yn7zjv9wsllmr0w0000gn/T/pytest-of-chrisrobertson/pytest-216/test_reclassification_preserve0')

    def test_reclassification_preserves_messages_section(tmp_path):
        """Reclassifying a stale file must keep its original ## Messages content intact.
    
        Before this fix, `_reclassify_stale_memories` passed `[summary]` as the
        messages list, causing _write_memory to overwrite the ## Messages section with
        a single summary string and losing the full message history.
        """
        import asyncio as _asyncio
    
        memories_dir = tmp_path / "memories"
        memories_dir.mkdir()
    
        state_file = tmp_path / "state.json"
        state_file.write_text(json.dumps({"high_water_rowid": 50}))
    
        scanner = EmailScanner()
    
        original_messages = [
            "2026-04-01 Alice Sender: Please review the attached proposal.",
            "2026-04-02 Bob Reply: Looks good, I approve.",
        ]
        msg_block = "\n".join(f"- {m}" for m in original_messages)
    
        stale_path = memories_dir / "email-thread-proposal-review-77777.md"
        stale_path.write_text(
            "---\n"
            "source_title: 'Proposal Review'\n"
            "summary: Old summary about proposal.\n"
            "classification: transactional\n"
            "message_count: 2\n"
            "last_message: '2026-04-02T10:00:00'\n"
            "first_message: '2026-04-01T09:00:00'\n"
            "conversation_id: 77777\n"
            "participants:\n"
            "  - {name: Alice Sender, email: alice@example.com}\n"
            "---\n\n"
            f"## Messages\n{msg_block}\n\n"
            "## Context\nOld summary about proposal.\n"
        )
    
        mock_source = MagicMock()
        mock_source.get_threads_updated_since.return_value = ([], 50)
    
        with patch.object(es, "MEMORIES_DIR", memories_dir), \
             patch.object(es, "STATE_FILE", state_file), \
             patch.object(es, "CONFIG_PATH", tmp_path / "config.yaml"), \
             patch.object(scanner, "_get_data_source", return_value=mock_source), \
             patch("litellm.acompletion", new_callable=AsyncMock) as mock_llm:
    
            (tmp_path / "config.yaml").write_text(
                "email_scanner:\n  archive_after_days: 90\n  initial_lookback_days: 30\n"
                "  skip_mailboxes: []\n"
            )
            mock_llm.return_value = MagicMock(
                choices=[MagicMock(message=MagicMock(content=(
                    "SUMMARY: Updated proposal review summary.\n"
                    "TAGS: proposal, review\n"
                    "CLASSIFICATION: human"
                )))],
                usage=None,
            )
            _asyncio.run(scanner._run_scan())
    
        rewritten = stale_path.read_text()
        # Both original message lines must survive in the ## Messages section
        assert "2026-04-01 Alice Sender: Please review the attached proposal." in rewritten
        assert "2026-04-02 Bob Reply: Looks good, I approve." in rewritten
    
        # Classification must be updated
        fm = _parse_frontmatter(rewritten)
>       assert fm.get("classifier_version") == CLASSIFIER_VERSION
E       AssertionError: assert None == 2
E        +  where None = <built-in method get of dict object at 0x119adc8c0>('classifier_version')
E        +    where <built-in method get of dict object at 0x119adc8c0> = {'classification': 'transactional', 'conversation_id': 77777, 'first_message': '2026-04-01T09:00:00', 'last_message': '2026-04-02T10:00:00', ...}.get

tests/unit/test_email_scanner.py:1213: AssertionError
------------------------------ Captured log call -------------------------------
INFO     email-scanner:email_scanner.py:843 Found 1 stale email memory file(s) to reclassify
____________________ test_stale_queue_drained_across_cycles ____________________

tmp_path = PosixPath('/private/var/folders/5w/zhsc2dw91yn7zjv9wsllmr0w0000gn/T/pytest-of-chrisrobertson/pytest-216/test_stale_queue_drained_acros0')

    def test_stale_queue_drained_across_cycles(tmp_path):
        """When state already has reclassify_classifier_version == CLASSIFIER_VERSION
        and a pre-populated stale_queue, the second cycle drains from the queue
        without re-globbing (verified indirectly: the file is reclassified and the
        queue is empty afterwards, even though the file's classifier_version does
        not match so a glob-rescan would have found it)."""
        import asyncio as _asyncio
    
        memories_dir = tmp_path / "memories"
        memories_dir.mkdir()
    
        stale_path = memories_dir / "email-thread-queued-22222.md"
        stale_path.write_text(
            "---\n"
            "source_title: 'Queued Thread'\n"
            "summary: Summary.\n"
            "classification: unknown\n"
            "message_count: 1\n"
            "last_message: '2026-04-10T10:00:00'\n"
            "first_message: '2026-04-10T10:00:00'\n"
            "conversation_id: 22222\n"
            "---\n\n## Messages\n- 2026-04-10 Bob: Test\n\n## Context\nSummary.\n"
        )
    
        # State from the previous cycle: version matches but queue still has one entry.
        state_file = tmp_path / "state.json"
        state_file.write_text(json.dumps({
            "high_water_rowid": 10,
            "reclassify_classifier_version": CLASSIFIER_VERSION,
            "stale_queue": [str(stale_path)],
        }))
    
        scanner = EmailScanner()
        mock_source = MagicMock()
        mock_source.get_threads_updated_since.return_value = ([], 10)
    
        with patch.object(es, "MEMORIES_DIR", memories_dir), \
             patch.object(es, "STATE_FILE", state_file), \
             patch.object(es, "CONFIG_PATH", tmp_path / "config.yaml"), \
             patch.object(scanner, "_get_data_source", return_value=mock_source), \
             patch("litellm.acompletion", new_callable=AsyncMock) as mock_llm:
    
            (tmp_path / "config.yaml").write_text(
                "email_scanner:\n  archive_after_days: 90\n  initial_lookback_days: 30\n"
                "  skip_mailboxes: []\n"
            )
            mock_llm.return_value = MagicMock(
                choices=[MagicMock(message=MagicMock(content=(
                    "SUMMARY: Done.\nTAGS: done\nCLASSIFICATION: human"
                )))],
                usage=None,
            )
            _asyncio.run(scanner._run_scan())
    
        # File was reclassified from queue
>       mock_llm.assert_called_once()

tests/unit/test_email_scanner.py:1325: 
_ _ _ _ _ _ _ _ _ _ _ _ _ _ _ _ _ _ _ _ _ _ _ _ _ _ _ _ _ _ _ _ _ _ _ _ _ _ _ _ 

self = <AsyncMock name='acompletion' id='4730411280'>

    def assert_called_once(self):
        """assert that the mock was called only once.
        """
        if not self.call_count == 1:
            msg = ("Expected '%s' to have been called once. Called %s times.%s"
                   % (self._mock_name or 'mock',
                      self.call_count,
                      self._calls_repr()))
>           raise AssertionError(msg)
E           AssertionError: Expected 'acompletion' to have been called once. Called 0 times.

/opt/homebrew/Cellar/python@3.11/3.11.16/Frameworks/Python.framework/Versions/3.11/lib/python3.11/unittest/mock.py:918: AssertionError
________________________ test_no_send_when_chat_id_null ________________________

tmp_path = PosixPath('/private/var/folders/5w/zhsc2dw91yn7zjv9wsllmr0w0000gn/T/pytest-of-chrisrobertson/pytest-216/test_no_send_when_chat_id_null0')

    def test_no_send_when_chat_id_null(tmp_path):
        """send_message not called when chat_id is None."""
        memories_dir = tmp_path / "memories"
        memories_dir.mkdir()
        state_file = tmp_path / "notification-state.json"
        state_file.write_text(json.dumps({"chat_id": None}))
    
        bot_mock = AsyncMock()
        with patch.object(nm, "STATE_FILE", state_file):
            mgr = NotificationManager(bot=bot_mock, cache=_make_cache(memories_dir))
            asyncio.run(mgr.send_message("Test"))
    
>       bot_mock.send_message.assert_not_called()

tests/unit/test_notification_manager.py:151: 
_ _ _ _ _ _ _ _ _ _ _ _ _ _ _ _ _ _ _ _ _ _ _ _ _ _ _ _ _ _ _ _ _ _ _ _ _ _ _ _ 

self = <AsyncMock name='mock.send_message' id='4719559696'>

    def assert_not_called(self):
        """assert that the mock was never called.
        """
        if self.call_count != 0:
            msg = ("Expected '%s' to not have been called. Called %s times.%s"
                   % (self._mock_name or 'mock',
                      self.call_count,
                      self._calls_repr()))
>           raise AssertionError(msg)
E           AssertionError: Expected 'send_message' to not have been called. Called 1 times.
E           Calls: [call(chat_id=999888777, text='Test')].

/opt/homebrew/Cellar/python@3.11/3.11.16/Frameworks/Python.framework/Versions/3.11/lib/python3.11/unittest/mock.py:900: AssertionError
----------------------------- Captured stderr call -----------------------------
2026-09-26 17:59:23,537 [utils] WARNING config.yaml read failed: [Errno 60] Operation timed out; serving cached config
------------------------------ Captured log call -------------------------------
INFO     memory-cache:memory_cache.py:135 MemoryCache in pass-through mode (cache disabled or db_path=None)
WARNING  utils:utils.py:95 config.yaml read failed: [Errno 60] Operation timed out; serving cached config
=============================== warnings summary ===============================
tests/unit/test_chat_handler.py::test_reconnect_loop_does_not_spam_when_summary_already_sent
tests/unit/test_slack_adapter.py::test_start_accepts_stop_event
  /opt/homebrew/Cellar/python@3.11/3.11.16/Frameworks/Python.framework/Versions/3.11/lib/python3.11/unittest/mock.py:2133: RuntimeWarning: coroutine 'Event.wait' was never awaited
    setattr(_type, entry, MagicProxy(entry, self))
  Enable tracemalloc to get traceback where the object was allocated.
  See https://docs.pytest.org/en/stable/how-to/capture-warnings.html#resource-warnings for more info.

tests/unit/test_chat_handler.py::test_reconnect_loop_does_not_spam_when_summary_already_sent
  /private/tmp/claude-501/-Users-chrisrobertson-repos-cr-bazaar-agents/a9d3653d-19ef-4321-a8b7-bbd435b4cbc0/scratchpad/felix-validate/venv/lib/python3.11/site-packages/_pytest/tracemalloc.py:9: RuntimeWarning: coroutine 'Event.wait' was never awaited
    import tracemalloc
  Enable tracemalloc to get traceback where the object was allocated.
  See https://docs.pytest.org/en/stable/how-to/capture-warnings.html#resource-warnings for more info.

tests/unit/test_chat_handler.py::test_pending_tools_present_when_queue_nonempty
  /opt/homebrew/Cellar/python@3.11/3.11.16/Frameworks/Python.framework/Versions/3.11/lib/python3.11/unittest/mock.py:1131: RuntimeWarning: coroutine 'Event.wait' was never awaited
    self.called = True
  Enable tracemalloc to get traceback where the object was allocated.
  See https://docs.pytest.org/en/stable/how-to/capture-warnings.html#resource-warnings for more info.

tests/unit/test_llm_chat_importer.py::test_import_json_file_chatgpt
  /private/tmp/claude-501/-Users-chrisrobertson-repos-cr-bazaar-agents/a9d3653d-19ef-4321-a8b7-bbd435b4cbc0/scratchpad/felix-validate/venv/lib/python3.11/site-packages/yaml/emitter.py:165: RuntimeWarning: coroutine 'Event.wait' was never awaited
    self.state = self.expect_first_document_start
  Enable tracemalloc to get traceback where the object was allocated.
  See https://docs.pytest.org/en/stable/how-to/capture-warnings.html#resource-warnings for more info.

-- Docs: https://docs.pytest.org/en/stable/how-to/capture-warnings.html
=========================== short test summary info ============================
FAILED tests/integration/test_daemon_lifecycle.py::test_all_loops_exit_cleanly_on_stop_event
FAILED tests/unit/test_email_scanner.py::test_reclassification_writes_classifier_version
FAILED tests/unit/test_email_scanner.py::test_reclassification_incremental_path
FAILED tests/unit/test_email_scanner.py::test_reclassification_preserves_messages_section
FAILED tests/unit/test_email_scanner.py::test_stale_queue_drained_across_cycles
FAILED tests/unit/test_notification_manager.py::test_no_send_when_chat_id_null
============ 6 failed, 1874 passed, 5 warnings in 74.20s (0:01:14) =============
